23:10:02 **** Build of configuration Debug for project BSEARCH_FUNCTIONS_F767ZI ****
make -j7 all 
arm-none-eabi-gcc "../Core/Src/shell.c" -mcpu=cortex-m7 -std=gnu17 -g3 -DDEBUG -DUSE_HAL_DRIVER -DSTM32F767xx -c -I../Core/Inc -I../Core/lfs -I../Drivers/STM32F7xx_HAL_Driver/Inc -I../Drivers/STM32F7xx_HAL_Driver/Inc/Legacy -I../Drivers/CMSIS/Device/ST/STM32F7xx/Include -I../Drivers/CMSIS/Include -O0 -ffunction-sections -fdata-sections -Wall -fstack-usage -MMD -MP -MF"Core/Src/shell.d" -MT"Core/Src/shell.o" --specs=nano.specs -mfpu=fpv5-d16 -mfloat-abi=hard -mthumb -o "Core/Src/shell.o"
arm-none-eabi-gcc -o "BSEARCH_FUNCTIONS_F767ZI.elf" @"objects.list"   -mcpu=cortex-m7 -T"/Users/adityasehgal/Documents/GitHub/Learn_STM32/BSEARCH_FUNCTIONS_F767ZI/STM32F767ZITX_FLASH.ld" --specs=nosys.specs -Wl,-Map="BSEARCH_FUNCTIONS_F767ZI.map" -Wl,--gc-sections -static --specs=nano.specs -mfpu=fpv5-d16 -mfloat-abi=hard -mthumb -u _printf_float -u _scanf_float -Wl,--start-group -lc -lm -Wl,--end-group
Finished building target: BSEARCH_FUNCTIONS_F767ZI.elf
 
arm-none-eabi-size   BSEARCH_FUNCTIONS_F767ZI.elf 
arm-none-eabi-objdump -h -S  BSEARCH_FUNCTIONS_F767ZI.elf  > "BSEARCH_FUNCTIONS_F767ZI.list"
arm-none-eabi-objcopy  -O ihex  BSEARCH_FUNCTIONS_F767ZI.elf  "BSEARCH_FUNCTIONS_F767ZI.hex"
arm-none-eabi-objcopy  -O binary  BSEARCH_FUNCTIONS_F767ZI.elf  "BSEARCH_FUNCTIONS_F767ZI.bin"
   text	   data	    bss	    dec	    hex	filename
  41800	    488	   2784	  45072	   b010	BSEARCH_FUNCTIONS_F767ZI.elf
Finished building: default.size.stdout
 
Finished building: BSEARCH_FUNCTIONS_F767ZI.bin
Finished building: BSEARCH_FUNCTIONS_F767ZI.hex
 
 
Finished building: BSEARCH_FUNCTIONS_F767ZI.list
 
23:16:52 **** Incremental Build of configuration Debug for project BSEARCH_FUNCTIONS_F767ZI ****
make -j7 all 
arm-none-eabi-size   BSEARCH_FUNCTIONS_F767ZI.elf 
   text	   data	    bss	    dec	    hex	filename
  41800	    488	   2784	  45072	   b010	BSEARCH_FUNCTIONS_F767ZI.elf
Finished building: default.size.stdout
 
23:24:31 **** Incremental Build of configuration Debug for project BSEARCH_FUNCTIONS_F767ZI ****
make -j7 all 
arm-none-eabi-gcc "../Core/Src/lfs_interface.c" -mcpu=cortex-m7 -std=gnu17 -g3 -DDEBUG -DUSE_HAL_DRIVER -DSTM32F767xx -c -I../Core/Inc -I../Core/lfs -I../Drivers/STM32F7xx_HAL_Driver/Inc -I../Drivers/STM32F7xx_HAL_Driver/Inc/Legacy -I../Drivers/CMSIS/Device/ST/STM32F7xx/Include -I../Drivers/CMSIS/Include -O0 -ffunction-sections -fdata-sections -Wall -fstack-usage -MMD -MP -MF"Core/Src/lfs_interface.d" -MT"Core/Src/lfs_interface.o" --specs=nano.specs -mfpu=fpv5-d16 -mfloat-abi=hard -mthumb -o "Core/Src/lfs_interface.o"
arm-none-eabi-gcc "../Core/Src/shell.c" -mcpu=cortex-m7 -std=gnu17 -g3 -DDEBUG -DUSE_HAL_DRIVER -DSTM32F767xx -c -I../Core/Inc -I../Core/lfs -I../Drivers/STM32F7xx_HAL_Driver/Inc -I../Drivers/STM32F7xx_HAL_Driver/Inc/Legacy -I../Drivers/CMSIS/Device/ST/STM32F7xx/Include -I../Drivers/CMSIS/Include -O0 -ffunction-sections -fdata-sections -Wall -fstack-usage -MMD -MP -MF"Core/Src/shell.d" -MT"Core/Src/shell.o" --specs=nano.specs -mfpu=fpv5-d16 -mfloat-abi=hard -mthumb -o "Core/Src/shell.o"
arm-none-eabi-gcc -o "BSEARCH_FUNCTIONS_F767ZI.elf" @"objects.list"   -mcpu=cortex-m7 -T"/Users/adityasehgal/Documents/GitHub/Learn_STM32/BSEARCH_FUNCTIONS_F767ZI/STM32F767ZITX_FLASH.ld" --specs=nosys.specs -Wl,-Map="BSEARCH_FUNCTIONS_F767ZI.map" -Wl,--gc-sections -static --specs=nano.specs -mfpu=fpv5-d16 -mfloat-abi=hard -mthumb -u _printf_float -u _scanf_float -Wl,--start-group -lc -lm -Wl,--end-group
Finished building target: BSEARCH_FUNCTIONS_F767ZI.elf
 
arm-none-eabi-size   BSEARCH_FUNCTIONS_F767ZI.elf 
arm-none-eabi-objdump -h -S  BSEARCH_FUNCTIONS_F767ZI.elf  > "BSEARCH_FUNCTIONS_F767ZI.list"
arm-none-eabi-objcopy  -O ihex  BSEARCH_FUNCTIONS_F767ZI.elf  "BSEARCH_FUNCTIONS_F767ZI.hex"
arm-none-eabi-objcopy  -O binary  BSEARCH_FUNCTIONS_F767ZI.elf  "BSEARCH_FUNCTIONS_F767ZI.bin"
   text	   data	    bss	    dec	    hex	filename
  41800	    488	   2784	  45072	   b010	BSEARCH_FUNCTIONS_F767ZI.elf
Finished building: default.size.stdout
 
Finished building: BSEARCH_FUNCTIONS_F767ZI.bin
Finished building: BSEARCH_FUNCTIONS_F767ZI.hex
 
 
Finished building: BSEARCH_FUNCTIONS_F767ZI.list
 
23:26:32 **** Incremental Build of configuration Debug for project BSEARCH_FUNCTIONS_F767ZI ****
make -j7 all 
arm-none-eabi-gcc "../Core/Src/lfs_interface.c" -mcpu=cortex-m7 -std=gnu17 -g3 -DDEBUG -DUSE_HAL_DRIVER -DSTM32F767xx -c -I../Core/Inc -I../Core/lfs -I../Drivers/STM32F7xx_HAL_Driver/Inc -I../Drivers/STM32F7xx_HAL_Driver/Inc/Legacy -I../Drivers/CMSIS/Device/ST/STM32F7xx/Include -I../Drivers/CMSIS/Include -O0 -ffunction-sections -fdata-sections -Wall -fstack-usage -MMD -MP -MF"Core/Src/lfs_interface.d" -MT"Core/Src/lfs_interface.o" --specs=nano.specs -mfpu=fpv5-d16 -mfloat-abi=hard -mthumb -o "Core/Src/lfs_interface.o"
arm-none-eabi-gcc "../Core/Src/shell.c" -mcpu=cortex-m7 -std=gnu17 -g3 -DDEBUG -DUSE_HAL_DRIVER -DSTM32F767xx -c -I../Core/Inc -I../Core/lfs -I../Drivers/STM32F7xx_HAL_Driver/Inc -I../Drivers/STM32F7xx_HAL_Driver/Inc/Legacy -I../Drivers/CMSIS/Device/ST/STM32F7xx/Include -I../Drivers/CMSIS/Include -O0 -ffunction-sections -fdata-sections -Wall -fstack-usage -MMD -MP -MF"Core/Src/shell.d" -MT"Core/Src/shell.o" --specs=nano.specs -mfpu=fpv5-d16 -mfloat-abi=hard -mthumb -o "Core/Src/shell.o"
arm-none-eabi-gcc -o "BSEARCH_FUNCTIONS_F767ZI.elf" @"objects.list"   -mcpu=cortex-m7 -T"/Users/adityasehgal/Documents/GitHub/Learn_STM32/BSEARCH_FUNCTIONS_F767ZI/STM32F767ZITX_FLASH.ld" --specs=nosys.specs -Wl,-Map="BSEARCH_FUNCTIONS_F767ZI.map" -Wl,--gc-sections -static --specs=nano.specs -mfpu=fpv5-d16 -mfloat-abi=hard -mthumb -u _printf_float -u _scanf_float -Wl,--start-group -lc -lm -Wl,--end-group
Finished building target: BSEARCH_FUNCTIONS_F767ZI.elf
 
arm-none-eabi-size   BSEARCH_FUNCTIONS_F767ZI.elf 
arm-none-eabi-objdump -h -S  BSEARCH_FUNCTIONS_F767ZI.elf  > "BSEARCH_FUNCTIONS_F767ZI.list"
arm-none-eabi-objcopy  -O ihex  BSEARCH_FUNCTIONS_F767ZI.elf  "BSEARCH_FUNCTIONS_F767ZI.hex"
arm-none-eabi-objcopy  -O binary  BSEARCH_FUNCTIONS_F767ZI.elf  "BSEARCH_FUNCTIONS_F767ZI.bin"
   text	   data	    bss	    dec	    hex	filename
  41800	    488	   2784	  45072	   b010	BSEARCH_FUNCTIONS_F767ZI.elf
Finished building: default.size.stdout
 
Finished building: BSEARCH_FUNCTIONS_F767ZI.bin
Finished building: BSEARCH_FUNCTIONS_F767ZI.hex
 
 
Finished building: BSEARCH_FUNCTIONS_F767ZI.list
 
23:27:48 **** Incremental Build of configuration Debug for project BSEARCH_FUNCTIONS_F767ZI ****
make -j7 all 
arm-none-eabi-gcc "../Core/Src/lfs_interface.c" -mcpu=cortex-m7 -std=gnu17 -g3 -DDEBUG -DUSE_HAL_DRIVER -DSTM32F767xx -c -I../Core/Inc -I../Core/lfs -I../Drivers/STM32F7xx_HAL_Driver/Inc -I../Drivers/STM32F7xx_HAL_Driver/Inc/Legacy -I../Drivers/CMSIS/Device/ST/STM32F7xx/Include -I../Drivers/CMSIS/Include -O0 -ffunction-sections -fdata-sections -Wall -fstack-usage -MMD -MP -MF"Core/Src/lfs_interface.d" -MT"Core/Src/lfs_interface.o" --specs=nano.specs -mfpu=fpv5-d16 -mfloat-abi=hard -mthumb -o "Core/Src/lfs_interface.o"
arm-none-eabi-gcc -o "BSEARCH_FUNCTIONS_F767ZI.elf" @"objects.list"   -mcpu=cortex-m7 -T"/Users/adityasehgal/Documents/GitHub/Learn_STM32/BSEARCH_FUNCTIONS_F767ZI/STM32F767ZITX_FLASH.ld" --specs=nosys.specs -Wl,-Map="BSEARCH_FUNCTIONS_F767ZI.map" -Wl,--gc-sections -static --specs=nano.specs -mfpu=fpv5-d16 -mfloat-abi=hard -mthumb -u _printf_float -u _scanf_float -Wl,--start-group -lc -lm -Wl,--end-group
Finished building target: BSEARCH_FUNCTIONS_F767ZI.elf
 
arm-none-eabi-size   BSEARCH_FUNCTIONS_F767ZI.elf 
arm-none-eabi-objdump -h -S  BSEARCH_FUNCTIONS_F767ZI.elf  > "BSEARCH_FUNCTIONS_F767ZI.list"
arm-none-eabi-objcopy  -O ihex  BSEARCH_FUNCTIONS_F767ZI.elf  "BSEARCH_FUNCTIONS_F767ZI.hex"
arm-none-eabi-objcopy  -O binary  BSEARCH_FUNCTIONS_F767ZI.elf  "BSEARCH_FUNCTIONS_F767ZI.bin"
   text	   data	    bss	    dec	    hex	filename
  41800	    488	   2784	  45072	   b010	BSEARCH_FUNCTIONS_F767ZI.elf
Finished building: default.size.stdout
 
Finished building: BSEARCH_FUNCTIONS_F767ZI.bin
Finished building: BSEARCH_FUNCTIONS_F767ZI.hex
 
 
Finished building: BSEARCH_FUNCTIONS_F767ZI.list
 
23:30:49 **** Incremental Build of configuration Debug for project BSEARCH_FUNCTIONS_F767ZI ****
make -j7 all 
arm-none-eabi-gcc "../Core/Src/lfs_interface.c" -mcpu=cortex-m7 -std=gnu17 -g3 -DDEBUG -DUSE_HAL_DRIVER -DSTM32F767xx -c -I../Core/Inc -I../Core/lfs -I../Drivers/STM32F7xx_HAL_Driver/Inc -I../Drivers/STM32F7xx_HAL_Driver/Inc/Legacy -I../Drivers/CMSIS/Device/ST/STM32F7xx/Include -I../Drivers/CMSIS/Include -O0 -ffunction-sections -fdata-sections -Wall -fstack-usage -MMD -MP -MF"Core/Src/lfs_interface.d" -MT"Core/Src/lfs_interface.o" --specs=nano.specs -mfpu=fpv5-d16 -mfloat-abi=hard -mthumb -o "Core/Src/lfs_interface.o"
arm-none-eabi-gcc "../Core/Src/shell.c" -mcpu=cortex-m7 -std=gnu17 -g3 -DDEBUG -DUSE_HAL_DRIVER -DSTM32F767xx -c -I../Core/Inc -I../Core/lfs -I../Drivers/STM32F7xx_HAL_Driver/Inc -I../Drivers/STM32F7xx_HAL_Driver/Inc/Legacy -I../Drivers/CMSIS/Device/ST/STM32F7xx/Include -I../Drivers/CMSIS/Include -O0 -ffunction-sections -fdata-sections -Wall -fstack-usage -MMD -MP -MF"Core/Src/shell.d" -MT"Core/Src/shell.o" --specs=nano.specs -mfpu=fpv5-d16 -mfloat-abi=hard -mthumb -o "Core/Src/shell.o"
../Core/Src/shell.c: In function 'shellHELP':
../Core/Src/shell.c:130:43: error: expected ')' before ';' token
  130 |  nameLen = strlen((char*) commands[0].name;);
      |                                           ^
      |                                           )
../Core/Src/shell.c:130:2: warning: unused variable 'nameLen' [-Wunused-variable]
  130 |  nameLen = strlen((char*) commands[0].name;);
      |  ^~~~~~~
../Core/Src/shell.c:128:11: warning: unused variable 'numCmds' [-Wunused-variable]
  128 |  uint32_t numCmds = sizeof(commands) / sizeof(struct shellCommand_t);
      |           ^~~~~~~
make: *** [Core/Src/subdir.mk:61: Core/Src/shell.o] Error 1
make: *** Waiting for unfinished jobs....
"make -j7 all" terminated with exit code 2. Build might be incomplete.
23:30:54 **** Incremental Build of configuration Debug for project BSEARCH_FUNCTIONS_F767ZI ****
make -j7 all 
arm-none-eabi-gcc "../Core/Src/shell.c" -mcpu=cortex-m7 -std=gnu17 -g3 -DDEBUG -DUSE_HAL_DRIVER -DSTM32F767xx -c -I../Core/Inc -I../Core/lfs -I../Drivers/STM32F7xx_HAL_Driver/Inc -I../Drivers/STM32F7xx_HAL_Driver/Inc/Legacy -I../Drivers/CMSIS/Device/ST/STM32F7xx/Include -I../Drivers/CMSIS/Include -O0 -ffunction-sections -fdata-sections -Wall -fstack-usage -MMD -MP -MF"Core/Src/shell.d" -MT"Core/Src/shell.o" --specs=nano.specs -mfpu=fpv5-d16 -mfloat-abi=hard -mthumb -o "Core/Src/shell.o"
../Core/Src/shell.c: In function 'shellHELP':
../Core/Src/shell.c:130:2: warning: unused variable 'nameLen' [-Wunused-variable]
  130 |  nameLen = strlen((char*) commands[0].name);
      |  ^~~~~~~
../Core/Src/shell.c:128:11: warning: unused variable 'numCmds' [-Wunused-variable]
  128 |  uint32_t numCmds = sizeof(commands) / sizeof(struct shellCommand_t);
      |           ^~~~~~~
arm-none-eabi-gcc -o "BSEARCH_FUNCTIONS_F767ZI.elf" @"objects.list"   -mcpu=cortex-m7 -T"/Users/adityasehgal/Documents/GitHub/Learn_STM32/BSEARCH_FUNCTIONS_F767ZI/STM32F767ZITX_FLASH.ld" --specs=nosys.specs -Wl,-Map="BSEARCH_FUNCTIONS_F767ZI.map" -Wl,--gc-sections -static --specs=nano.specs -mfpu=fpv5-d16 -mfloat-abi=hard -mthumb -u _printf_float -u _scanf_float -Wl,--start-group -lc -lm -Wl,--end-group
Finished building target: BSEARCH_FUNCTIONS_F767ZI.elf
 
arm-none-eabi-size   BSEARCH_FUNCTIONS_F767ZI.elf 
arm-none-eabi-objdump -h -S  BSEARCH_FUNCTIONS_F767ZI.elf  > "BSEARCH_FUNCTIONS_F767ZI.list"
arm-none-eabi-objcopy  -O ihex  BSEARCH_FUNCTIONS_F767ZI.elf  "BSEARCH_FUNCTIONS_F767ZI.hex"
arm-none-eabi-objcopy  -O binary  BSEARCH_FUNCTIONS_F767ZI.elf  "BSEARCH_FUNCTIONS_F767ZI.bin"
   text	   data	    bss	    dec	    hex	filename
  41808	    488	   2784	  45080	   b018	BSEARCH_FUNCTIONS_F767ZI.elf
Finished building: default.size.stdout
 
Finished building: BSEARCH_FUNCTIONS_F767ZI.bin
Finished building: BSEARCH_FUNCTIONS_F767ZI.hex
 
 
Finished building: BSEARCH_FUNCTIONS_F767ZI.list
 
23:31:35 **** Incremental Build of configuration Debug for project BSEARCH_FUNCTIONS_F767ZI ****
make -j7 all 
arm-none-eabi-gcc "../Core/Src/shell.c" -mcpu=cortex-m7 -std=gnu17 -g3 -DDEBUG -DUSE_HAL_DRIVER -DSTM32F767xx -c -I../Core/Inc -I../Core/lfs -I../Drivers/STM32F7xx_HAL_Driver/Inc -I../Drivers/STM32F7xx_HAL_Driver/Inc/Legacy -I../Drivers/CMSIS/Device/ST/STM32F7xx/Include -I../Drivers/CMSIS/Include -O0 -ffunction-sections -fdata-sections -Wall -fstack-usage -MMD -MP -MF"Core/Src/shell.d" -MT"Core/Src/shell.o" --specs=nano.specs -mfpu=fpv5-d16 -mfloat-abi=hard -mthumb -o "Core/Src/shell.o"
arm-none-eabi-gcc -o "BSEARCH_FUNCTIONS_F767ZI.elf" @"objects.list"   -mcpu=cortex-m7 -T"/Users/adityasehgal/Documents/GitHub/Learn_STM32/BSEARCH_FUNCTIONS_F767ZI/STM32F767ZITX_FLASH.ld" --specs=nosys.specs -Wl,-Map="BSEARCH_FUNCTIONS_F767ZI.map" -Wl,--gc-sections -static --specs=nano.specs -mfpu=fpv5-d16 -mfloat-abi=hard -mthumb -u _printf_float -u _scanf_float -Wl,--start-group -lc -lm -Wl,--end-group
Finished building target: BSEARCH_FUNCTIONS_F767ZI.elf
 
arm-none-eabi-size   BSEARCH_FUNCTIONS_F767ZI.elf 
arm-none-eabi-objdump -h -S  BSEARCH_FUNCTIONS_F767ZI.elf  > "BSEARCH_FUNCTIONS_F767ZI.list"
arm-none-eabi-objcopy  -O ihex  BSEARCH_FUNCTIONS_F767ZI.elf  "BSEARCH_FUNCTIONS_F767ZI.hex"
arm-none-eabi-objcopy  -O binary  BSEARCH_FUNCTIONS_F767ZI.elf  "BSEARCH_FUNCTIONS_F767ZI.bin"
   text	   data	    bss	    dec	    hex	filename
  42128	    488	   2784	  45400	   b158	BSEARCH_FUNCTIONS_F767ZI.elf
Finished building: default.size.stdout
 
Finished building: BSEARCH_FUNCTIONS_F767ZI.bin
Finished building: BSEARCH_FUNCTIONS_F767ZI.hex
 
 
Finished building: BSEARCH_FUNCTIONS_F767ZI.list
 
23:35:33 **** Incremental Build of configuration Debug for project BSEARCH_FUNCTIONS_F767ZI ****
make -j7 all 
arm-none-eabi-gcc "../Core/Src/shell.c" -mcpu=cortex-m7 -std=gnu17 -g3 -DDEBUG -DUSE_HAL_DRIVER -DSTM32F767xx -c -I../Core/Inc -I../Core/lfs -I../Drivers/STM32F7xx_HAL_Driver/Inc -I../Drivers/STM32F7xx_HAL_Driver/Inc/Legacy -I../Drivers/CMSIS/Device/ST/STM32F7xx/Include -I../Drivers/CMSIS/Include -O0 -ffunction-sections -fdata-sections -Wall -fstack-usage -MMD -MP -MF"Core/Src/shell.d" -MT"Core/Src/shell.o" --specs=nano.specs -mfpu=fpv5-d16 -mfloat-abi=hard -mthumb -o "Core/Src/shell.o"
../Core/Src/shell.c: In function 'shellHELP':
../Core/Src/shell.c:149:38: error: 'cmds' undeclared (first use in this function)
  149 |   int gap = nameLen - strlen((char*) cmds[i].cmdName);
      |                                      ^~~~
../Core/Src/shell.c:149:38: note: each undeclared identifier is reported only once for each function it appears in
make: *** [Core/Src/subdir.mk:61: Core/Src/shell.o] Error 1
"make -j7 all" terminated with exit code 2. Build might be incomplete.
23:36:19 **** Incremental Build of configuration Debug for project BSEARCH_FUNCTIONS_F767ZI ****
make -j7 all 
arm-none-eabi-gcc "../Core/Src/shell.c" -mcpu=cortex-m7 -std=gnu17 -g3 -DDEBUG -DUSE_HAL_DRIVER -DSTM32F767xx -c -I../Core/Inc -I../Core/lfs -I../Drivers/STM32F7xx_HAL_Driver/Inc -I../Drivers/STM32F7xx_HAL_Driver/Inc/Legacy -I../Drivers/CMSIS/Device/ST/STM32F7xx/Include -I../Drivers/CMSIS/Include -O0 -ffunction-sections -fdata-sections -Wall -fstack-usage -MMD -MP -MF"Core/Src/shell.d" -MT"Core/Src/shell.o" --specs=nano.specs -mfpu=fpv5-d16 -mfloat-abi=hard -mthumb -o "Core/Src/shell.o"
../Core/Src/shell.c: In function 'shellHELP':
../Core/Src/shell.c:160:19: error: 'shellCommand' {aka 'const struct shellCommand_t'} has no member named 'param2Num'; did you mean 'param2IsNum'?
  160 |   if (commands[i].param2Num == 1) {
      |                   ^~~~~~~~~
      |                   param2IsNum
../Core/Src/shell.c:169:30: error: 'shellCommand' {aka 'const struct shellCommand_t'} has no member named 'cmdDesc'; did you mean 'desc'?
  169 |   printf("%s\n", commands[i].cmdDesc);
      |                              ^~~~~~~
      |                              desc
make: *** [Core/Src/subdir.mk:61: Core/Src/shell.o] Error 1
"make -j7 all" terminated with exit code 2. Build might be incomplete.
23:36:33 **** Incremental Build of configuration Debug for project BSEARCH_FUNCTIONS_F767ZI ****
make -j7 all 
arm-none-eabi-gcc "../Core/Src/shell.c" -mcpu=cortex-m7 -std=gnu17 -g3 -DDEBUG -DUSE_HAL_DRIVER -DSTM32F767xx -c -I../Core/Inc -I../Core/lfs -I../Drivers/STM32F7xx_HAL_Driver/Inc -I../Drivers/STM32F7xx_HAL_Driver/Inc/Legacy -I../Drivers/CMSIS/Device/ST/STM32F7xx/Include -I../Drivers/CMSIS/Include -O0 -ffunction-sections -fdata-sections -Wall -fstack-usage -MMD -MP -MF"Core/Src/shell.d" -MT"Core/Src/shell.o" --specs=nano.specs -mfpu=fpv5-d16 -mfloat-abi=hard -mthumb -o "Core/Src/shell.o"
arm-none-eabi-gcc -o "BSEARCH_FUNCTIONS_F767ZI.elf" @"objects.list"   -mcpu=cortex-m7 -T"/Users/adityasehgal/Documents/GitHub/Learn_STM32/BSEARCH_FUNCTIONS_F767ZI/STM32F767ZITX_FLASH.ld" --specs=nosys.specs -Wl,-Map="BSEARCH_FUNCTIONS_F767ZI.map" -Wl,--gc-sections -static --specs=nano.specs -mfpu=fpv5-d16 -mfloat-abi=hard -mthumb -u _printf_float -u _scanf_float -Wl,--start-group -lc -lm -Wl,--end-group
Finished building target: BSEARCH_FUNCTIONS_F767ZI.elf
 
arm-none-eabi-size   BSEARCH_FUNCTIONS_F767ZI.elf 
arm-none-eabi-objdump -h -S  BSEARCH_FUNCTIONS_F767ZI.elf  > "BSEARCH_FUNCTIONS_F767ZI.list"
arm-none-eabi-objcopy  -O ihex  BSEARCH_FUNCTIONS_F767ZI.elf  "BSEARCH_FUNCTIONS_F767ZI.hex"
arm-none-eabi-objcopy  -O binary  BSEARCH_FUNCTIONS_F767ZI.elf  "BSEARCH_FUNCTIONS_F767ZI.bin"
   text	   data	    bss	    dec	    hex	filename
  42688	    488	   2784	  45960	   b388	BSEARCH_FUNCTIONS_F767ZI.elf
Finished building: default.size.stdout
 
Finished building: BSEARCH_FUNCTIONS_F767ZI.bin
Finished building: BSEARCH_FUNCTIONS_F767ZI.hex
 
 
Finished building: BSEARCH_FUNCTIONS_F767ZI.list
 
23:37:48 **** Incremental Build of configuration Debug for project BSEARCH_FUNCTIONS_F767ZI ****
make -j7 all 
arm-none-eabi-size   BSEARCH_FUNCTIONS_F767ZI.elf 
   text	   data	    bss	    dec	    hex	filename
  42688	    488	   2784	  45960	   b388	BSEARCH_FUNCTIONS_F767ZI.elf
Finished building: default.size.stdout
 
23:43:32 **** Incremental Build of configuration Debug for project BSEARCH_FUNCTIONS_F767ZI ****
make -j7 all 
arm-none-eabi-gcc "../Core/Src/shell.c" -mcpu=cortex-m7 -std=gnu17 -g3 -DDEBUG -DUSE_HAL_DRIVER -DSTM32F767xx -c -I../Core/Inc -I../Core/lfs -I../Drivers/STM32F7xx_HAL_Driver/Inc -I../Drivers/STM32F7xx_HAL_Driver/Inc/Legacy -I../Drivers/CMSIS/Device/ST/STM32F7xx/Include -I../Drivers/CMSIS/Include -O0 -ffunction-sections -fdata-sections -Wall -fstack-usage -MMD -MP -MF"Core/Src/shell.d" -MT"Core/Src/shell.o" --specs=nano.specs -mfpu=fpv5-d16 -mfloat-abi=hard -mthumb -o "Core/Src/shell.o"
../Core/Src/shell.c: In function 'shellProcess':
../Core/Src/shell.c:120:3: error: 'SPIF' undeclared (first use in this function); did you mean 'SPI1'?
  120 |   SPIF
      |   ^~~~
      |   SPI1
../Core/Src/shell.c:120:3: note: each undeclared identifier is reported only once for each function it appears in
../Core/Src/shell.c:120:7: error: expected ';' before '}' token
  120 |   SPIF
      |       ^
      |       ;
  121 |  }
      |  ~     
At top level:
../Core/Src/shell.c:92:13: warning: 'shellPrintError' defined but not used [-Wunused-function]
   92 | static void shellPrintError(char *func, char *desc) {
      |             ^~~~~~~~~~~~~~~
make: *** [Core/Src/subdir.mk:61: Core/Src/shell.o] Error 1
"make -j7 all" terminated with exit code 2. Build might be incomplete.
23:44:23 **** Incremental Build of configuration Debug for project BSEARCH_FUNCTIONS_F767ZI ****
make -j7 all 
arm-none-eabi-gcc "../Core/Src/shell.c" -mcpu=cortex-m7 -std=gnu17 -g3 -DDEBUG -DUSE_HAL_DRIVER -DSTM32F767xx -c -I../Core/Inc -I../Core/lfs -I../Drivers/STM32F7xx_HAL_Driver/Inc -I../Drivers/STM32F7xx_HAL_Driver/Inc/Legacy -I../Drivers/CMSIS/Device/ST/STM32F7xx/Include -I../Drivers/CMSIS/Include -O0 -ffunction-sections -fdata-sections -Wall -fstack-usage -MMD -MP -MF"Core/Src/shell.d" -MT"Core/Src/shell.o" --specs=nano.specs -mfpu=fpv5-d16 -mfloat-abi=hard -mthumb -o "Core/Src/shell.o"
arm-none-eabi-gcc -o "BSEARCH_FUNCTIONS_F767ZI.elf" @"objects.list"   -mcpu=cortex-m7 -T"/Users/adityasehgal/Documents/GitHub/Learn_STM32/BSEARCH_FUNCTIONS_F767ZI/STM32F767ZITX_FLASH.ld" --specs=nosys.specs -Wl,-Map="BSEARCH_FUNCTIONS_F767ZI.map" -Wl,--gc-sections -static --specs=nano.specs -mfpu=fpv5-d16 -mfloat-abi=hard -mthumb -u _printf_float -u _scanf_float -Wl,--start-group -lc -lm -Wl,--end-group
Finished building target: BSEARCH_FUNCTIONS_F767ZI.elf
 
arm-none-eabi-size   BSEARCH_FUNCTIONS_F767ZI.elf 
arm-none-eabi-objdump -h -S  BSEARCH_FUNCTIONS_F767ZI.elf  > "BSEARCH_FUNCTIONS_F767ZI.list"
arm-none-eabi-objcopy  -O ihex  BSEARCH_FUNCTIONS_F767ZI.elf  "BSEARCH_FUNCTIONS_F767ZI.hex"
arm-none-eabi-objcopy  -O binary  BSEARCH_FUNCTIONS_F767ZI.elf  "BSEARCH_FUNCTIONS_F767ZI.bin"
   text	   data	    bss	    dec	    hex	filename
  42808	    488	   2784	  46080	   b400	BSEARCH_FUNCTIONS_F767ZI.elf
Finished building: default.size.stdout
 
Finished building: BSEARCH_FUNCTIONS_F767ZI.bin
Finished building: BSEARCH_FUNCTIONS_F767ZI.hex
 
 
Finished building: BSEARCH_FUNCTIONS_F767ZI.list
 
23:44:25 **** Incremental Build of configuration Debug for project BSEARCH_FUNCTIONS_F767ZI ****
make -j7 all 
arm-none-eabi-size   BSEARCH_FUNCTIONS_F767ZI.elf 
   text	   data	    bss	    dec	    hex	filename
  42808	    488	   2784	  46080	   b400	BSEARCH_FUNCTIONS_F767ZI.elf
Finished building: default.size.stdout
 
23:45:10 **** Incremental Build of configuration Debug for project BSEARCH_FUNCTIONS_F767ZI ****
make -j7 all 
arm-none-eabi-gcc "../Core/Src/shell.c" -mcpu=cortex-m7 -std=gnu17 -g3 -DDEBUG -DUSE_HAL_DRIVER -DSTM32F767xx -c -I../Core/Inc -I../Core/lfs -I../Drivers/STM32F7xx_HAL_Driver/Inc -I../Drivers/STM32F7xx_HAL_Driver/Inc/Legacy -I../Drivers/CMSIS/Device/ST/STM32F7xx/Include -I../Drivers/CMSIS/Include -O0 -ffunction-sections -fdata-sections -Wall -fstack-usage -MMD -MP -MF"Core/Src/shell.d" -MT"Core/Src/shell.o" --specs=nano.specs -mfpu=fpv5-d16 -mfloat-abi=hard -mthumb -o "Core/Src/shell.o"
arm-none-eabi-gcc -o "BSEARCH_FUNCTIONS_F767ZI.elf" @"objects.list"   -mcpu=cortex-m7 -T"/Users/adityasehgal/Documents/GitHub/Learn_STM32/BSEARCH_FUNCTIONS_F767ZI/STM32F767ZITX_FLASH.ld" --specs=nosys.specs -Wl,-Map="BSEARCH_FUNCTIONS_F767ZI.map" -Wl,--gc-sections -static --specs=nano.specs -mfpu=fpv5-d16 -mfloat-abi=hard -mthumb -u _printf_float -u _scanf_float -Wl,--start-group -lc -lm -Wl,--end-group
Finished building target: BSEARCH_FUNCTIONS_F767ZI.elf
 
arm-none-eabi-size   BSEARCH_FUNCTIONS_F767ZI.elf 
arm-none-eabi-objdump -h -S  BSEARCH_FUNCTIONS_F767ZI.elf  > "BSEARCH_FUNCTIONS_F767ZI.list"
arm-none-eabi-objcopy  -O ihex  BSEARCH_FUNCTIONS_F767ZI.elf  "BSEARCH_FUNCTIONS_F767ZI.hex"
arm-none-eabi-objcopy  -O binary  BSEARCH_FUNCTIONS_F767ZI.elf  "BSEARCH_FUNCTIONS_F767ZI.bin"
   text	   data	    bss	    dec	    hex	filename
  42808	    488	   2784	  46080	   b400	BSEARCH_FUNCTIONS_F767ZI.elf
Finished building: default.size.stdout
 
Finished building: BSEARCH_FUNCTIONS_F767ZI.bin
Finished building: BSEARCH_FUNCTIONS_F767ZI.hex
 
 
Finished building: BSEARCH_FUNCTIONS_F767ZI.list
 
23:45:40 **** Incremental Build of configuration Debug for project BSEARCH_FUNCTIONS_F767ZI ****
make -j7 all 
arm-none-eabi-gcc "../Core/Src/shell.c" -mcpu=cortex-m7 -std=gnu17 -g3 -DDEBUG -DUSE_HAL_DRIVER -DSTM32F767xx -c -I../Core/Inc -I../Core/lfs -I../Drivers/STM32F7xx_HAL_Driver/Inc -I../Drivers/STM32F7xx_HAL_Driver/Inc/Legacy -I../Drivers/CMSIS/Device/ST/STM32F7xx/Include -I../Drivers/CMSIS/Include -O0 -ffunction-sections -fdata-sections -Wall -fstack-usage -MMD -MP -MF"Core/Src/shell.d" -MT"Core/Src/shell.o" --specs=nano.specs -mfpu=fpv5-d16 -mfloat-abi=hard -mthumb -o "Core/Src/shell.o"
arm-none-eabi-gcc -o "BSEARCH_FUNCTIONS_F767ZI.elf" @"objects.list"   -mcpu=cortex-m7 -T"/Users/adityasehgal/Documents/GitHub/Learn_STM32/BSEARCH_FUNCTIONS_F767ZI/STM32F767ZITX_FLASH.ld" --specs=nosys.specs -Wl,-Map="BSEARCH_FUNCTIONS_F767ZI.map" -Wl,--gc-sections -static --specs=nano.specs -mfpu=fpv5-d16 -mfloat-abi=hard -mthumb -u _printf_float -u _scanf_float -Wl,--start-group -lc -lm -Wl,--end-group
Finished building target: BSEARCH_FUNCTIONS_F767ZI.elf
 
arm-none-eabi-size   BSEARCH_FUNCTIONS_F767ZI.elf 
arm-none-eabi-objdump -h -S  BSEARCH_FUNCTIONS_F767ZI.elf  > "BSEARCH_FUNCTIONS_F767ZI.list"
arm-none-eabi-objcopy  -O ihex  BSEARCH_FUNCTIONS_F767ZI.elf  "BSEARCH_FUNCTIONS_F767ZI.hex"
   text	   data	    bss	    dec	    hex	filename
  42808	    488	   2784	  46080	   b400	BSEARCH_FUNCTIONS_F767ZI.elf
arm-none-eabi-objcopy  -O binary  BSEARCH_FUNCTIONS_F767ZI.elf  "BSEARCH_FUNCTIONS_F767ZI.bin"
Finished building: default.size.stdout
 
Finished building: BSEARCH_FUNCTIONS_F767ZI.bin
Finished building: BSEARCH_FUNCTIONS_F767ZI.hex
 
 
Finished building: BSEARCH_FUNCTIONS_F767ZI.list
 
23:46:19 **** Incremental Build of configuration Debug for project BSEARCH_FUNCTIONS_F767ZI ****
make -j7 all 
arm-none-eabi-gcc "../Core/Src/shell.c" -mcpu=cortex-m7 -std=gnu17 -g3 -DDEBUG -DUSE_HAL_DRIVER -DSTM32F767xx -c -I../Core/Inc -I../Core/lfs -I../Drivers/STM32F7xx_HAL_Driver/Inc -I../Drivers/STM32F7xx_HAL_Driver/Inc/Legacy -I../Drivers/CMSIS/Device/ST/STM32F7xx/Include -I../Drivers/CMSIS/Include -O0 -ffunction-sections -fdata-sections -Wall -fstack-usage -MMD -MP -MF"Core/Src/shell.d" -MT"Core/Src/shell.o" --specs=nano.specs -mfpu=fpv5-d16 -mfloat-abi=hard -mthumb -o "Core/Src/shell.o"
arm-none-eabi-gcc -o "BSEARCH_FUNCTIONS_F767ZI.elf" @"objects.list"   -mcpu=cortex-m7 -T"/Users/adityasehgal/Documents/GitHub/Learn_STM32/BSEARCH_FUNCTIONS_F767ZI/STM32F767ZITX_FLASH.ld" --specs=nosys.specs -Wl,-Map="BSEARCH_FUNCTIONS_F767ZI.map" -Wl,--gc-sections -static --specs=nano.specs -mfpu=fpv5-d16 -mfloat-abi=hard -mthumb -u _printf_float -u _scanf_float -Wl,--start-group -lc -lm -Wl,--end-group
Finished building target: BSEARCH_FUNCTIONS_F767ZI.elf
 
arm-none-eabi-size   BSEARCH_FUNCTIONS_F767ZI.elf 
arm-none-eabi-objdump -h -S  BSEARCH_FUNCTIONS_F767ZI.elf  > "BSEARCH_FUNCTIONS_F767ZI.list"
arm-none-eabi-objcopy  -O ihex  BSEARCH_FUNCTIONS_F767ZI.elf  "BSEARCH_FUNCTIONS_F767ZI.hex"
arm-none-eabi-objcopy  -O binary  BSEARCH_FUNCTIONS_F767ZI.elf  "BSEARCH_FUNCTIONS_F767ZI.bin"
   text	   data	    bss	    dec	    hex	filename
  42808	    488	   2784	  46080	   b400	BSEARCH_FUNCTIONS_F767ZI.elf
Finished building: default.size.stdout
 
Finished building: BSEARCH_FUNCTIONS_F767ZI.bin
Finished building: BSEARCH_FUNCTIONS_F767ZI.hex
 
 
Finished building: BSEARCH_FUNCTIONS_F767ZI.list
 
23:47:58 **** Incremental Build of configuration Debug for project BSEARCH_FUNCTIONS_F767ZI ****
make -j7 all 
arm-none-eabi-gcc "../Core/Src/shell.c" -mcpu=cortex-m7 -std=gnu17 -g3 -DDEBUG -DUSE_HAL_DRIVER -DSTM32F767xx -c -I../Core/Inc -I../Core/lfs -I../Drivers/STM32F7xx_HAL_Driver/Inc -I../Drivers/STM32F7xx_HAL_Driver/Inc/Legacy -I../Drivers/CMSIS/Device/ST/STM32F7xx/Include -I../Drivers/CMSIS/Include -O0 -ffunction-sections -fdata-sections -Wall -fstack-usage -MMD -MP -MF"Core/Src/shell.d" -MT"Core/Src/shell.o" --specs=nano.specs -mfpu=fpv5-d16 -mfloat-abi=hard -mthumb -o "Core/Src/shell.o"
../Core/Src/shell.c: In function 'shellTOUCH':
../Core/Src/shell.c:238:16: error: 'name' undeclared (first use in this function); did you mean 'rename'?
  238 |  lfsCreateFile(name);
      |                ^~~~
      |                rename
../Core/Src/shell.c:238:16: note: each undeclared identifier is reported only once for each function it appears in
make: *** [Core/Src/subdir.mk:61: Core/Src/shell.o] Error 1
"make -j7 all" terminated with exit code 2. Build might be incomplete.
23:48:06 **** Incremental Build of configuration Debug for project BSEARCH_FUNCTIONS_F767ZI ****
make -j7 all 
arm-none-eabi-gcc "../Core/Src/shell.c" -mcpu=cortex-m7 -std=gnu17 -g3 -DDEBUG -DUSE_HAL_DRIVER -DSTM32F767xx -c -I../Core/Inc -I../Core/lfs -I../Drivers/STM32F7xx_HAL_Driver/Inc -I../Drivers/STM32F7xx_HAL_Driver/Inc/Legacy -I../Drivers/CMSIS/Device/ST/STM32F7xx/Include -I../Drivers/CMSIS/Include -O0 -ffunction-sections -fdata-sections -Wall -fstack-usage -MMD -MP -MF"Core/Src/shell.d" -MT"Core/Src/shell.o" --specs=nano.specs -mfpu=fpv5-d16 -mfloat-abi=hard -mthumb -o "Core/Src/shell.o"
arm-none-eabi-gcc -o "BSEARCH_FUNCTIONS_F767ZI.elf" @"objects.list"   -mcpu=cortex-m7 -T"/Users/adityasehgal/Documents/GitHub/Learn_STM32/BSEARCH_FUNCTIONS_F767ZI/STM32F767ZITX_FLASH.ld" --specs=nosys.specs -Wl,-Map="BSEARCH_FUNCTIONS_F767ZI.map" -Wl,--gc-sections -static --specs=nano.specs -mfpu=fpv5-d16 -mfloat-abi=hard -mthumb -u _printf_float -u _scanf_float -Wl,--start-group -lc -lm -Wl,--end-group
/Applications/STMicroelectronics/STM32CubeIDE.app/Contents/Eclipse/plugins/com.st.stm32cube.ide.mcu.externaltools.gnu-tools-for-stm32.9-2020-q2-update.macos64_2.0.0.202105311346/tools/bin/../lib/gcc/arm-none-eabi/9.3.1/../../../../arm-none-eabi/bin/ld: ./Core/Src/lfs_interface.o: in function `lfsCreateFile':
/Users/adityasehgal/Documents/GitHub/Learn_STM32/BSEARCH_FUNCTIONS_F767ZI/Debug/../Core/Src/lfs_interface.c:131: undefined reference to `file'
/Applications/STMicroelectronics/STM32CubeIDE.app/Contents/Eclipse/plugins/com.st.stm32cube.ide.mcu.externaltools.gnu-tools-for-stm32.9-2020-q2-update.macos64_2.0.0.202105311346/tools/bin/../lib/gcc/arm-none-eabi/9.3.1/../../../../arm-none-eabi/bin/ld: /Users/adityasehgal/Documents/GitHub/Learn_STM32/BSEARCH_FUNCTIONS_F767ZI/Debug/../Core/Src/lfs_interface.c:131: undefined reference to `lfs'
collect2: error: ld returned 1 exit status
make: *** [makefile:69: BSEARCH_FUNCTIONS_F767ZI.elf] Error 1
"make -j7 all" terminated with exit code 2. Build might be incomplete.
23:48:24 **** Incremental Build of configuration Debug for project BSEARCH_FUNCTIONS_F767ZI ****
make -j7 all 
arm-none-eabi-gcc -o "BSEARCH_FUNCTIONS_F767ZI.elf" @"objects.list"   -mcpu=cortex-m7 -T"/Users/adityasehgal/Documents/GitHub/Learn_STM32/BSEARCH_FUNCTIONS_F767ZI/STM32F767ZITX_FLASH.ld" --specs=nosys.specs -Wl,-Map="BSEARCH_FUNCTIONS_F767ZI.map" -Wl,--gc-sections -static --specs=nano.specs -mfpu=fpv5-d16 -mfloat-abi=hard -mthumb -u _printf_float -u _scanf_float -Wl,--start-group -lc -lm -Wl,--end-group
/Applications/STMicroelectronics/STM32CubeIDE.app/Contents/Eclipse/plugins/com.st.stm32cube.ide.mcu.externaltools.gnu-tools-for-stm32.9-2020-q2-update.macos64_2.0.0.202105311346/tools/bin/../lib/gcc/arm-none-eabi/9.3.1/../../../../arm-none-eabi/bin/ld: ./Core/Src/lfs_interface.o: in function `lfsCreateFile':
/Users/adityasehgal/Documents/GitHub/Learn_STM32/BSEARCH_FUNCTIONS_F767ZI/Debug/../Core/Src/lfs_interface.c:131: undefined reference to `file'
/Applications/STMicroelectronics/STM32CubeIDE.app/Contents/Eclipse/plugins/com.st.stm32cube.ide.mcu.externaltools.gnu-tools-for-stm32.9-2020-q2-update.macos64_2.0.0.202105311346/tools/bin/../lib/gcc/arm-none-eabi/9.3.1/../../../../arm-none-eabi/bin/ld: /Users/adityasehgal/Documents/GitHub/Learn_STM32/BSEARCH_FUNCTIONS_F767ZI/Debug/../Core/Src/lfs_interface.c:131: undefined reference to `lfs'
collect2: error: ld returned 1 exit status
make: *** [makefile:69: BSEARCH_FUNCTIONS_F767ZI.elf] Error 1
"make -j7 all" terminated with exit code 2. Build might be incomplete.
23:48:27 **** Incremental Build of configuration Debug for project BSEARCH_FUNCTIONS_F767ZI ****
make -j7 all 
arm-none-eabi-gcc "../Core/Src/shell.c" -mcpu=cortex-m7 -std=gnu17 -g3 -DDEBUG -DUSE_HAL_DRIVER -DSTM32F767xx -c -I../Core/Inc -I../Core/lfs -I../Drivers/STM32F7xx_HAL_Driver/Inc -I../Drivers/STM32F7xx_HAL_Driver/Inc/Legacy -I../Drivers/CMSIS/Device/ST/STM32F7xx/Include -I../Drivers/CMSIS/Include -O0 -ffunction-sections -fdata-sections -Wall -fstack-usage -MMD -MP -MF"Core/Src/shell.d" -MT"Core/Src/shell.o" --specs=nano.specs -mfpu=fpv5-d16 -mfloat-abi=hard -mthumb -o "Core/Src/shell.o"
arm-none-eabi-gcc -o "BSEARCH_FUNCTIONS_F767ZI.elf" @"objects.list"   -mcpu=cortex-m7 -T"/Users/adityasehgal/Documents/GitHub/Learn_STM32/BSEARCH_FUNCTIONS_F767ZI/STM32F767ZITX_FLASH.ld" --specs=nosys.specs -Wl,-Map="BSEARCH_FUNCTIONS_F767ZI.map" -Wl,--gc-sections -static --specs=nano.specs -mfpu=fpv5-d16 -mfloat-abi=hard -mthumb -u _printf_float -u _scanf_float -Wl,--start-group -lc -lm -Wl,--end-group
Finished building target: BSEARCH_FUNCTIONS_F767ZI.elf
 
arm-none-eabi-size   BSEARCH_FUNCTIONS_F767ZI.elf 
arm-none-eabi-objdump -h -S  BSEARCH_FUNCTIONS_F767ZI.elf  > "BSEARCH_FUNCTIONS_F767ZI.list"
arm-none-eabi-objcopy  -O ihex  BSEARCH_FUNCTIONS_F767ZI.elf  "BSEARCH_FUNCTIONS_F767ZI.hex"
arm-none-eabi-objcopy  -O binary  BSEARCH_FUNCTIONS_F767ZI.elf  "BSEARCH_FUNCTIONS_F767ZI.bin"
   text	   data	    bss	    dec	    hex	filename
  42808	    488	   2784	  46080	   b400	BSEARCH_FUNCTIONS_F767ZI.elf
Finished building: default.size.stdout
 
Finished building: BSEARCH_FUNCTIONS_F767ZI.bin
Finished building: BSEARCH_FUNCTIONS_F767ZI.hex
 
 
Finished building: BSEARCH_FUNCTIONS_F767ZI.list
 
23:48:38 **** Incremental Build of configuration Debug for project BSEARCH_FUNCTIONS_F767ZI ****
make -j7 all 
arm-none-eabi-gcc "../Core/Src/shell.c" -mcpu=cortex-m7 -std=gnu17 -g3 -DDEBUG -DUSE_HAL_DRIVER -DSTM32F767xx -c -I../Core/Inc -I../Core/lfs -I../Drivers/STM32F7xx_HAL_Driver/Inc -I../Drivers/STM32F7xx_HAL_Driver/Inc/Legacy -I../Drivers/CMSIS/Device/ST/STM32F7xx/Include -I../Drivers/CMSIS/Include -O0 -ffunction-sections -fdata-sections -Wall -fstack-usage -MMD -MP -MF"Core/Src/shell.d" -MT"Core/Src/shell.o" --specs=nano.specs -mfpu=fpv5-d16 -mfloat-abi=hard -mthumb -o "Core/Src/shell.o"
../Core/Src/shell.c: In function 'shellTOUCH':
../Core/Src/shell.c:238:16: warning: passing argument 1 of 'lfsCreateFile' from incompatible pointer type [-Wincompatible-pointer-types]
  238 |  lfsCreateFile(++argv);
      |                ^~~~~~
      |                |
      |                char **
In file included from ../Core/Src/shell.c:14:
../Core/Inc/lfs_interface.h:87:26: note: expected 'char *' but argument is of type 'char **'
   87 | void lfsCreateFile(char *name);
      |                    ~~~~~~^~~~
arm-none-eabi-gcc -o "BSEARCH_FUNCTIONS_F767ZI.elf" @"objects.list"   -mcpu=cortex-m7 -T"/Users/adityasehgal/Documents/GitHub/Learn_STM32/BSEARCH_FUNCTIONS_F767ZI/STM32F767ZITX_FLASH.ld" --specs=nosys.specs -Wl,-Map="BSEARCH_FUNCTIONS_F767ZI.map" -Wl,--gc-sections -static --specs=nano.specs -mfpu=fpv5-d16 -mfloat-abi=hard -mthumb -u _printf_float -u _scanf_float -Wl,--start-group -lc -lm -Wl,--end-group
/Applications/STMicroelectronics/STM32CubeIDE.app/Contents/Eclipse/plugins/com.st.stm32cube.ide.mcu.externaltools.gnu-tools-for-stm32.9-2020-q2-update.macos64_2.0.0.202105311346/tools/bin/../lib/gcc/arm-none-eabi/9.3.1/../../../../arm-none-eabi/bin/ld: ./Core/Src/lfs_interface.o: in function `lfsCreateFile':
/Users/adityasehgal/Documents/GitHub/Learn_STM32/BSEARCH_FUNCTIONS_F767ZI/Debug/../Core/Src/lfs_interface.c:131: undefined reference to `file'
/Applications/STMicroelectronics/STM32CubeIDE.app/Contents/Eclipse/plugins/com.st.stm32cube.ide.mcu.externaltools.gnu-tools-for-stm32.9-2020-q2-update.macos64_2.0.0.202105311346/tools/bin/../lib/gcc/arm-none-eabi/9.3.1/../../../../arm-none-eabi/bin/ld: /Users/adityasehgal/Documents/GitHub/Learn_STM32/BSEARCH_FUNCTIONS_F767ZI/Debug/../Core/Src/lfs_interface.c:131: undefined reference to `lfs'
collect2: error: ld returned 1 exit status
make: *** [makefile:69: BSEARCH_FUNCTIONS_F767ZI.elf] Error 1
"make -j7 all" terminated with exit code 2. Build might be incomplete.
23:48:49 **** Incremental Build of configuration Debug for project BSEARCH_FUNCTIONS_F767ZI ****
make -j7 all 
arm-none-eabi-gcc "../Core/Src/shell.c" -mcpu=cortex-m7 -std=gnu17 -g3 -DDEBUG -DUSE_HAL_DRIVER -DSTM32F767xx -c -I../Core/Inc -I../Core/lfs -I../Drivers/STM32F7xx_HAL_Driver/Inc -I../Drivers/STM32F7xx_HAL_Driver/Inc/Legacy -I../Drivers/CMSIS/Device/ST/STM32F7xx/Include -I../Drivers/CMSIS/Include -O0 -ffunction-sections -fdata-sections -Wall -fstack-usage -MMD -MP -MF"Core/Src/shell.d" -MT"Core/Src/shell.o" --specs=nano.specs -mfpu=fpv5-d16 -mfloat-abi=hard -mthumb -o "Core/Src/shell.o"
arm-none-eabi-gcc -o "BSEARCH_FUNCTIONS_F767ZI.elf" @"objects.list"   -mcpu=cortex-m7 -T"/Users/adityasehgal/Documents/GitHub/Learn_STM32/BSEARCH_FUNCTIONS_F767ZI/STM32F767ZITX_FLASH.ld" --specs=nosys.specs -Wl,-Map="BSEARCH_FUNCTIONS_F767ZI.map" -Wl,--gc-sections -static --specs=nano.specs -mfpu=fpv5-d16 -mfloat-abi=hard -mthumb -u _printf_float -u _scanf_float -Wl,--start-group -lc -lm -Wl,--end-group
/Applications/STMicroelectronics/STM32CubeIDE.app/Contents/Eclipse/plugins/com.st.stm32cube.ide.mcu.externaltools.gnu-tools-for-stm32.9-2020-q2-update.macos64_2.0.0.202105311346/tools/bin/../lib/gcc/arm-none-eabi/9.3.1/../../../../arm-none-eabi/bin/ld: ./Core/Src/lfs_interface.o: in function `lfsCreateFile':
/Users/adityasehgal/Documents/GitHub/Learn_STM32/BSEARCH_FUNCTIONS_F767ZI/Debug/../Core/Src/lfs_interface.c:131: undefined reference to `file'
/Applications/STMicroelectronics/STM32CubeIDE.app/Contents/Eclipse/plugins/com.st.stm32cube.ide.mcu.externaltools.gnu-tools-for-stm32.9-2020-q2-update.macos64_2.0.0.202105311346/tools/bin/../lib/gcc/arm-none-eabi/9.3.1/../../../../arm-none-eabi/bin/ld: /Users/adityasehgal/Documents/GitHub/Learn_STM32/BSEARCH_FUNCTIONS_F767ZI/Debug/../Core/Src/lfs_interface.c:131: undefined reference to `lfs'
collect2: error: ld returned 1 exit status
make: *** [makefile:69: BSEARCH_FUNCTIONS_F767ZI.elf] Error 1
"make -j7 all" terminated with exit code 2. Build might be incomplete.
23:49:25 **** Incremental Build of configuration Debug for project BSEARCH_FUNCTIONS_F767ZI ****
make -j7 all 
arm-none-eabi-gcc "../Core/Src/shell.c" -mcpu=cortex-m7 -std=gnu17 -g3 -DDEBUG -DUSE_HAL_DRIVER -DSTM32F767xx -c -I../Core/Inc -I../Core/lfs -I../Drivers/STM32F7xx_HAL_Driver/Inc -I../Drivers/STM32F7xx_HAL_Driver/Inc/Legacy -I../Drivers/CMSIS/Device/ST/STM32F7xx/Include -I../Drivers/CMSIS/Include -O0 -ffunction-sections -fdata-sections -Wall -fstack-usage -MMD -MP -MF"Core/Src/shell.d" -MT"Core/Src/shell.o" --specs=nano.specs -mfpu=fpv5-d16 -mfloat-abi=hard -mthumb -o "Core/Src/shell.o"
arm-none-eabi-gcc -o "BSEARCH_FUNCTIONS_F767ZI.elf" @"objects.list"   -mcpu=cortex-m7 -T"/Users/adityasehgal/Documents/GitHub/Learn_STM32/BSEARCH_FUNCTIONS_F767ZI/STM32F767ZITX_FLASH.ld" --specs=nosys.specs -Wl,-Map="BSEARCH_FUNCTIONS_F767ZI.map" -Wl,--gc-sections -static --specs=nano.specs -mfpu=fpv5-d16 -mfloat-abi=hard -mthumb -u _printf_float -u _scanf_float -Wl,--start-group -lc -lm -Wl,--end-group
/Applications/STMicroelectronics/STM32CubeIDE.app/Contents/Eclipse/plugins/com.st.stm32cube.ide.mcu.externaltools.gnu-tools-for-stm32.9-2020-q2-update.macos64_2.0.0.202105311346/tools/bin/../lib/gcc/arm-none-eabi/9.3.1/../../../../arm-none-eabi/bin/ld: ./Core/Src/lfs_interface.o: in function `lfsCreateFile':
/Users/adityasehgal/Documents/GitHub/Learn_STM32/BSEARCH_FUNCTIONS_F767ZI/Debug/../Core/Src/lfs_interface.c:131: undefined reference to `file'
/Applications/STMicroelectronics/STM32CubeIDE.app/Contents/Eclipse/plugins/com.st.stm32cube.ide.mcu.externaltools.gnu-tools-for-stm32.9-2020-q2-update.macos64_2.0.0.202105311346/tools/bin/../lib/gcc/arm-none-eabi/9.3.1/../../../../arm-none-eabi/bin/ld: /Users/adityasehgal/Documents/GitHub/Learn_STM32/BSEARCH_FUNCTIONS_F767ZI/Debug/../Core/Src/lfs_interface.c:131: undefined reference to `lfs'
collect2: error: ld returned 1 exit status
make: *** [makefile:69: BSEARCH_FUNCTIONS_F767ZI.elf] Error 1
"make -j7 all" terminated with exit code 2. Build might be incomplete.
23:50:24 **** Incremental Build of configuration Debug for project BSEARCH_FUNCTIONS_F767ZI ****
make -j7 all 
arm-none-eabi-gcc "../Core/Src/lfs_interface.c" -mcpu=cortex-m7 -std=gnu17 -g3 -DDEBUG -DUSE_HAL_DRIVER -DSTM32F767xx -c -I../Core/Inc -I../Core/lfs -I../Drivers/STM32F7xx_HAL_Driver/Inc -I../Drivers/STM32F7xx_HAL_Driver/Inc/Legacy -I../Drivers/CMSIS/Device/ST/STM32F7xx/Include -I../Drivers/CMSIS/Include -O0 -ffunction-sections -fdata-sections -Wall -fstack-usage -MMD -MP -MF"Core/Src/lfs_interface.d" -MT"Core/Src/lfs_interface.o" --specs=nano.specs -mfpu=fpv5-d16 -mfloat-abi=hard -mthumb -o "Core/Src/lfs_interface.o"
arm-none-eabi-gcc -o "BSEARCH_FUNCTIONS_F767ZI.elf" @"objects.list"   -mcpu=cortex-m7 -T"/Users/adityasehgal/Documents/GitHub/Learn_STM32/BSEARCH_FUNCTIONS_F767ZI/STM32F767ZITX_FLASH.ld" --specs=nosys.specs -Wl,-Map="BSEARCH_FUNCTIONS_F767ZI.map" -Wl,--gc-sections -static --specs=nano.specs -mfpu=fpv5-d16 -mfloat-abi=hard -mthumb -u _printf_float -u _scanf_float -Wl,--start-group -lc -lm -Wl,--end-group
Finished building target: BSEARCH_FUNCTIONS_F767ZI.elf
 
arm-none-eabi-size   BSEARCH_FUNCTIONS_F767ZI.elf 
arm-none-eabi-objdump -h -S  BSEARCH_FUNCTIONS_F767ZI.elf  > "BSEARCH_FUNCTIONS_F767ZI.list"
   text	   data	    bss	    dec	    hex	filename
  64760	    488	   3112	  68360	  10b08	BSEARCH_FUNCTIONS_F767ZI.elf
arm-none-eabi-objcopy  -O ihex  BSEARCH_FUNCTIONS_F767ZI.elf  "BSEARCH_FUNCTIONS_F767ZI.hex"
Finished building: default.size.stdout
arm-none-eabi-objcopy  -O binary  BSEARCH_FUNCTIONS_F767ZI.elf  "BSEARCH_FUNCTIONS_F767ZI.bin"
 
Finished building: BSEARCH_FUNCTIONS_F767ZI.hex
Finished building: BSEARCH_FUNCTIONS_F767ZI.bin
 
 
Finished building: BSEARCH_FUNCTIONS_F767ZI.list
 
23:50:32 **** Incremental Build of configuration Debug for project BSEARCH_FUNCTIONS_F767ZI ****
make -j7 all 
arm-none-eabi-gcc "../Core/Src/shell.c" -mcpu=cortex-m7 -std=gnu17 -g3 -DDEBUG -DUSE_HAL_DRIVER -DSTM32F767xx -c -I../Core/Inc -I../Core/lfs -I../Drivers/STM32F7xx_HAL_Driver/Inc -I../Drivers/STM32F7xx_HAL_Driver/Inc/Legacy -I../Drivers/CMSIS/Device/ST/STM32F7xx/Include -I../Drivers/CMSIS/Include -O0 -ffunction-sections -fdata-sections -Wall -fstack-usage -MMD -MP -MF"Core/Src/shell.d" -MT"Core/Src/shell.o" --specs=nano.specs -mfpu=fpv5-d16 -mfloat-abi=hard -mthumb -o "Core/Src/shell.o"
../Core/Src/shell.c: In function 'shellTOUCH':
../Core/Src/shell.c:238:8: warning: unused variable 'name' [-Wunused-variable]
  238 |  char *name = argv[1];
      |        ^~~~
arm-none-eabi-gcc -o "BSEARCH_FUNCTIONS_F767ZI.elf" @"objects.list"   -mcpu=cortex-m7 -T"/Users/adityasehgal/Documents/GitHub/Learn_STM32/BSEARCH_FUNCTIONS_F767ZI/STM32F767ZITX_FLASH.ld" --specs=nosys.specs -Wl,-Map="BSEARCH_FUNCTIONS_F767ZI.map" -Wl,--gc-sections -static --specs=nano.specs -mfpu=fpv5-d16 -mfloat-abi=hard -mthumb -u _printf_float -u _scanf_float -Wl,--start-group -lc -lm -Wl,--end-group
Finished building target: BSEARCH_FUNCTIONS_F767ZI.elf
 
arm-none-eabi-size   BSEARCH_FUNCTIONS_F767ZI.elf 
arm-none-eabi-objdump -h -S  BSEARCH_FUNCTIONS_F767ZI.elf  > "BSEARCH_FUNCTIONS_F767ZI.list"
arm-none-eabi-objcopy  -O ihex  BSEARCH_FUNCTIONS_F767ZI.elf  "BSEARCH_FUNCTIONS_F767ZI.hex"
arm-none-eabi-objcopy  -O binary  BSEARCH_FUNCTIONS_F767ZI.elf  "BSEARCH_FUNCTIONS_F767ZI.bin"
   text	   data	    bss	    dec	    hex	filename
  64768	    488	   3112	  68368	  10b10	BSEARCH_FUNCTIONS_F767ZI.elf
Finished building: default.size.stdout
 
Finished building: BSEARCH_FUNCTIONS_F767ZI.bin
Finished building: BSEARCH_FUNCTIONS_F767ZI.hex
 
 
Finished building: BSEARCH_FUNCTIONS_F767ZI.list
 
23:50:51 **** Incremental Build of configuration Debug for project BSEARCH_FUNCTIONS_F767ZI ****
make -j7 all 
arm-none-eabi-gcc "../Core/Src/shell.c" -mcpu=cortex-m7 -std=gnu17 -g3 -DDEBUG -DUSE_HAL_DRIVER -DSTM32F767xx -c -I../Core/Inc -I../Core/lfs -I../Drivers/STM32F7xx_HAL_Driver/Inc -I../Drivers/STM32F7xx_HAL_Driver/Inc/Legacy -I../Drivers/CMSIS/Device/ST/STM32F7xx/Include -I../Drivers/CMSIS/Include -O0 -ffunction-sections -fdata-sections -Wall -fstack-usage -MMD -MP -MF"Core/Src/shell.d" -MT"Core/Src/shell.o" --specs=nano.specs -mfpu=fpv5-d16 -mfloat-abi=hard -mthumb -o "Core/Src/shell.o"
arm-none-eabi-gcc -o "BSEARCH_FUNCTIONS_F767ZI.elf" @"objects.list"   -mcpu=cortex-m7 -T"/Users/adityasehgal/Documents/GitHub/Learn_STM32/BSEARCH_FUNCTIONS_F767ZI/STM32F767ZITX_FLASH.ld" --specs=nosys.specs -Wl,-Map="BSEARCH_FUNCTIONS_F767ZI.map" -Wl,--gc-sections -static --specs=nano.specs -mfpu=fpv5-d16 -mfloat-abi=hard -mthumb -u _printf_float -u _scanf_float -Wl,--start-group -lc -lm -Wl,--end-group
Finished building target: BSEARCH_FUNCTIONS_F767ZI.elf
 
arm-none-eabi-size   BSEARCH_FUNCTIONS_F767ZI.elf 
arm-none-eabi-objdump -h -S  BSEARCH_FUNCTIONS_F767ZI.elf  > "BSEARCH_FUNCTIONS_F767ZI.list"
arm-none-eabi-objcopy  -O ihex  BSEARCH_FUNCTIONS_F767ZI.elf  "BSEARCH_FUNCTIONS_F767ZI.hex"
arm-none-eabi-objcopy  -O binary  BSEARCH_FUNCTIONS_F767ZI.elf  "BSEARCH_FUNCTIONS_F767ZI.bin"
   text	   data	    bss	    dec	    hex	filename
  66208	    504	   3112	  69824	  110c0	BSEARCH_FUNCTIONS_F767ZI.elf
Finished building: default.size.stdout
 
Finished building: BSEARCH_FUNCTIONS_F767ZI.bin
Finished building: BSEARCH_FUNCTIONS_F767ZI.hex
 
 
Finished building: BSEARCH_FUNCTIONS_F767ZI.list
 
23:52:41 **** Incremental Build of configuration Debug for project BSEARCH_FUNCTIONS_F767ZI ****
make -j7 all 
arm-none-eabi-gcc "../Core/Src/lfs_interface.c" -mcpu=cortex-m7 -std=gnu17 -g3 -DDEBUG -DUSE_HAL_DRIVER -DSTM32F767xx -c -I../Core/Inc -I../Core/lfs -I../Drivers/STM32F7xx_HAL_Driver/Inc -I../Drivers/STM32F7xx_HAL_Driver/Inc/Legacy -I../Drivers/CMSIS/Device/ST/STM32F7xx/Include -I../Drivers/CMSIS/Include -O0 -ffunction-sections -fdata-sections -Wall -fstack-usage -MMD -MP -MF"Core/Src/lfs_interface.d" -MT"Core/Src/lfs_interface.o" --specs=nano.specs -mfpu=fpv5-d16 -mfloat-abi=hard -mthumb -o "Core/Src/lfs_interface.o"
arm-none-eabi-gcc "../Core/Src/main.c" -mcpu=cortex-m7 -std=gnu17 -g3 -DDEBUG -DUSE_HAL_DRIVER -DSTM32F767xx -c -I../Core/Inc -I../Core/lfs -I../Drivers/STM32F7xx_HAL_Driver/Inc -I../Drivers/STM32F7xx_HAL_Driver/Inc/Legacy -I../Drivers/CMSIS/Device/ST/STM32F7xx/Include -I../Drivers/CMSIS/Include -O0 -ffunction-sections -fdata-sections -Wall -fstack-usage -MMD -MP -MF"Core/Src/main.d" -MT"Core/Src/main.o" --specs=nano.specs -mfpu=fpv5-d16 -mfloat-abi=hard -mthumb -o "Core/Src/main.o"
arm-none-eabi-gcc -o "BSEARCH_FUNCTIONS_F767ZI.elf" @"objects.list"   -mcpu=cortex-m7 -T"/Users/adityasehgal/Documents/GitHub/Learn_STM32/BSEARCH_FUNCTIONS_F767ZI/STM32F767ZITX_FLASH.ld" --specs=nosys.specs -Wl,-Map="BSEARCH_FUNCTIONS_F767ZI.map" -Wl,--gc-sections -static --specs=nano.specs -mfpu=fpv5-d16 -mfloat-abi=hard -mthumb -u _printf_float -u _scanf_float -Wl,--start-group -lc -lm -Wl,--end-group
Finished building target: BSEARCH_FUNCTIONS_F767ZI.elf
 
arm-none-eabi-size   BSEARCH_FUNCTIONS_F767ZI.elf 
arm-none-eabi-objdump -h -S  BSEARCH_FUNCTIONS_F767ZI.elf  > "BSEARCH_FUNCTIONS_F767ZI.list"
arm-none-eabi-objcopy  -O ihex  BSEARCH_FUNCTIONS_F767ZI.elf  "BSEARCH_FUNCTIONS_F767ZI.hex"
arm-none-eabi-objcopy  -O binary  BSEARCH_FUNCTIONS_F767ZI.elf  "BSEARCH_FUNCTIONS_F767ZI.bin"
   text	   data	    bss	    dec	    hex	filename
  75416	    508	   3116	  79040	  134c0	BSEARCH_FUNCTIONS_F767ZI.elf
Finished building: default.size.stdout
 
Finished building: BSEARCH_FUNCTIONS_F767ZI.bin
Finished building: BSEARCH_FUNCTIONS_F767ZI.hex
 
 
Finished building: BSEARCH_FUNCTIONS_F767ZI.list
 
23:52:43 **** Incremental Build of configuration Debug for project BSEARCH_FUNCTIONS_F767ZI ****
make -j7 all 
arm-none-eabi-size   BSEARCH_FUNCTIONS_F767ZI.elf 
   text	   data	    bss	    dec	    hex	filename
  75416	    508	   3116	  79040	  134c0	BSEARCH_FUNCTIONS_F767ZI.elf
Finished building: default.size.stdout
 
23:54:13 **** Incremental Build of configuration Debug for project BSEARCH_FUNCTIONS_F767ZI ****
make -j7 all 
arm-none-eabi-size   BSEARCH_FUNCTIONS_F767ZI.elf 
   text	   data	    bss	    dec	    hex	filename
  75416	    508	   3116	  79040	  134c0	BSEARCH_FUNCTIONS_F767ZI.elf
Finished building: default.size.stdout
 
23:56:59 **** Incremental Build of configuration Debug for project BSEARCH_FUNCTIONS_F767ZI ****
make -j7 all 
arm-none-eabi-gcc "../Core/Src/flash.c" -mcpu=cortex-m7 -std=gnu17 -g3 -DDEBUG -DUSE_HAL_DRIVER -DSTM32F767xx -c -I../Core/Inc -I../Core/lfs -I../Drivers/STM32F7xx_HAL_Driver/Inc -I../Drivers/STM32F7xx_HAL_Driver/Inc/Legacy -I../Drivers/CMSIS/Device/ST/STM32F7xx/Include -I../Drivers/CMSIS/Include -O0 -ffunction-sections -fdata-sections -Wall -fstack-usage -MMD -MP -MF"Core/Src/flash.d" -MT"Core/Src/flash.o" --specs=nano.specs -mfpu=fpv5-d16 -mfloat-abi=hard -mthumb -o "Core/Src/flash.o"
arm-none-eabi-gcc -o "BSEARCH_FUNCTIONS_F767ZI.elf" @"objects.list"   -mcpu=cortex-m7 -T"/Users/adityasehgal/Documents/GitHub/Learn_STM32/BSEARCH_FUNCTIONS_F767ZI/STM32F767ZITX_FLASH.ld" --specs=nosys.specs -Wl,-Map="BSEARCH_FUNCTIONS_F767ZI.map" -Wl,--gc-sections -static --specs=nano.specs -mfpu=fpv5-d16 -mfloat-abi=hard -mthumb -u _printf_float -u _scanf_float -Wl,--start-group -lc -lm -Wl,--end-group
Finished building target: BSEARCH_FUNCTIONS_F767ZI.elf
 
arm-none-eabi-size   BSEARCH_FUNCTIONS_F767ZI.elf 
arm-none-eabi-objdump -h -S  BSEARCH_FUNCTIONS_F767ZI.elf  > "BSEARCH_FUNCTIONS_F767ZI.list"
arm-none-eabi-objcopy  -O ihex  BSEARCH_FUNCTIONS_F767ZI.elf  "BSEARCH_FUNCTIONS_F767ZI.hex"
arm-none-eabi-objcopy  -O binary  BSEARCH_FUNCTIONS_F767ZI.elf  "BSEARCH_FUNCTIONS_F767ZI.bin"
   text	   data	    bss	    dec	    hex	filename
  75408	    508	   3116	  79032	  134b8	BSEARCH_FUNCTIONS_F767ZI.elf
Finished building: default.size.stdout
 
Finished building: BSEARCH_FUNCTIONS_F767ZI.bin
Finished building: BSEARCH_FUNCTIONS_F767ZI.hex
 
 
Finished building: BSEARCH_FUNCTIONS_F767ZI.list
 
23:59:34 **** Incremental Build of configuration Debug for project BSEARCH_FUNCTIONS_F767ZI ****
make -j7 all 
arm-none-eabi-gcc "../Core/Src/crc.c" -mcpu=cortex-m7 -std=gnu17 -g3 -DDEBUG -DUSE_HAL_DRIVER -DSTM32F767xx -c -I../Core/Inc -I../Core/lfs -I../Drivers/STM32F7xx_HAL_Driver/Inc -I../Drivers/STM32F7xx_HAL_Driver/Inc/Legacy -I../Drivers/CMSIS/Device/ST/STM32F7xx/Include -I../Drivers/CMSIS/Include -O0 -ffunction-sections -fdata-sections -Wall -fstack-usage -MMD -MP -MF"Core/Src/crc.d" -MT"Core/Src/crc.o" --specs=nano.specs -mfpu=fpv5-d16 -mfloat-abi=hard -mthumb -o "Core/Src/crc.o"
arm-none-eabi-gcc "../Core/Src/dma.c" -mcpu=cortex-m7 -std=gnu17 -g3 -DDEBUG -DUSE_HAL_DRIVER -DSTM32F767xx -c -I../Core/Inc -I../Core/lfs -I../Drivers/STM32F7xx_HAL_Driver/Inc -I../Drivers/STM32F7xx_HAL_Driver/Inc/Legacy -I../Drivers/CMSIS/Device/ST/STM32F7xx/Include -I../Drivers/CMSIS/Include -O0 -ffunction-sections -fdata-sections -Wall -fstack-usage -MMD -MP -MF"Core/Src/dma.d" -MT"Core/Src/dma.o" --specs=nano.specs -mfpu=fpv5-d16 -mfloat-abi=hard -mthumb -o "Core/Src/dma.o"
arm-none-eabi-gcc "../Core/Src/flash.c" -mcpu=cortex-m7 -std=gnu17 -g3 -DDEBUG -DUSE_HAL_DRIVER -DSTM32F767xx -c -I../Core/Inc -I../Core/lfs -I../Drivers/STM32F7xx_HAL_Driver/Inc -I../Drivers/STM32F7xx_HAL_Driver/Inc/Legacy -I../Drivers/CMSIS/Device/ST/STM32F7xx/Include -I../Drivers/CMSIS/Include -O0 -ffunction-sections -fdata-sections -Wall -fstack-usage -MMD -MP -MF"Core/Src/flash.d" -MT"Core/Src/flash.o" --specs=nano.specs -mfpu=fpv5-d16 -mfloat-abi=hard -mthumb -o "Core/Src/flash.o"
arm-none-eabi-gcc "../Core/Src/gpio.c" -mcpu=cortex-m7 -std=gnu17 -g3 -DDEBUG -DUSE_HAL_DRIVER -DSTM32F767xx -c -I../Core/Inc -I../Core/lfs -I../Drivers/STM32F7xx_HAL_Driver/Inc -I../Drivers/STM32F7xx_HAL_Driver/Inc/Legacy -I../Drivers/CMSIS/Device/ST/STM32F7xx/Include -I../Drivers/CMSIS/Include -O0 -ffunction-sections -fdata-sections -Wall -fstack-usage -MMD -MP -MF"Core/Src/gpio.d" -MT"Core/Src/gpio.o" --specs=nano.specs -mfpu=fpv5-d16 -mfloat-abi=hard -mthumb -o "Core/Src/gpio.o"
arm-none-eabi-gcc "../Core/Src/lfs_interface.c" -mcpu=cortex-m7 -std=gnu17 -g3 -DDEBUG -DUSE_HAL_DRIVER -DSTM32F767xx -c -I../Core/Inc -I../Core/lfs -I../Drivers/STM32F7xx_HAL_Driver/Inc -I../Drivers/STM32F7xx_HAL_Driver/Inc/Legacy -I../Drivers/CMSIS/Device/ST/STM32F7xx/Include -I../Drivers/CMSIS/Include -O0 -ffunction-sections -fdata-sections -Wall -fstack-usage -MMD -MP -MF"Core/Src/lfs_interface.d" -MT"Core/Src/lfs_interface.o" --specs=nano.specs -mfpu=fpv5-d16 -mfloat-abi=hard -mthumb -o "Core/Src/lfs_interface.o"
arm-none-eabi-gcc "../Core/Src/main.c" -mcpu=cortex-m7 -std=gnu17 -g3 -DDEBUG -DUSE_HAL_DRIVER -DSTM32F767xx -c -I../Core/Inc -I../Core/lfs -I../Drivers/STM32F7xx_HAL_Driver/Inc -I../Drivers/STM32F7xx_HAL_Driver/Inc/Legacy -I../Drivers/CMSIS/Device/ST/STM32F7xx/Include -I../Drivers/CMSIS/Include -O0 -ffunction-sections -fdata-sections -Wall -fstack-usage -MMD -MP -MF"Core/Src/main.d" -MT"Core/Src/main.o" --specs=nano.specs -mfpu=fpv5-d16 -mfloat-abi=hard -mthumb -o "Core/Src/main.o"
arm-none-eabi-gcc "../Core/Src/rng.c" -mcpu=cortex-m7 -std=gnu17 -g3 -DDEBUG -DUSE_HAL_DRIVER -DSTM32F767xx -c -I../Core/Inc -I../Core/lfs -I../Drivers/STM32F7xx_HAL_Driver/Inc -I../Drivers/STM32F7xx_HAL_Driver/Inc/Legacy -I../Drivers/CMSIS/Device/ST/STM32F7xx/Include -I../Drivers/CMSIS/Include -O0 -ffunction-sections -fdata-sections -Wall -fstack-usage -MMD -MP -MF"Core/Src/rng.d" -MT"Core/Src/rng.o" --specs=nano.specs -mfpu=fpv5-d16 -mfloat-abi=hard -mthumb -o "Core/Src/rng.o"
arm-none-eabi-gcc "../Core/Src/shell.c" -mcpu=cortex-m7 -std=gnu17 -g3 -DDEBUG -DUSE_HAL_DRIVER -DSTM32F767xx -c -I../Core/Inc -I../Core/lfs -I../Drivers/STM32F7xx_HAL_Driver/Inc -I../Drivers/STM32F7xx_HAL_Driver/Inc/Legacy -I../Drivers/CMSIS/Device/ST/STM32F7xx/Include -I../Drivers/CMSIS/Include -O0 -ffunction-sections -fdata-sections -Wall -fstack-usage -MMD -MP -MF"Core/Src/shell.d" -MT"Core/Src/shell.o" --specs=nano.specs -mfpu=fpv5-d16 -mfloat-abi=hard -mthumb -o "Core/Src/shell.o"
arm-none-eabi-gcc "../Core/Src/spi.c" -mcpu=cortex-m7 -std=gnu17 -g3 -DDEBUG -DUSE_HAL_DRIVER -DSTM32F767xx -c -I../Core/Inc -I../Core/lfs -I../Drivers/STM32F7xx_HAL_Driver/Inc -I../Drivers/STM32F7xx_HAL_Driver/Inc/Legacy -I../Drivers/CMSIS/Device/ST/STM32F7xx/Include -I../Drivers/CMSIS/Include -O0 -ffunction-sections -fdata-sections -Wall -fstack-usage -MMD -MP -MF"Core/Src/spi.d" -MT"Core/Src/spi.o" --specs=nano.specs -mfpu=fpv5-d16 -mfloat-abi=hard -mthumb -o "Core/Src/spi.o"
arm-none-eabi-gcc "../Core/Src/stm32f7xx_hal_msp.c" -mcpu=cortex-m7 -std=gnu17 -g3 -DDEBUG -DUSE_HAL_DRIVER -DSTM32F767xx -c -I../Core/Inc -I../Core/lfs -I../Drivers/STM32F7xx_HAL_Driver/Inc -I../Drivers/STM32F7xx_HAL_Driver/Inc/Legacy -I../Drivers/CMSIS/Device/ST/STM32F7xx/Include -I../Drivers/CMSIS/Include -O0 -ffunction-sections -fdata-sections -Wall -fstack-usage -MMD -MP -MF"Core/Src/stm32f7xx_hal_msp.d" -MT"Core/Src/stm32f7xx_hal_msp.o" --specs=nano.specs -mfpu=fpv5-d16 -mfloat-abi=hard -mthumb -o "Core/Src/stm32f7xx_hal_msp.o"
arm-none-eabi-gcc "../Core/Src/stm32f7xx_it.c" -mcpu=cortex-m7 -std=gnu17 -g3 -DDEBUG -DUSE_HAL_DRIVER -DSTM32F767xx -c -I../Core/Inc -I../Core/lfs -I../Drivers/STM32F7xx_HAL_Driver/Inc -I../Drivers/STM32F7xx_HAL_Driver/Inc/Legacy -I../Drivers/CMSIS/Device/ST/STM32F7xx/Include -I../Drivers/CMSIS/Include -O0 -ffunction-sections -fdata-sections -Wall -fstack-usage -MMD -MP -MF"Core/Src/stm32f7xx_it.d" -MT"Core/Src/stm32f7xx_it.o" --specs=nano.specs -mfpu=fpv5-d16 -mfloat-abi=hard -mthumb -o "Core/Src/stm32f7xx_it.o"
arm-none-eabi-gcc "../Core/Src/usart.c" -mcpu=cortex-m7 -std=gnu17 -g3 -DDEBUG -DUSE_HAL_DRIVER -DSTM32F767xx -c -I../Core/Inc -I../Core/lfs -I../Drivers/STM32F7xx_HAL_Driver/Inc -I../Drivers/STM32F7xx_HAL_Driver/Inc/Legacy -I../Drivers/CMSIS/Device/ST/STM32F7xx/Include -I../Drivers/CMSIS/Include -O0 -ffunction-sections -fdata-sections -Wall -fstack-usage -MMD -MP -MF"Core/Src/usart.d" -MT"Core/Src/usart.o" --specs=nano.specs -mfpu=fpv5-d16 -mfloat-abi=hard -mthumb -o "Core/Src/usart.o"
arm-none-eabi-gcc -o "BSEARCH_FUNCTIONS_F767ZI.elf" @"objects.list"   -mcpu=cortex-m7 -T"/Users/adityasehgal/Documents/GitHub/Learn_STM32/BSEARCH_FUNCTIONS_F767ZI/STM32F767ZITX_FLASH.ld" --specs=nosys.specs -Wl,-Map="BSEARCH_FUNCTIONS_F767ZI.map" -Wl,--gc-sections -static --specs=nano.specs -mfpu=fpv5-d16 -mfloat-abi=hard -mthumb -u _printf_float -u _scanf_float -Wl,--start-group -lc -lm -Wl,--end-group
Finished building target: BSEARCH_FUNCTIONS_F767ZI.elf
 
arm-none-eabi-size   BSEARCH_FUNCTIONS_F767ZI.elf 
arm-none-eabi-objdump -h -S  BSEARCH_FUNCTIONS_F767ZI.elf  > "BSEARCH_FUNCTIONS_F767ZI.list"
arm-none-eabi-objcopy  -O ihex  BSEARCH_FUNCTIONS_F767ZI.elf  "BSEARCH_FUNCTIONS_F767ZI.hex"
arm-none-eabi-objcopy  -O binary  BSEARCH_FUNCTIONS_F767ZI.elf  "BSEARCH_FUNCTIONS_F767ZI.bin"
   text	   data	    bss	    dec	    hex	filename
  75400	    508	   3116	  79024	  134b0	BSEARCH_FUNCTIONS_F767ZI.elf
Finished building: default.size.stdout
 
Finished building: BSEARCH_FUNCTIONS_F767ZI.bin
Finished building: BSEARCH_FUNCTIONS_F767ZI.hex
 
 
Finished building: BSEARCH_FUNCTIONS_F767ZI.list
 
23:59:38 **** Incremental Build of configuration Debug for project BSEARCH_FUNCTIONS_F767ZI ****
make -j7 all 
arm-none-eabi-size   BSEARCH_FUNCTIONS_F767ZI.elf 
   text	   data	    bss	    dec	    hex	filename
  75400	    508	   3116	  79024	  134b0	BSEARCH_FUNCTIONS_F767ZI.elf
Finished building: default.size.stdout
 
00:02:27 **** Incremental Build of configuration Debug for project BSEARCH_FUNCTIONS_F767ZI ****
make -j7 all 
arm-none-eabi-gcc "../Core/Src/shell.c" -mcpu=cortex-m7 -std=gnu17 -g3 -DDEBUG -DUSE_HAL_DRIVER -DSTM32F767xx -c -I../Core/Inc -I../Core/lfs -I../Drivers/STM32F7xx_HAL_Driver/Inc -I../Drivers/STM32F7xx_HAL_Driver/Inc/Legacy -I../Drivers/CMSIS/Device/ST/STM32F7xx/Include -I../Drivers/CMSIS/Include -O0 -ffunction-sections -fdata-sections -Wall -fstack-usage -MMD -MP -MF"Core/Src/shell.d" -MT"Core/Src/shell.o" --specs=nano.specs -mfpu=fpv5-d16 -mfloat-abi=hard -mthumb -o "Core/Src/shell.o"
../Core/Src/shell.c: In function 'shellCAT':
../Core/Src/shell.c:139:33: error: 'token' undeclared (first use in this function)
  139 |  uint32_t size = lfsGetFileSize(token);
      |                                 ^~~~~
../Core/Src/shell.c:139:33: note: each undeclared identifier is reported only once for each function it appears in
../Core/Src/shell.c:146:3: warning: 'return' with no value, in function returning non-void [-Wreturn-type]
  146 |   return;
      |   ^~~~~~
../Core/Src/shell.c:130:16: note: declared here
  130 | static uint8_t shellCAT(int argc, char **argv) {
      |                ^~~~~~~~
../Core/Src/shell.c:149:2: warning: implicit declaration of function 'uartPrintFileRead' [-Wimplicit-function-declaration]
  149 |  uartPrintFileRead(token, contents, size);
      |  ^~~~~~~~~~~~~~~~~
make: *** [Core/Src/subdir.mk:61: Core/Src/shell.o] Error 1
"make -j7 all" terminated with exit code 2. Build might be incomplete.
00:02:37 **** Incremental Build of configuration Debug for project BSEARCH_FUNCTIONS_F767ZI ****
make -j7 all 
arm-none-eabi-gcc "../Core/Src/shell.c" -mcpu=cortex-m7 -std=gnu17 -g3 -DDEBUG -DUSE_HAL_DRIVER -DSTM32F767xx -c -I../Core/Inc -I../Core/lfs -I../Drivers/STM32F7xx_HAL_Driver/Inc -I../Drivers/STM32F7xx_HAL_Driver/Inc/Legacy -I../Drivers/CMSIS/Device/ST/STM32F7xx/Include -I../Drivers/CMSIS/Include -O0 -ffunction-sections -fdata-sections -Wall -fstack-usage -MMD -MP -MF"Core/Src/shell.d" -MT"Core/Src/shell.o" --specs=nano.specs -mfpu=fpv5-d16 -mfloat-abi=hard -mthumb -o "Core/Src/shell.o"
../Core/Src/shell.c: In function 'shellCAT':
../Core/Src/shell.c:142:28: error: 'token' undeclared (first use in this function)
  142 |  int32_t err = lfsReadFile(token, (uint8_t*) contents);
      |                            ^~~~~
../Core/Src/shell.c:142:28: note: each undeclared identifier is reported only once for each function it appears in
../Core/Src/shell.c:146:3: warning: 'return' with no value, in function returning non-void [-Wreturn-type]
  146 |   return;
      |   ^~~~~~
../Core/Src/shell.c:130:16: note: declared here
  130 | static uint8_t shellCAT(int argc, char **argv) {
      |                ^~~~~~~~
../Core/Src/shell.c:149:2: warning: implicit declaration of function 'uartPrintFileRead' [-Wimplicit-function-declaration]
  149 |  uartPrintFileRead(token, contents, size);
      |  ^~~~~~~~~~~~~~~~~
make: *** [Core/Src/subdir.mk:61: Core/Src/shell.o] Error 1
"make -j7 all" terminated with exit code 2. Build might be incomplete.
00:02:47 **** Incremental Build of configuration Debug for project BSEARCH_FUNCTIONS_F767ZI ****
make -j7 all 
arm-none-eabi-gcc "../Core/Src/shell.c" -mcpu=cortex-m7 -std=gnu17 -g3 -DDEBUG -DUSE_HAL_DRIVER -DSTM32F767xx -c -I../Core/Inc -I../Core/lfs -I../Drivers/STM32F7xx_HAL_Driver/Inc -I../Drivers/STM32F7xx_HAL_Driver/Inc/Legacy -I../Drivers/CMSIS/Device/ST/STM32F7xx/Include -I../Drivers/CMSIS/Include -O0 -ffunction-sections -fdata-sections -Wall -fstack-usage -MMD -MP -MF"Core/Src/shell.d" -MT"Core/Src/shell.o" --specs=nano.specs -mfpu=fpv5-d16 -mfloat-abi=hard -mthumb -o "Core/Src/shell.o"
../Core/Src/shell.c: In function 'shellCAT':
../Core/Src/shell.c:146:3: warning: 'return' with no value, in function returning non-void [-Wreturn-type]
  146 |   return;
      |   ^~~~~~
../Core/Src/shell.c:130:16: note: declared here
  130 | static uint8_t shellCAT(int argc, char **argv) {
      |                ^~~~~~~~
../Core/Src/shell.c:149:2: warning: implicit declaration of function 'uartPrintFileRead' [-Wimplicit-function-declaration]
  149 |  uartPrintFileRead(token, contents, size);
      |  ^~~~~~~~~~~~~~~~~
../Core/Src/shell.c:149:20: error: 'token' undeclared (first use in this function)
  149 |  uartPrintFileRead(token, contents, size);
      |                    ^~~~~
../Core/Src/shell.c:149:20: note: each undeclared identifier is reported only once for each function it appears in
make: *** [Core/Src/subdir.mk:61: Core/Src/shell.o] Error 1
"make -j7 all" terminated with exit code 2. Build might be incomplete.
00:02:55 **** Incremental Build of configuration Debug for project BSEARCH_FUNCTIONS_F767ZI ****
make -j7 all 
arm-none-eabi-gcc "../Core/Src/shell.c" -mcpu=cortex-m7 -std=gnu17 -g3 -DDEBUG -DUSE_HAL_DRIVER -DSTM32F767xx -c -I../Core/Inc -I../Core/lfs -I../Drivers/STM32F7xx_HAL_Driver/Inc -I../Drivers/STM32F7xx_HAL_Driver/Inc/Legacy -I../Drivers/CMSIS/Device/ST/STM32F7xx/Include -I../Drivers/CMSIS/Include -O0 -ffunction-sections -fdata-sections -Wall -fstack-usage -MMD -MP -MF"Core/Src/shell.d" -MT"Core/Src/shell.o" --specs=nano.specs -mfpu=fpv5-d16 -mfloat-abi=hard -mthumb -o "Core/Src/shell.o"
../Core/Src/shell.c: In function 'shellCAT':
../Core/Src/shell.c:146:3: warning: 'return' with no value, in function returning non-void [-Wreturn-type]
  146 |   return;
      |   ^~~~~~
../Core/Src/shell.c:130:16: note: declared here
  130 | static uint8_t shellCAT(int argc, char **argv) {
      |                ^~~~~~~~
../Core/Src/shell.c:149:2: warning: implicit declaration of function 'uartPrintFileRead' [-Wimplicit-function-declaration]
  149 |  uartPrintFileRead(argv[1], contents, size);
      |  ^~~~~~~~~~~~~~~~~
arm-none-eabi-gcc -o "BSEARCH_FUNCTIONS_F767ZI.elf" @"objects.list"   -mcpu=cortex-m7 -T"/Users/adityasehgal/Documents/GitHub/Learn_STM32/BSEARCH_FUNCTIONS_F767ZI/STM32F767ZITX_FLASH.ld" --specs=nosys.specs -Wl,-Map="BSEARCH_FUNCTIONS_F767ZI.map" -Wl,--gc-sections -static --specs=nano.specs -mfpu=fpv5-d16 -mfloat-abi=hard -mthumb -u _printf_float -u _scanf_float -Wl,--start-group -lc -lm -Wl,--end-group
/Applications/STMicroelectronics/STM32CubeIDE.app/Contents/Eclipse/plugins/com.st.stm32cube.ide.mcu.externaltools.gnu-tools-for-stm32.9-2020-q2-update.macos64_2.0.0.202105311346/tools/bin/../lib/gcc/arm-none-eabi/9.3.1/../../../../arm-none-eabi/bin/ld: ./Core/Src/shell.o: in function `shellCAT':
/Users/adityasehgal/Documents/GitHub/Learn_STM32/BSEARCH_FUNCTIONS_F767ZI/Debug/../Core/Src/shell.c:149: undefined reference to `uartPrintFileRead'
collect2: error: ld returned 1 exit status
make: *** [makefile:69: BSEARCH_FUNCTIONS_F767ZI.elf] Error 1
"make -j7 all" terminated with exit code 2. Build might be incomplete.
00:03:14 **** Incremental Build of configuration Debug for project BSEARCH_FUNCTIONS_F767ZI ****
make -j7 all 
arm-none-eabi-gcc "../Core/Src/shell.c" -mcpu=cortex-m7 -std=gnu17 -g3 -DDEBUG -DUSE_HAL_DRIVER -DSTM32F767xx -c -I../Core/Inc -I../Core/lfs -I../Drivers/STM32F7xx_HAL_Driver/Inc -I../Drivers/STM32F7xx_HAL_Driver/Inc/Legacy -I../Drivers/CMSIS/Device/ST/STM32F7xx/Include -I../Drivers/CMSIS/Include -O0 -ffunction-sections -fdata-sections -Wall -fstack-usage -MMD -MP -MF"Core/Src/shell.d" -MT"Core/Src/shell.o" --specs=nano.specs -mfpu=fpv5-d16 -mfloat-abi=hard -mthumb -o "Core/Src/shell.o"
../Core/Src/shell.c: In function 'shellCAT':
../Core/Src/shell.c:159:3: warning: 'return' with no value, in function returning non-void [-Wreturn-type]
  159 |   return;
      |   ^~~~~~
../Core/Src/shell.c:143:16: note: declared here
  143 | static uint8_t shellCAT(int argc, char **argv) {
      |                ^~~~~~~~
arm-none-eabi-gcc -o "BSEARCH_FUNCTIONS_F767ZI.elf" @"objects.list"   -mcpu=cortex-m7 -T"/Users/adityasehgal/Documents/GitHub/Learn_STM32/BSEARCH_FUNCTIONS_F767ZI/STM32F767ZITX_FLASH.ld" --specs=nosys.specs -Wl,-Map="BSEARCH_FUNCTIONS_F767ZI.map" -Wl,--gc-sections -static --specs=nano.specs -mfpu=fpv5-d16 -mfloat-abi=hard -mthumb -u _printf_float -u _scanf_float -Wl,--start-group -lc -lm -Wl,--end-group
Finished building target: BSEARCH_FUNCTIONS_F767ZI.elf
 
arm-none-eabi-size   BSEARCH_FUNCTIONS_F767ZI.elf 
arm-none-eabi-objdump -h -S  BSEARCH_FUNCTIONS_F767ZI.elf  > "BSEARCH_FUNCTIONS_F767ZI.list"
arm-none-eabi-objcopy  -O ihex  BSEARCH_FUNCTIONS_F767ZI.elf  "BSEARCH_FUNCTIONS_F767ZI.hex"
arm-none-eabi-objcopy  -O binary  BSEARCH_FUNCTIONS_F767ZI.elf  "BSEARCH_FUNCTIONS_F767ZI.bin"
   text	   data	    bss	    dec	    hex	filename
  75984	    508	   3116	  79608	  136f8	BSEARCH_FUNCTIONS_F767ZI.elf
Finished building: default.size.stdout
 
Finished building: BSEARCH_FUNCTIONS_F767ZI.bin
Finished building: BSEARCH_FUNCTIONS_F767ZI.hex
 
 
Finished building: BSEARCH_FUNCTIONS_F767ZI.list
 
00:03:38 **** Incremental Build of configuration Debug for project BSEARCH_FUNCTIONS_F767ZI ****
make -j7 all 
arm-none-eabi-gcc "../Core/Src/shell.c" -mcpu=cortex-m7 -std=gnu17 -g3 -DDEBUG -DUSE_HAL_DRIVER -DSTM32F767xx -c -I../Core/Inc -I../Core/lfs -I../Drivers/STM32F7xx_HAL_Driver/Inc -I../Drivers/STM32F7xx_HAL_Driver/Inc/Legacy -I../Drivers/CMSIS/Device/ST/STM32F7xx/Include -I../Drivers/CMSIS/Include -O0 -ffunction-sections -fdata-sections -Wall -fstack-usage -MMD -MP -MF"Core/Src/shell.d" -MT"Core/Src/shell.o" --specs=nano.specs -mfpu=fpv5-d16 -mfloat-abi=hard -mthumb -o "Core/Src/shell.o"
arm-none-eabi-gcc -o "BSEARCH_FUNCTIONS_F767ZI.elf" @"objects.list"   -mcpu=cortex-m7 -T"/Users/adityasehgal/Documents/GitHub/Learn_STM32/BSEARCH_FUNCTIONS_F767ZI/STM32F767ZITX_FLASH.ld" --specs=nosys.specs -Wl,-Map="BSEARCH_FUNCTIONS_F767ZI.map" -Wl,--gc-sections -static --specs=nano.specs -mfpu=fpv5-d16 -mfloat-abi=hard -mthumb -u _printf_float -u _scanf_float -Wl,--start-group -lc -lm -Wl,--end-group
Finished building target: BSEARCH_FUNCTIONS_F767ZI.elf
 
arm-none-eabi-size   BSEARCH_FUNCTIONS_F767ZI.elf 
arm-none-eabi-objdump -h -S  BSEARCH_FUNCTIONS_F767ZI.elf  > "BSEARCH_FUNCTIONS_F767ZI.list"
arm-none-eabi-objcopy  -O ihex  BSEARCH_FUNCTIONS_F767ZI.elf  "BSEARCH_FUNCTIONS_F767ZI.hex"
arm-none-eabi-objcopy  -O binary  BSEARCH_FUNCTIONS_F767ZI.elf  "BSEARCH_FUNCTIONS_F767ZI.bin"
   text	   data	    bss	    dec	    hex	filename
  75992	    508	   3116	  79616	  13700	BSEARCH_FUNCTIONS_F767ZI.elf
Finished building: default.size.stdout
 
Finished building: BSEARCH_FUNCTIONS_F767ZI.bin
Finished building: BSEARCH_FUNCTIONS_F767ZI.hex
 
 
Finished building: BSEARCH_FUNCTIONS_F767ZI.list
 
00:03:43 **** Incremental Build of configuration Debug for project BSEARCH_FUNCTIONS_F767ZI ****
make -j7 all 
arm-none-eabi-size   BSEARCH_FUNCTIONS_F767ZI.elf 
   text	   data	    bss	    dec	    hex	filename
  75992	    508	   3116	  79616	  13700	BSEARCH_FUNCTIONS_F767ZI.elf
Finished building: default.size.stdout
 
00:04:31 **** Incremental Build of configuration Debug for project BSEARCH_FUNCTIONS_F767ZI ****
make -j7 all 
arm-none-eabi-gcc "../Core/Src/shell.c" -mcpu=cortex-m7 -std=gnu17 -g3 -DDEBUG -DUSE_HAL_DRIVER -DSTM32F767xx -c -I../Core/Inc -I../Core/lfs -I../Drivers/STM32F7xx_HAL_Driver/Inc -I../Drivers/STM32F7xx_HAL_Driver/Inc/Legacy -I../Drivers/CMSIS/Device/ST/STM32F7xx/Include -I../Drivers/CMSIS/Include -O0 -ffunction-sections -fdata-sections -Wall -fstack-usage -MMD -MP -MF"Core/Src/shell.d" -MT"Core/Src/shell.o" --specs=nano.specs -mfpu=fpv5-d16 -mfloat-abi=hard -mthumb -o "Core/Src/shell.o"
arm-none-eabi-gcc -o "BSEARCH_FUNCTIONS_F767ZI.elf" @"objects.list"   -mcpu=cortex-m7 -T"/Users/adityasehgal/Documents/GitHub/Learn_STM32/BSEARCH_FUNCTIONS_F767ZI/STM32F767ZITX_FLASH.ld" --specs=nosys.specs -Wl,-Map="BSEARCH_FUNCTIONS_F767ZI.map" -Wl,--gc-sections -static --specs=nano.specs -mfpu=fpv5-d16 -mfloat-abi=hard -mthumb -u _printf_float -u _scanf_float -Wl,--start-group -lc -lm -Wl,--end-group
Finished building target: BSEARCH_FUNCTIONS_F767ZI.elf
 
arm-none-eabi-size   BSEARCH_FUNCTIONS_F767ZI.elf 
arm-none-eabi-objdump -h -S  BSEARCH_FUNCTIONS_F767ZI.elf  > "BSEARCH_FUNCTIONS_F767ZI.list"
arm-none-eabi-objcopy  -O ihex  BSEARCH_FUNCTIONS_F767ZI.elf  "BSEARCH_FUNCTIONS_F767ZI.hex"
arm-none-eabi-objcopy  -O binary  BSEARCH_FUNCTIONS_F767ZI.elf  "BSEARCH_FUNCTIONS_F767ZI.bin"
   text	   data	    bss	    dec	    hex	filename
  75992	    508	   3116	  79616	  13700	BSEARCH_FUNCTIONS_F767ZI.elf
Finished building: default.size.stdout
 
Finished building: BSEARCH_FUNCTIONS_F767ZI.bin
Finished building: BSEARCH_FUNCTIONS_F767ZI.hex
 
 
Finished building: BSEARCH_FUNCTIONS_F767ZI.list
 
00:07:06 **** Incremental Build of configuration Debug for project BSEARCH_FUNCTIONS_F767ZI ****
make -j7 all 
arm-none-eabi-gcc "../Core/Src/shell.c" -mcpu=cortex-m7 -std=gnu17 -g3 -DDEBUG -DUSE_HAL_DRIVER -DSTM32F767xx -c -I../Core/Inc -I../Core/lfs -I../Drivers/STM32F7xx_HAL_Driver/Inc -I../Drivers/STM32F7xx_HAL_Driver/Inc/Legacy -I../Drivers/CMSIS/Device/ST/STM32F7xx/Include -I../Drivers/CMSIS/Include -O0 -ffunction-sections -fdata-sections -Wall -fstack-usage -MMD -MP -MF"Core/Src/shell.d" -MT"Core/Src/shell.o" --specs=nano.specs -mfpu=fpv5-d16 -mfloat-abi=hard -mthumb -o "Core/Src/shell.o"
../Core/Src/shell.c: In function 'shellHEXDUMP':
../Core/Src/shell.c:263:11: warning: unused variable 'fileSize' [-Wunused-variable]
  263 |  uint32_t fileSize = lfsGetFileSize(argv[1]);
      |           ^~~~~~~~
At top level:
../Core/Src/shell.c:109:13: warning: 'shellPrintHexdump' defined but not used [-Wunused-function]
  109 | static void shellPrintHexdump(char *name, uint8_t *contents, int32_t size) {
      |             ^~~~~~~~~~~~~~~~~
arm-none-eabi-gcc -o "BSEARCH_FUNCTIONS_F767ZI.elf" @"objects.list"   -mcpu=cortex-m7 -T"/Users/adityasehgal/Documents/GitHub/Learn_STM32/BSEARCH_FUNCTIONS_F767ZI/STM32F767ZITX_FLASH.ld" --specs=nosys.specs -Wl,-Map="BSEARCH_FUNCTIONS_F767ZI.map" -Wl,--gc-sections -static --specs=nano.specs -mfpu=fpv5-d16 -mfloat-abi=hard -mthumb -u _printf_float -u _scanf_float -Wl,--start-group -lc -lm -Wl,--end-group
Finished building target: BSEARCH_FUNCTIONS_F767ZI.elf
 
arm-none-eabi-size   BSEARCH_FUNCTIONS_F767ZI.elf 
arm-none-eabi-objdump -h -S  BSEARCH_FUNCTIONS_F767ZI.elf  > "BSEARCH_FUNCTIONS_F767ZI.list"
arm-none-eabi-objcopy  -O ihex  BSEARCH_FUNCTIONS_F767ZI.elf  "BSEARCH_FUNCTIONS_F767ZI.hex"
arm-none-eabi-objcopy  -O binary  BSEARCH_FUNCTIONS_F767ZI.elf  "BSEARCH_FUNCTIONS_F767ZI.bin"
   text	   data	    bss	    dec	    hex	filename
  76064	    508	   3116	  79688	  13748	BSEARCH_FUNCTIONS_F767ZI.elf
Finished building: default.size.stdout
 
Finished building: BSEARCH_FUNCTIONS_F767ZI.bin
Finished building: BSEARCH_FUNCTIONS_F767ZI.hex
 
 
Finished building: BSEARCH_FUNCTIONS_F767ZI.list
 
00:08:02 **** Incremental Build of configuration Debug for project BSEARCH_FUNCTIONS_F767ZI ****
make -j7 all 
arm-none-eabi-gcc "../Core/Src/shell.c" -mcpu=cortex-m7 -std=gnu17 -g3 -DDEBUG -DUSE_HAL_DRIVER -DSTM32F767xx -c -I../Core/Inc -I../Core/lfs -I../Drivers/STM32F7xx_HAL_Driver/Inc -I../Drivers/STM32F7xx_HAL_Driver/Inc/Legacy -I../Drivers/CMSIS/Device/ST/STM32F7xx/Include -I../Drivers/CMSIS/Include -O0 -ffunction-sections -fdata-sections -Wall -fstack-usage -MMD -MP -MF"Core/Src/shell.d" -MT"Core/Src/shell.o" --specs=nano.specs -mfpu=fpv5-d16 -mfloat-abi=hard -mthumb -o "Core/Src/shell.o"
../Core/Src/shell.c: In function 'shellHEXDUMP':
../Core/Src/shell.c:268:10: warning: implicit declaration of function 'aoti'; did you mean 'atoi'? [-Wimplicit-function-declaration]
  268 |   size = aoti(argv[2]);
      |          ^~~~
      |          atoi
../Core/Src/shell.c:263:11: warning: variable 'size' set but not used [-Wunused-but-set-variable]
  263 |  uint32_t size = 0;
      |           ^~~~
At top level:
../Core/Src/shell.c:109:13: warning: 'shellPrintHexdump' defined but not used [-Wunused-function]
  109 | static void shellPrintHexdump(char *name, uint8_t *contents, int32_t size) {
      |             ^~~~~~~~~~~~~~~~~
arm-none-eabi-gcc -o "BSEARCH_FUNCTIONS_F767ZI.elf" @"objects.list"   -mcpu=cortex-m7 -T"/Users/adityasehgal/Documents/GitHub/Learn_STM32/BSEARCH_FUNCTIONS_F767ZI/STM32F767ZITX_FLASH.ld" --specs=nosys.specs -Wl,-Map="BSEARCH_FUNCTIONS_F767ZI.map" -Wl,--gc-sections -static --specs=nano.specs -mfpu=fpv5-d16 -mfloat-abi=hard -mthumb -u _printf_float -u _scanf_float -Wl,--start-group -lc -lm -Wl,--end-group
/Applications/STMicroelectronics/STM32CubeIDE.app/Contents/Eclipse/plugins/com.st.stm32cube.ide.mcu.externaltools.gnu-tools-for-stm32.9-2020-q2-update.macos64_2.0.0.202105311346/tools/bin/../lib/gcc/arm-none-eabi/9.3.1/../../../../arm-none-eabi/bin/ld: ./Core/Src/shell.o: in function `shellHEXDUMP':
/Users/adityasehgal/Documents/GitHub/Learn_STM32/BSEARCH_FUNCTIONS_F767ZI/Debug/../Core/Src/shell.c:268: undefined reference to `aoti'
collect2: error: ld returned 1 exit status
make: *** [makefile:69: BSEARCH_FUNCTIONS_F767ZI.elf] Error 1
"make -j7 all" terminated with exit code 2. Build might be incomplete.
00:08:06 **** Incremental Build of configuration Debug for project BSEARCH_FUNCTIONS_F767ZI ****
make -j7 all 
arm-none-eabi-gcc "../Core/Src/shell.c" -mcpu=cortex-m7 -std=gnu17 -g3 -DDEBUG -DUSE_HAL_DRIVER -DSTM32F767xx -c -I../Core/Inc -I../Core/lfs -I../Drivers/STM32F7xx_HAL_Driver/Inc -I../Drivers/STM32F7xx_HAL_Driver/Inc/Legacy -I../Drivers/CMSIS/Device/ST/STM32F7xx/Include -I../Drivers/CMSIS/Include -O0 -ffunction-sections -fdata-sections -Wall -fstack-usage -MMD -MP -MF"Core/Src/shell.d" -MT"Core/Src/shell.o" --specs=nano.specs -mfpu=fpv5-d16 -mfloat-abi=hard -mthumb -o "Core/Src/shell.o"
../Core/Src/shell.c: In function 'shellHEXDUMP':
../Core/Src/shell.c:263:11: warning: variable 'size' set but not used [-Wunused-but-set-variable]
  263 |  uint32_t size = 0;
      |           ^~~~
At top level:
../Core/Src/shell.c:109:13: warning: 'shellPrintHexdump' defined but not used [-Wunused-function]
  109 | static void shellPrintHexdump(char *name, uint8_t *contents, int32_t size) {
      |             ^~~~~~~~~~~~~~~~~
arm-none-eabi-gcc -o "BSEARCH_FUNCTIONS_F767ZI.elf" @"objects.list"   -mcpu=cortex-m7 -T"/Users/adityasehgal/Documents/GitHub/Learn_STM32/BSEARCH_FUNCTIONS_F767ZI/STM32F767ZITX_FLASH.ld" --specs=nosys.specs -Wl,-Map="BSEARCH_FUNCTIONS_F767ZI.map" -Wl,--gc-sections -static --specs=nano.specs -mfpu=fpv5-d16 -mfloat-abi=hard -mthumb -u _printf_float -u _scanf_float -Wl,--start-group -lc -lm -Wl,--end-group
Finished building target: BSEARCH_FUNCTIONS_F767ZI.elf
 
arm-none-eabi-size   BSEARCH_FUNCTIONS_F767ZI.elf 
arm-none-eabi-objdump -h -S  BSEARCH_FUNCTIONS_F767ZI.elf  > "BSEARCH_FUNCTIONS_F767ZI.list"
arm-none-eabi-objcopy  -O ihex  BSEARCH_FUNCTIONS_F767ZI.elf  "BSEARCH_FUNCTIONS_F767ZI.hex"
arm-none-eabi-objcopy  -O binary  BSEARCH_FUNCTIONS_F767ZI.elf  "BSEARCH_FUNCTIONS_F767ZI.bin"
   text	   data	    bss	    dec	    hex	filename
  76120	    508	   3116	  79744	  13780	BSEARCH_FUNCTIONS_F767ZI.elf
Finished building: default.size.stdout
 
Finished building: BSEARCH_FUNCTIONS_F767ZI.bin
Finished building: BSEARCH_FUNCTIONS_F767ZI.hex
 
 
Finished building: BSEARCH_FUNCTIONS_F767ZI.list
 
00:08:46 **** Incremental Build of configuration Debug for project BSEARCH_FUNCTIONS_F767ZI ****
make -j7 all 
arm-none-eabi-gcc "../Core/Src/shell.c" -mcpu=cortex-m7 -std=gnu17 -g3 -DDEBUG -DUSE_HAL_DRIVER -DSTM32F767xx -c -I../Core/Inc -I../Core/lfs -I../Drivers/STM32F7xx_HAL_Driver/Inc -I../Drivers/STM32F7xx_HAL_Driver/Inc/Legacy -I../Drivers/CMSIS/Device/ST/STM32F7xx/Include -I../Drivers/CMSIS/Include -O0 -ffunction-sections -fdata-sections -Wall -fstack-usage -MMD -MP -MF"Core/Src/shell.d" -MT"Core/Src/shell.o" --specs=nano.specs -mfpu=fpv5-d16 -mfloat-abi=hard -mthumb -o "Core/Src/shell.o"
../Core/Src/shell.c: In function 'shellHEXDUMP':
../Core/Src/shell.c:273:24: error: 'fileName' undeclared (first use in this function)
  273 |  int err = lfsReadFile(fileName, contents);
      |                        ^~~~~~~~
../Core/Src/shell.c:273:24: note: each undeclared identifier is reported only once for each function it appears in
../Core/Src/shell.c:277:3: warning: 'return' with no value, in function returning non-void [-Wreturn-type]
  277 |   return;
      |   ^~~~~~
../Core/Src/shell.c:253:16: note: declared here
  253 | static uint8_t shellHEXDUMP(int argc, char **argv) {
      |                ^~~~~~~~~~~~
../Core/Src/shell.c:280:2: warning: implicit declaration of function 'uartprintHexdump' [-Wimplicit-function-declaration]
  280 |  uartprintHexdump(fileName, contents, size);
      |  ^~~~~~~~~~~~~~~~
At top level:
../Core/Src/shell.c:109:13: warning: 'shellPrintHexdump' defined but not used [-Wunused-function]
  109 | static void shellPrintHexdump(char *name, uint8_t *contents, int32_t size) {
      |             ^~~~~~~~~~~~~~~~~
make: *** [Core/Src/subdir.mk:61: Core/Src/shell.o] Error 1
"make -j7 all" terminated with exit code 2. Build might be incomplete.
00:09:03 **** Incremental Build of configuration Debug for project BSEARCH_FUNCTIONS_F767ZI ****
make -j7 all 
arm-none-eabi-gcc "../Core/Src/shell.c" -mcpu=cortex-m7 -std=gnu17 -g3 -DDEBUG -DUSE_HAL_DRIVER -DSTM32F767xx -c -I../Core/Inc -I../Core/lfs -I../Drivers/STM32F7xx_HAL_Driver/Inc -I../Drivers/STM32F7xx_HAL_Driver/Inc/Legacy -I../Drivers/CMSIS/Device/ST/STM32F7xx/Include -I../Drivers/CMSIS/Include -O0 -ffunction-sections -fdata-sections -Wall -fstack-usage -MMD -MP -MF"Core/Src/shell.d" -MT"Core/Src/shell.o" --specs=nano.specs -mfpu=fpv5-d16 -mfloat-abi=hard -mthumb -o "Core/Src/shell.o"
../Core/Src/shell.c: In function 'shellHEXDUMP':
../Core/Src/shell.c:277:3: warning: 'return' with no value, in function returning non-void [-Wreturn-type]
  277 |   return;
      |   ^~~~~~
../Core/Src/shell.c:253:16: note: declared here
  253 | static uint8_t shellHEXDUMP(int argc, char **argv) {
      |                ^~~~~~~~~~~~
../Core/Src/shell.c:280:20: error: 'fileName' undeclared (first use in this function)
  280 |  shellPrintHexdump(fileName, contents, size);
      |                    ^~~~~~~~
../Core/Src/shell.c:280:20: note: each undeclared identifier is reported only once for each function it appears in
make: *** [Core/Src/subdir.mk:61: Core/Src/shell.o] Error 1
"make -j7 all" terminated with exit code 2. Build might be incomplete.
00:09:18 **** Incremental Build of configuration Debug for project BSEARCH_FUNCTIONS_F767ZI ****
make -j7 all 
[...]
      |                                  |
      |                                  char (*)[4]
../Core/Src/shell.c:164:34: note: expected 'char **' but argument is of type 'char (*)[4]'
make: *** [Core/Src/subdir.mk:61: Core/Src/shell.o] Error 1
"make -j7 all" terminated with exit code 2. Build might be incomplete.
22:22:09 **** Incremental Build of configuration Debug for project BSEARCH_FUNCTIONS_F767ZI ****
make -j7 all 
arm-none-eabi-gcc "../Core/Src/shell.c" -mcpu=cortex-m7 -std=gnu17 -g3 -DDEBUG -DUSE_HAL_DRIVER -DSTM32F767xx -c -I../Core/Inc -I../Core/lfs -I../Drivers/STM32F7xx_HAL_Driver/Inc -I../Drivers/STM32F7xx_HAL_Driver/Inc/Legacy -I../Drivers/CMSIS/Device/ST/STM32F7xx/Include -I../Drivers/CMSIS/Include -O0 -ffunction-sections -fdata-sections -Wall -fstack-usage -MMD -MP -MF"Core/Src/shell.d" -MT"Core/Src/shell.o" --specs=nano.specs -mfpu=fpv5-d16 -mfloat-abi=hard -mthumb -o "Core/Src/shell.o"
arm-none-eabi-gcc -o "BSEARCH_FUNCTIONS_F767ZI.elf" @"objects.list"   -mcpu=cortex-m7 -T"/Users/adityasehgal/Documents/GitHub/Learn_STM32/BSEARCH_FUNCTIONS_F767ZI/STM32F767ZITX_FLASH.ld" --specs=nosys.specs -Wl,-Map="BSEARCH_FUNCTIONS_F767ZI.map" -Wl,--gc-sections -static --specs=nano.specs -mfpu=fpv5-d16 -mfloat-abi=hard -mthumb -u _printf_float -u _scanf_float -Wl,--start-group -lc -lm -Wl,--end-group
Finished building target: BSEARCH_FUNCTIONS_F767ZI.elf
 
arm-none-eabi-size   BSEARCH_FUNCTIONS_F767ZI.elf 
arm-none-eabi-objdump -h -S  BSEARCH_FUNCTIONS_F767ZI.elf  > "BSEARCH_FUNCTIONS_F767ZI.list"
arm-none-eabi-objcopy  -O ihex  BSEARCH_FUNCTIONS_F767ZI.elf  "BSEARCH_FUNCTIONS_F767ZI.hex"
arm-none-eabi-objcopy  -O binary  BSEARCH_FUNCTIONS_F767ZI.elf  "BSEARCH_FUNCTIONS_F767ZI.bin"
   text	   data	    bss	    dec	    hex	filename
  81376	    508	   3116	  85000	  14c08	BSEARCH_FUNCTIONS_F767ZI.elf
Finished building: default.size.stdout
 
Finished building: BSEARCH_FUNCTIONS_F767ZI.bin
Finished building: BSEARCH_FUNCTIONS_F767ZI.hex
 
 
Finished building: BSEARCH_FUNCTIONS_F767ZI.list
 
22:27:06 **** Incremental Build of configuration Debug for project BSEARCH_FUNCTIONS_F767ZI ****
make -j7 all 
arm-none-eabi-gcc "../Core/Src/shell.c" -mcpu=cortex-m7 -std=gnu17 -g3 -DDEBUG -DUSE_HAL_DRIVER -DSTM32F767xx -c -I../Core/Inc -I../Core/lfs -I../Drivers/STM32F7xx_HAL_Driver/Inc -I../Drivers/STM32F7xx_HAL_Driver/Inc/Legacy -I../Drivers/CMSIS/Device/ST/STM32F7xx/Include -I../Drivers/CMSIS/Include -O0 -ffunction-sections -fdata-sections -Wall -fstack-usage -MMD -MP -MF"Core/Src/shell.d" -MT"Core/Src/shell.o" --specs=nano.specs -mfpu=fpv5-d16 -mfloat-abi=hard -mthumb -o "Core/Src/shell.o"
arm-none-eabi-gcc -o "BSEARCH_FUNCTIONS_F767ZI.elf" @"objects.list"   -mcpu=cortex-m7 -T"/Users/adityasehgal/Documents/GitHub/Learn_STM32/BSEARCH_FUNCTIONS_F767ZI/STM32F767ZITX_FLASH.ld" --specs=nosys.specs -Wl,-Map="BSEARCH_FUNCTIONS_F767ZI.map" -Wl,--gc-sections -static --specs=nano.specs -mfpu=fpv5-d16 -mfloat-abi=hard -mthumb -u _printf_float -u _scanf_float -Wl,--start-group -lc -lm -Wl,--end-group
Finished building target: BSEARCH_FUNCTIONS_F767ZI.elf
 
arm-none-eabi-size   BSEARCH_FUNCTIONS_F767ZI.elf 
arm-none-eabi-objdump -h -S  BSEARCH_FUNCTIONS_F767ZI.elf  > "BSEARCH_FUNCTIONS_F767ZI.list"
arm-none-eabi-objcopy  -O ihex  BSEARCH_FUNCTIONS_F767ZI.elf  "BSEARCH_FUNCTIONS_F767ZI.hex"
arm-none-eabi-objcopy  -O binary  BSEARCH_FUNCTIONS_F767ZI.elf  "BSEARCH_FUNCTIONS_F767ZI.bin"
   text	   data	    bss	    dec	    hex	filename
  81432	    508	   3116	  85056	  14c40	BSEARCH_FUNCTIONS_F767ZI.elf
Finished building: default.size.stdout
 
Finished building: BSEARCH_FUNCTIONS_F767ZI.bin
Finished building: BSEARCH_FUNCTIONS_F767ZI.hex
 
 
Finished building: BSEARCH_FUNCTIONS_F767ZI.list
 
22:27:43 **** Incremental Build of configuration Debug for project BSEARCH_FUNCTIONS_F767ZI ****
make -j7 all 
arm-none-eabi-gcc "../Core/Src/shell.c" -mcpu=cortex-m7 -std=gnu17 -g3 -DDEBUG -DUSE_HAL_DRIVER -DSTM32F767xx -c -I../Core/Inc -I../Core/lfs -I../Drivers/STM32F7xx_HAL_Driver/Inc -I../Drivers/STM32F7xx_HAL_Driver/Inc/Legacy -I../Drivers/CMSIS/Device/ST/STM32F7xx/Include -I../Drivers/CMSIS/Include -O0 -ffunction-sections -fdata-sections -Wall -fstack-usage -MMD -MP -MF"Core/Src/shell.d" -MT"Core/Src/shell.o" --specs=nano.specs -mfpu=fpv5-d16 -mfloat-abi=hard -mthumb -o "Core/Src/shell.o"
../Core/Src/shell.c:143:16: warning: 'shellCheckParam' defined but not used [-Wunused-function]
  143 | static uint8_t shellCheckParam(char *param) {
      |                ^~~~~~~~~~~~~~~
arm-none-eabi-gcc -o "BSEARCH_FUNCTIONS_F767ZI.elf" @"objects.list"   -mcpu=cortex-m7 -T"/Users/adityasehgal/Documents/GitHub/Learn_STM32/BSEARCH_FUNCTIONS_F767ZI/STM32F767ZITX_FLASH.ld" --specs=nosys.specs -Wl,-Map="BSEARCH_FUNCTIONS_F767ZI.map" -Wl,--gc-sections -static --specs=nano.specs -mfpu=fpv5-d16 -mfloat-abi=hard -mthumb -u _printf_float -u _scanf_float -Wl,--start-group -lc -lm -Wl,--end-group
Finished building target: BSEARCH_FUNCTIONS_F767ZI.elf
 
arm-none-eabi-size   BSEARCH_FUNCTIONS_F767ZI.elf 
arm-none-eabi-objdump -h -S  BSEARCH_FUNCTIONS_F767ZI.elf  > "BSEARCH_FUNCTIONS_F767ZI.list"
arm-none-eabi-objcopy  -O ihex  BSEARCH_FUNCTIONS_F767ZI.elf  "BSEARCH_FUNCTIONS_F767ZI.hex"
arm-none-eabi-objcopy  -O binary  BSEARCH_FUNCTIONS_F767ZI.elf  "BSEARCH_FUNCTIONS_F767ZI.bin"
   text	   data	    bss	    dec	    hex	filename
  81376	    508	   3116	  85000	  14c08	BSEARCH_FUNCTIONS_F767ZI.elf
Finished building: default.size.stdout
 
Finished building: BSEARCH_FUNCTIONS_F767ZI.bin
Finished building: BSEARCH_FUNCTIONS_F767ZI.hex
 
 
Finished building: BSEARCH_FUNCTIONS_F767ZI.list
 
22:28:57 **** Incremental Build of configuration Debug for project BSEARCH_FUNCTIONS_F767ZI ****
make -j7 all 
arm-none-eabi-gcc "../Core/Src/shell.c" -mcpu=cortex-m7 -std=gnu17 -g3 -DDEBUG -DUSE_HAL_DRIVER -DSTM32F767xx -c -I../Core/Inc -I../Core/lfs -I../Drivers/STM32F7xx_HAL_Driver/Inc -I../Drivers/STM32F7xx_HAL_Driver/Inc/Legacy -I../Drivers/CMSIS/Device/ST/STM32F7xx/Include -I../Drivers/CMSIS/Include -O0 -ffunction-sections -fdata-sections -Wall -fstack-usage -MMD -MP -MF"Core/Src/shell.d" -MT"Core/Src/shell.o" --specs=nano.specs -mfpu=fpv5-d16 -mfloat-abi=hard -mthumb -o "Core/Src/shell.o"
../Core/Src/shell.c: In function 'shellProcess':
../Core/Src/shell.c:162:11: error: assignment to expression with array type
  162 |   argv[i] = (char*) input.rxWords[i];
      |           ^
../Core/Src/shell.c:171:34: warning: passing argument 2 of 'command->funcptr' from incompatible pointer type [-Wincompatible-pointer-types]
  171 |   ret = (command->funcptr)(argc, argv);
      |                                  ^~~~
      |                                  |
      |                                  char (*)[64]
../Core/Src/shell.c:171:34: note: expected 'char **' but argument is of type 'char (*)[64]'
At top level:
../Core/Src/shell.c:143:16: warning: 'shellCheckParam' defined but not used [-Wunused-function]
  143 | static uint8_t shellCheckParam(char *param) {
      |                ^~~~~~~~~~~~~~~
make: *** [Core/Src/subdir.mk:61: Core/Src/shell.o] Error 1
"make -j7 all" terminated with exit code 2. Build might be incomplete.
22:29:33 **** Incremental Build of configuration Debug for project BSEARCH_FUNCTIONS_F767ZI ****
make -j7 all 
arm-none-eabi-gcc "../Core/Src/shell.c" -mcpu=cortex-m7 -std=gnu17 -g3 -DDEBUG -DUSE_HAL_DRIVER -DSTM32F767xx -c -I../Core/Inc -I../Core/lfs -I../Drivers/STM32F7xx_HAL_Driver/Inc -I../Drivers/STM32F7xx_HAL_Driver/Inc/Legacy -I../Drivers/CMSIS/Device/ST/STM32F7xx/Include -I../Drivers/CMSIS/Include -O0 -ffunction-sections -fdata-sections -Wall -fstack-usage -MMD -MP -MF"Core/Src/shell.d" -MT"Core/Src/shell.o" --specs=nano.specs -mfpu=fpv5-d16 -mfloat-abi=hard -mthumb -o "Core/Src/shell.o"
../Core/Src/shell.c:143:16: warning: 'shellCheckParam' defined but not used [-Wunused-function]
  143 | static uint8_t shellCheckParam(char *param) {
      |                ^~~~~~~~~~~~~~~
arm-none-eabi-gcc -o "BSEARCH_FUNCTIONS_F767ZI.elf" @"objects.list"   -mcpu=cortex-m7 -T"/Users/adityasehgal/Documents/GitHub/Learn_STM32/BSEARCH_FUNCTIONS_F767ZI/STM32F767ZITX_FLASH.ld" --specs=nosys.specs -Wl,-Map="BSEARCH_FUNCTIONS_F767ZI.map" -Wl,--gc-sections -static --specs=nano.specs -mfpu=fpv5-d16 -mfloat-abi=hard -mthumb -u _printf_float -u _scanf_float -Wl,--start-group -lc -lm -Wl,--end-group
Finished building target: BSEARCH_FUNCTIONS_F767ZI.elf
 
arm-none-eabi-size   BSEARCH_FUNCTIONS_F767ZI.elf 
arm-none-eabi-objdump -h -S  BSEARCH_FUNCTIONS_F767ZI.elf  > "BSEARCH_FUNCTIONS_F767ZI.list"
arm-none-eabi-objcopy  -O ihex  BSEARCH_FUNCTIONS_F767ZI.elf  "BSEARCH_FUNCTIONS_F767ZI.hex"
arm-none-eabi-objcopy  -O binary  BSEARCH_FUNCTIONS_F767ZI.elf  "BSEARCH_FUNCTIONS_F767ZI.bin"
   text	   data	    bss	    dec	    hex	filename
  81376	    508	   3116	  85000	  14c08	BSEARCH_FUNCTIONS_F767ZI.elf
Finished building: default.size.stdout
 
Finished building: BSEARCH_FUNCTIONS_F767ZI.bin
Finished building: BSEARCH_FUNCTIONS_F767ZI.hex
 
 
Finished building: BSEARCH_FUNCTIONS_F767ZI.list
 
22:29:36 **** Incremental Build of configuration Debug for project BSEARCH_FUNCTIONS_F767ZI ****
make -j7 all 
arm-none-eabi-size   BSEARCH_FUNCTIONS_F767ZI.elf 
   text	   data	    bss	    dec	    hex	filename
  81376	    508	   3116	  85000	  14c08	BSEARCH_FUNCTIONS_F767ZI.elf
Finished building: default.size.stdout
 
22:29:56 **** Incremental Build of configuration Debug for project BSEARCH_FUNCTIONS_F767ZI ****
make -j7 all 
arm-none-eabi-size   BSEARCH_FUNCTIONS_F767ZI.elf 
   text	   data	    bss	    dec	    hex	filename
  81376	    508	   3116	  85000	  14c08	BSEARCH_FUNCTIONS_F767ZI.elf
Finished building: default.size.stdout
 
22:31:22 **** Incremental Build of configuration Debug for project BSEARCH_FUNCTIONS_F767ZI ****
make -j7 all 
arm-none-eabi-gcc "../Core/Src/shell.c" -mcpu=cortex-m7 -std=gnu17 -g3 -DDEBUG -DUSE_HAL_DRIVER -DSTM32F767xx -c -I../Core/Inc -I../Core/lfs -I../Drivers/STM32F7xx_HAL_Driver/Inc -I../Drivers/STM32F7xx_HAL_Driver/Inc/Legacy -I../Drivers/CMSIS/Device/ST/STM32F7xx/Include -I../Drivers/CMSIS/Include -O0 -ffunction-sections -fdata-sections -Wall -fstack-usage -MMD -MP -MF"Core/Src/shell.d" -MT"Core/Src/shell.o" --specs=nano.specs -mfpu=fpv5-d16 -mfloat-abi=hard -mthumb -o "Core/Src/shell.o"
arm-none-eabi-gcc -o "BSEARCH_FUNCTIONS_F767ZI.elf" @"objects.list"   -mcpu=cortex-m7 -T"/Users/adityasehgal/Documents/GitHub/Learn_STM32/BSEARCH_FUNCTIONS_F767ZI/STM32F767ZITX_FLASH.ld" --specs=nosys.specs -Wl,-Map="BSEARCH_FUNCTIONS_F767ZI.map" -Wl,--gc-sections -static --specs=nano.specs -mfpu=fpv5-d16 -mfloat-abi=hard -mthumb -u _printf_float -u _scanf_float -Wl,--start-group -lc -lm -Wl,--end-group
Finished building target: BSEARCH_FUNCTIONS_F767ZI.elf
 
arm-none-eabi-size   BSEARCH_FUNCTIONS_F767ZI.elf 
arm-none-eabi-objdump -h -S  BSEARCH_FUNCTIONS_F767ZI.elf  > "BSEARCH_FUNCTIONS_F767ZI.list"
arm-none-eabi-objcopy  -O ihex  BSEARCH_FUNCTIONS_F767ZI.elf  "BSEARCH_FUNCTIONS_F767ZI.hex"
arm-none-eabi-objcopy  -O binary  BSEARCH_FUNCTIONS_F767ZI.elf  "BSEARCH_FUNCTIONS_F767ZI.bin"
   text	   data	    bss	    dec	    hex	filename
  81376	    508	   3116	  85000	  14c08	BSEARCH_FUNCTIONS_F767ZI.elf
Finished building: default.size.stdout
 
Finished building: BSEARCH_FUNCTIONS_F767ZI.bin
Finished building: BSEARCH_FUNCTIONS_F767ZI.hex
 
 
Finished building: BSEARCH_FUNCTIONS_F767ZI.list
 
22:34:51 **** Incremental Build of configuration Debug for project BSEARCH_FUNCTIONS_F767ZI ****
make -j7 all 
arm-none-eabi-gcc "../Core/Src/shell.c" -mcpu=cortex-m7 -std=gnu17 -g3 -DDEBUG -DUSE_HAL_DRIVER -DSTM32F767xx -c -I../Core/Inc -I../Core/lfs -I../Drivers/STM32F7xx_HAL_Driver/Inc -I../Drivers/STM32F7xx_HAL_Driver/Inc/Legacy -I../Drivers/CMSIS/Device/ST/STM32F7xx/Include -I../Drivers/CMSIS/Include -O0 -ffunction-sections -fdata-sections -Wall -fstack-usage -MMD -MP -MF"Core/Src/shell.d" -MT"Core/Src/shell.o" --specs=nano.specs -mfpu=fpv5-d16 -mfloat-abi=hard -mthumb -o "Core/Src/shell.o"
arm-none-eabi-gcc -o "BSEARCH_FUNCTIONS_F767ZI.elf" @"objects.list"   -mcpu=cortex-m7 -T"/Users/adityasehgal/Documents/GitHub/Learn_STM32/BSEARCH_FUNCTIONS_F767ZI/STM32F767ZITX_FLASH.ld" --specs=nosys.specs -Wl,-Map="BSEARCH_FUNCTIONS_F767ZI.map" -Wl,--gc-sections -static --specs=nano.specs -mfpu=fpv5-d16 -mfloat-abi=hard -mthumb -u _printf_float -u _scanf_float -Wl,--start-group -lc -lm -Wl,--end-group
Finished building target: BSEARCH_FUNCTIONS_F767ZI.elf
 
arm-none-eabi-size   BSEARCH_FUNCTIONS_F767ZI.elf 
arm-none-eabi-objdump -h -S  BSEARCH_FUNCTIONS_F767ZI.elf  > "BSEARCH_FUNCTIONS_F767ZI.list"
arm-none-eabi-objcopy  -O ihex  BSEARCH_FUNCTIONS_F767ZI.elf  "BSEARCH_FUNCTIONS_F767ZI.hex"
arm-none-eabi-objcopy  -O binary  BSEARCH_FUNCTIONS_F767ZI.elf  "BSEARCH_FUNCTIONS_F767ZI.bin"
   text	   data	    bss	    dec	    hex	filename
  81392	    508	   3116	  85016	  14c18	BSEARCH_FUNCTIONS_F767ZI.elf
Finished building: default.size.stdout
 
Finished building: BSEARCH_FUNCTIONS_F767ZI.bin
Finished building: BSEARCH_FUNCTIONS_F767ZI.hex
 
 
Finished building: BSEARCH_FUNCTIONS_F767ZI.list
 
22:35:03 **** Incremental Build of configuration Debug for project BSEARCH_FUNCTIONS_F767ZI ****
make -j7 all 
arm-none-eabi-gcc "../Core/Src/shell.c" -mcpu=cortex-m7 -std=gnu17 -g3 -DDEBUG -DUSE_HAL_DRIVER -DSTM32F767xx -c -I../Core/Inc -I../Core/lfs -I../Drivers/STM32F7xx_HAL_Driver/Inc -I../Drivers/STM32F7xx_HAL_Driver/Inc/Legacy -I../Drivers/CMSIS/Device/ST/STM32F7xx/Include -I../Drivers/CMSIS/Include -O0 -ffunction-sections -fdata-sections -Wall -fstack-usage -MMD -MP -MF"Core/Src/shell.d" -MT"Core/Src/shell.o" --specs=nano.specs -mfpu=fpv5-d16 -mfloat-abi=hard -mthumb -o "Core/Src/shell.o"
arm-none-eabi-gcc -o "BSEARCH_FUNCTIONS_F767ZI.elf" @"objects.list"   -mcpu=cortex-m7 -T"/Users/adityasehgal/Documents/GitHub/Learn_STM32/BSEARCH_FUNCTIONS_F767ZI/STM32F767ZITX_FLASH.ld" --specs=nosys.specs -Wl,-Map="BSEARCH_FUNCTIONS_F767ZI.map" -Wl,--gc-sections -static --specs=nano.specs -mfpu=fpv5-d16 -mfloat-abi=hard -mthumb -u _printf_float -u _scanf_float -Wl,--start-group -lc -lm -Wl,--end-group
Finished building target: BSEARCH_FUNCTIONS_F767ZI.elf
 
arm-none-eabi-size   BSEARCH_FUNCTIONS_F767ZI.elf 
arm-none-eabi-objdump -h -S  BSEARCH_FUNCTIONS_F767ZI.elf  > "BSEARCH_FUNCTIONS_F767ZI.list"
arm-none-eabi-objcopy  -O ihex  BSEARCH_FUNCTIONS_F767ZI.elf  "BSEARCH_FUNCTIONS_F767ZI.hex"
arm-none-eabi-objcopy  -O binary  BSEARCH_FUNCTIONS_F767ZI.elf  "BSEARCH_FUNCTIONS_F767ZI.bin"
   text	   data	    bss	    dec	    hex	filename
  81392	    508	   3116	  85016	  14c18	BSEARCH_FUNCTIONS_F767ZI.elf
Finished building: default.size.stdout
 
Finished building: BSEARCH_FUNCTIONS_F767ZI.bin
Finished building: BSEARCH_FUNCTIONS_F767ZI.hex
 
 
Finished building: BSEARCH_FUNCTIONS_F767ZI.list
 
22:36:23 **** Incremental Build of configuration Debug for project BSEARCH_FUNCTIONS_F767ZI ****
make -j7 all 
arm-none-eabi-gcc "../Core/Src/shell.c" -mcpu=cortex-m7 -std=gnu17 -g3 -DDEBUG -DUSE_HAL_DRIVER -DSTM32F767xx -c -I../Core/Inc -I../Core/lfs -I../Drivers/STM32F7xx_HAL_Driver/Inc -I../Drivers/STM32F7xx_HAL_Driver/Inc/Legacy -I../Drivers/CMSIS/Device/ST/STM32F7xx/Include -I../Drivers/CMSIS/Include -O0 -ffunction-sections -fdata-sections -Wall -fstack-usage -MMD -MP -MF"Core/Src/shell.d" -MT"Core/Src/shell.o" --specs=nano.specs -mfpu=fpv5-d16 -mfloat-abi=hard -mthumb -o "Core/Src/shell.o"
arm-none-eabi-gcc -o "BSEARCH_FUNCTIONS_F767ZI.elf" @"objects.list"   -mcpu=cortex-m7 -T"/Users/adityasehgal/Documents/GitHub/Learn_STM32/BSEARCH_FUNCTIONS_F767ZI/STM32F767ZITX_FLASH.ld" --specs=nosys.specs -Wl,-Map="BSEARCH_FUNCTIONS_F767ZI.map" -Wl,--gc-sections -static --specs=nano.specs -mfpu=fpv5-d16 -mfloat-abi=hard -mthumb -u _printf_float -u _scanf_float -Wl,--start-group -lc -lm -Wl,--end-group
Finished building target: BSEARCH_FUNCTIONS_F767ZI.elf
 
arm-none-eabi-size   BSEARCH_FUNCTIONS_F767ZI.elf 
arm-none-eabi-objdump -h -S  BSEARCH_FUNCTIONS_F767ZI.elf  > "BSEARCH_FUNCTIONS_F767ZI.list"
arm-none-eabi-objcopy  -O ihex  BSEARCH_FUNCTIONS_F767ZI.elf  "BSEARCH_FUNCTIONS_F767ZI.hex"
arm-none-eabi-objcopy  -O binary  BSEARCH_FUNCTIONS_F767ZI.elf  "BSEARCH_FUNCTIONS_F767ZI.bin"
   text	   data	    bss	    dec	    hex	filename
  81408	    508	   3116	  85032	  14c28	BSEARCH_FUNCTIONS_F767ZI.elf
Finished building: default.size.stdout
 
Finished building: BSEARCH_FUNCTIONS_F767ZI.bin
Finished building: BSEARCH_FUNCTIONS_F767ZI.hex
 
 
Finished building: BSEARCH_FUNCTIONS_F767ZI.list
 
22:36:56 **** Incremental Build of configuration Debug for project BSEARCH_FUNCTIONS_F767ZI ****
make -j7 all 
arm-none-eabi-gcc "../Core/Src/shell.c" -mcpu=cortex-m7 -std=gnu17 -g3 -DDEBUG -DUSE_HAL_DRIVER -DSTM32F767xx -c -I../Core/Inc -I../Core/lfs -I../Drivers/STM32F7xx_HAL_Driver/Inc -I../Drivers/STM32F7xx_HAL_Driver/Inc/Legacy -I../Drivers/CMSIS/Device/ST/STM32F7xx/Include -I../Drivers/CMSIS/Include -O0 -ffunction-sections -fdata-sections -Wall -fstack-usage -MMD -MP -MF"Core/Src/shell.d" -MT"Core/Src/shell.o" --specs=nano.specs -mfpu=fpv5-d16 -mfloat-abi=hard -mthumb -o "Core/Src/shell.o"
arm-none-eabi-gcc -o "BSEARCH_FUNCTIONS_F767ZI.elf" @"objects.list"   -mcpu=cortex-m7 -T"/Users/adityasehgal/Documents/GitHub/Learn_STM32/BSEARCH_FUNCTIONS_F767ZI/STM32F767ZITX_FLASH.ld" --specs=nosys.specs -Wl,-Map="BSEARCH_FUNCTIONS_F767ZI.map" -Wl,--gc-sections -static --specs=nano.specs -mfpu=fpv5-d16 -mfloat-abi=hard -mthumb -u _printf_float -u _scanf_float -Wl,--start-group -lc -lm -Wl,--end-group
Finished building target: BSEARCH_FUNCTIONS_F767ZI.elf
 
arm-none-eabi-size   BSEARCH_FUNCTIONS_F767ZI.elf 
arm-none-eabi-objdump -h -S  BSEARCH_FUNCTIONS_F767ZI.elf  > "BSEARCH_FUNCTIONS_F767ZI.list"
arm-none-eabi-objcopy  -O ihex  BSEARCH_FUNCTIONS_F767ZI.elf  "BSEARCH_FUNCTIONS_F767ZI.hex"
arm-none-eabi-objcopy  -O binary  BSEARCH_FUNCTIONS_F767ZI.elf  "BSEARCH_FUNCTIONS_F767ZI.bin"
   text	   data	    bss	    dec	    hex	filename
  81416	    508	   3116	  85040	  14c30	BSEARCH_FUNCTIONS_F767ZI.elf
Finished building: default.size.stdout
 
Finished building: BSEARCH_FUNCTIONS_F767ZI.bin
Finished building: BSEARCH_FUNCTIONS_F767ZI.hex
 
 
Finished building: BSEARCH_FUNCTIONS_F767ZI.list
 
22:37:20 **** Incremental Build of configuration Debug for project BSEARCH_FUNCTIONS_F767ZI ****
make -j7 all 
arm-none-eabi-gcc "../Core/Src/shell.c" -mcpu=cortex-m7 -std=gnu17 -g3 -DDEBUG -DUSE_HAL_DRIVER -DSTM32F767xx -c -I../Core/Inc -I../Core/lfs -I../Drivers/STM32F7xx_HAL_Driver/Inc -I../Drivers/STM32F7xx_HAL_Driver/Inc/Legacy -I../Drivers/CMSIS/Device/ST/STM32F7xx/Include -I../Drivers/CMSIS/Include -O0 -ffunction-sections -fdata-sections -Wall -fstack-usage -MMD -MP -MF"Core/Src/shell.d" -MT"Core/Src/shell.o" --specs=nano.specs -mfpu=fpv5-d16 -mfloat-abi=hard -mthumb -o "Core/Src/shell.o"
arm-none-eabi-gcc -o "BSEARCH_FUNCTIONS_F767ZI.elf" @"objects.list"   -mcpu=cortex-m7 -T"/Users/adityasehgal/Documents/GitHub/Learn_STM32/BSEARCH_FUNCTIONS_F767ZI/STM32F767ZITX_FLASH.ld" --specs=nosys.specs -Wl,-Map="BSEARCH_FUNCTIONS_F767ZI.map" -Wl,--gc-sections -static --specs=nano.specs -mfpu=fpv5-d16 -mfloat-abi=hard -mthumb -u _printf_float -u _scanf_float -Wl,--start-group -lc -lm -Wl,--end-group
Finished building target: BSEARCH_FUNCTIONS_F767ZI.elf
 
arm-none-eabi-size   BSEARCH_FUNCTIONS_F767ZI.elf 
arm-none-eabi-objdump -h -S  BSEARCH_FUNCTIONS_F767ZI.elf  > "BSEARCH_FUNCTIONS_F767ZI.list"
arm-none-eabi-objcopy  -O ihex  BSEARCH_FUNCTIONS_F767ZI.elf  "BSEARCH_FUNCTIONS_F767ZI.hex"
arm-none-eabi-objcopy  -O binary  BSEARCH_FUNCTIONS_F767ZI.elf  "BSEARCH_FUNCTIONS_F767ZI.bin"
   text	   data	    bss	    dec	    hex	filename
  81400	    508	   3116	  85024	  14c20	BSEARCH_FUNCTIONS_F767ZI.elf
Finished building: default.size.stdout
 
Finished building: BSEARCH_FUNCTIONS_F767ZI.bin
Finished building: BSEARCH_FUNCTIONS_F767ZI.hex
 
 
Finished building: BSEARCH_FUNCTIONS_F767ZI.list
 
