19:18:52 **** Incremental Build of configuration Debug for project CAN_LPBK_F303ZE ****
make -j7 all 
arm-none-eabi-gcc "../Core/Src/main.c" -mcpu=cortex-m4 -std=gnu11 -g3 -DUSE_HAL_DRIVER -DSTM32F303xE -DDEBUG -c -I../Core/Inc -I../Drivers/STM32F3xx_HAL_Driver/Inc -I../Drivers/STM32F3xx_HAL_Driver/Inc/Legacy -I../Drivers/CMSIS/Device/ST/STM32F3xx/Include -I../Drivers/CMSIS/Include -O0 -ffunction-sections -fdata-sections -Wall -fstack-usage -MMD -MP -MF"Core/Src/main.d" -MT"Core/Src/main.o" --specs=nano.specs -mfpu=fpv4-sp-d16 -mfloat-abi=hard -mthumb -o "Core/Src/main.o"
arm-none-eabi-gcc -o "CAN_LPBK_F303ZE.elf" @"objects.list"   -mcpu=cortex-m4 -T"/Users/adityasehgal/Documents/GitHub/Learn_STM32/CAN_LPBK_F303ZE/STM32F303ZETX_FLASH.ld" --specs=nosys.specs -Wl,-Map="CAN_LPBK_F303ZE.map" -Wl,--gc-sections -static --specs=nano.specs -mfpu=fpv4-sp-d16 -mfloat-abi=hard -mthumb -Wl,--start-group -lc -lm -Wl,--end-group
Finished building target: CAN_LPBK_F303ZE.elf
 
arm-none-eabi-objdump -h -S  CAN_LPBK_F303ZE.elf  > "CAN_LPBK_F303ZE.list"
arm-none-eabi-objcopy  -O binary  CAN_LPBK_F303ZE.elf  "CAN_LPBK_F303ZE.bin"
arm-none-eabi-size   CAN_LPBK_F303ZE.elf 
   text	   data	    bss	    dec	    hex	filename
  16028	    120	   1792	  17940	   4614	CAN_LPBK_F303ZE.elf
Finished building: default.size.stdout
 
Finished building: CAN_LPBK_F303ZE.bin
 
Finished building: CAN_LPBK_F303ZE.list
 
