00:49:43 **** Incremental Build of configuration Debug for project SPI_FLASH_F767ZI ****
make -j7 all 
arm-none-eabi-gcc "../Drivers/STM32F7xx_HAL_Driver/Src/stm32f7xx_hal.c" -mcpu=cortex-m7 -std=gnu11 -g3 -DDEBUG -DUSE_HAL_DRIVER -DSTM32F767xx -c -I../Core/Inc -I../Core/lfs -I../Drivers/STM32F7xx_HAL_Driver/Inc -I../Drivers/STM32F7xx_HAL_Driver/Inc/Legacy -I../Drivers/CMSIS/Device/ST/STM32F7xx/Include -I../Drivers/CMSIS/Include -O0 -ffunction-sections -fdata-sections -Wall -fstack-usage -MMD -MP -MF"Drivers/STM32F7xx_HAL_Driver/Src/stm32f7xx_hal.d" -MT"Drivers/STM32F7xx_HAL_Driver/Src/stm32f7xx_hal.o" --specs=nano.specs -mfpu=fpv5-d16 -mfloat-abi=hard -mthumb -o "Drivers/STM32F7xx_HAL_Driver/Src/stm32f7xx_hal.o"
arm-none-eabi-gcc "../Drivers/STM32F7xx_HAL_Driver/Src/stm32f7xx_hal_cortex.c" -mcpu=cortex-m7 -std=gnu11 -g3 -DDEBUG -DUSE_HAL_DRIVER -DSTM32F767xx -c -I../Core/Inc -I../Core/lfs -I../Drivers/STM32F7xx_HAL_Driver/Inc -I../Drivers/STM32F7xx_HAL_Driver/Inc/Legacy -I../Drivers/CMSIS/Device/ST/STM32F7xx/Include -I../Drivers/CMSIS/Include -O0 -ffunction-sections -fdata-sections -Wall -fstack-usage -MMD -MP -MF"Drivers/STM32F7xx_HAL_Driver/Src/stm32f7xx_hal_cortex.d" -MT"Drivers/STM32F7xx_HAL_Driver/Src/stm32f7xx_hal_cortex.o" --specs=nano.specs -mfpu=fpv5-d16 -mfloat-abi=hard -mthumb -o "Drivers/STM32F7xx_HAL_Driver/Src/stm32f7xx_hal_cortex.o"
arm-none-eabi-gcc "../Drivers/STM32F7xx_HAL_Driver/Src/stm32f7xx_hal_crc.c" -mcpu=cortex-m7 -std=gnu11 -g3 -DDEBUG -DUSE_HAL_DRIVER -DSTM32F767xx -c -I../Core/Inc -I../Core/lfs -I../Drivers/STM32F7xx_HAL_Driver/Inc -I../Drivers/STM32F7xx_HAL_Driver/Inc/Legacy -I../Drivers/CMSIS/Device/ST/STM32F7xx/Include -I../Drivers/CMSIS/Include -O0 -ffunction-sections -fdata-sections -Wall -fstack-usage -MMD -MP -MF"Drivers/STM32F7xx_HAL_Driver/Src/stm32f7xx_hal_crc.d" -MT"Drivers/STM32F7xx_HAL_Driver/Src/stm32f7xx_hal_crc.o" --specs=nano.specs -mfpu=fpv5-d16 -mfloat-abi=hard -mthumb -o "Drivers/STM32F7xx_HAL_Driver/Src/stm32f7xx_hal_crc.o"
arm-none-eabi-gcc "../Drivers/STM32F7xx_HAL_Driver/Src/stm32f7xx_hal_crc_ex.c" -mcpu=cortex-m7 -std=gnu11 -g3 -DDEBUG -DUSE_HAL_DRIVER -DSTM32F767xx -c -I../Core/Inc -I../Core/lfs -I../Drivers/STM32F7xx_HAL_Driver/Inc -I../Drivers/STM32F7xx_HAL_Driver/Inc/Legacy -I../Drivers/CMSIS/Device/ST/STM32F7xx/Include -I../Drivers/CMSIS/Include -O0 -ffunction-sections -fdata-sections -Wall -fstack-usage -MMD -MP -MF"Drivers/STM32F7xx_HAL_Driver/Src/stm32f7xx_hal_crc_ex.d" -MT"Drivers/STM32F7xx_HAL_Driver/Src/stm32f7xx_hal_crc_ex.o" --specs=nano.specs -mfpu=fpv5-d16 -mfloat-abi=hard -mthumb -o "Drivers/STM32F7xx_HAL_Driver/Src/stm32f7xx_hal_crc_ex.o"
arm-none-eabi-gcc "../Drivers/STM32F7xx_HAL_Driver/Src/stm32f7xx_hal_dma.c" -mcpu=cortex-m7 -std=gnu11 -g3 -DDEBUG -DUSE_HAL_DRIVER -DSTM32F767xx -c -I../Core/Inc -I../Core/lfs -I../Drivers/STM32F7xx_HAL_Driver/Inc -I../Drivers/STM32F7xx_HAL_Driver/Inc/Legacy -I../Drivers/CMSIS/Device/ST/STM32F7xx/Include -I../Drivers/CMSIS/Include -O0 -ffunction-sections -fdata-sections -Wall -fstack-usage -MMD -MP -MF"Drivers/STM32F7xx_HAL_Driver/Src/stm32f7xx_hal_dma.d" -MT"Drivers/STM32F7xx_HAL_Driver/Src/stm32f7xx_hal_dma.o" --specs=nano.specs -mfpu=fpv5-d16 -mfloat-abi=hard -mthumb -o "Drivers/STM32F7xx_HAL_Driver/Src/stm32f7xx_hal_dma.o"
arm-none-eabi-gcc "../Drivers/STM32F7xx_HAL_Driver/Src/stm32f7xx_hal_dma_ex.c" -mcpu=cortex-m7 -std=gnu11 -g3 -DDEBUG -DUSE_HAL_DRIVER -DSTM32F767xx -c -I../Core/Inc -I../Core/lfs -I../Drivers/STM32F7xx_HAL_Driver/Inc -I../Drivers/STM32F7xx_HAL_Driver/Inc/Legacy -I../Drivers/CMSIS/Device/ST/STM32F7xx/Include -I../Drivers/CMSIS/Include -O0 -ffunction-sections -fdata-sections -Wall -fstack-usage -MMD -MP -MF"Drivers/STM32F7xx_HAL_Driver/Src/stm32f7xx_hal_dma_ex.d" -MT"Drivers/STM32F7xx_HAL_Driver/Src/stm32f7xx_hal_dma_ex.o" --specs=nano.specs -mfpu=fpv5-d16 -mfloat-abi=hard -mthumb -o "Drivers/STM32F7xx_HAL_Driver/Src/stm32f7xx_hal_dma_ex.o"
arm-none-eabi-gcc "../Drivers/STM32F7xx_HAL_Driver/Src/stm32f7xx_hal_exti.c" -mcpu=cortex-m7 -std=gnu11 -g3 -DDEBUG -DUSE_HAL_DRIVER -DSTM32F767xx -c -I../Core/Inc -I../Core/lfs -I../Drivers/STM32F7xx_HAL_Driver/Inc -I../Drivers/STM32F7xx_HAL_Driver/Inc/Legacy -I../Drivers/CMSIS/Device/ST/STM32F7xx/Include -I../Drivers/CMSIS/Include -O0 -ffunction-sections -fdata-sections -Wall -fstack-usage -MMD -MP -MF"Drivers/STM32F7xx_HAL_Driver/Src/stm32f7xx_hal_exti.d" -MT"Drivers/STM32F7xx_HAL_Driver/Src/stm32f7xx_hal_exti.o" --specs=nano.specs -mfpu=fpv5-d16 -mfloat-abi=hard -mthumb -o "Drivers/STM32F7xx_HAL_Driver/Src/stm32f7xx_hal_exti.o"
arm-none-eabi-gcc "../Drivers/STM32F7xx_HAL_Driver/Src/stm32f7xx_hal_flash.c" -mcpu=cortex-m7 -std=gnu11 -g3 -DDEBUG -DUSE_HAL_DRIVER -DSTM32F767xx -c -I../Core/Inc -I../Core/lfs -I../Drivers/STM32F7xx_HAL_Driver/Inc -I../Drivers/STM32F7xx_HAL_Driver/Inc/Legacy -I../Drivers/CMSIS/Device/ST/STM32F7xx/Include -I../Drivers/CMSIS/Include -O0 -ffunction-sections -fdata-sections -Wall -fstack-usage -MMD -MP -MF"Drivers/STM32F7xx_HAL_Driver/Src/stm32f7xx_hal_flash.d" -MT"Drivers/STM32F7xx_HAL_Driver/Src/stm32f7xx_hal_flash.o" --specs=nano.specs -mfpu=fpv5-d16 -mfloat-abi=hard -mthumb -o "Drivers/STM32F7xx_HAL_Driver/Src/stm32f7xx_hal_flash.o"
arm-none-eabi-gcc "../Drivers/STM32F7xx_HAL_Driver/Src/stm32f7xx_hal_flash_ex.c" -mcpu=cortex-m7 -std=gnu11 -g3 -DDEBUG -DUSE_HAL_DRIVER -DSTM32F767xx -c -I../Core/Inc -I../Core/lfs -I../Drivers/STM32F7xx_HAL_Driver/Inc -I../Drivers/STM32F7xx_HAL_Driver/Inc/Legacy -I../Drivers/CMSIS/Device/ST/STM32F7xx/Include -I../Drivers/CMSIS/Include -O0 -ffunction-sections -fdata-sections -Wall -fstack-usage -MMD -MP -MF"Drivers/STM32F7xx_HAL_Driver/Src/stm32f7xx_hal_flash_ex.d" -MT"Drivers/STM32F7xx_HAL_Driver/Src/stm32f7xx_hal_flash_ex.o" --specs=nano.specs -mfpu=fpv5-d16 -mfloat-abi=hard -mthumb -o "Drivers/STM32F7xx_HAL_Driver/Src/stm32f7xx_hal_flash_ex.o"
arm-none-eabi-gcc "../Drivers/STM32F7xx_HAL_Driver/Src/stm32f7xx_hal_gpio.c" -mcpu=cortex-m7 -std=gnu11 -g3 -DDEBUG -DUSE_HAL_DRIVER -DSTM32F767xx -c -I../Core/Inc -I../Core/lfs -I../Drivers/STM32F7xx_HAL_Driver/Inc -I../Drivers/STM32F7xx_HAL_Driver/Inc/Legacy -I../Drivers/CMSIS/Device/ST/STM32F7xx/Include -I../Drivers/CMSIS/Include -O0 -ffunction-sections -fdata-sections -Wall -fstack-usage -MMD -MP -MF"Drivers/STM32F7xx_HAL_Driver/Src/stm32f7xx_hal_gpio.d" -MT"Drivers/STM32F7xx_HAL_Driver/Src/stm32f7xx_hal_gpio.o" --specs=nano.specs -mfpu=fpv5-d16 -mfloat-abi=hard -mthumb -o "Drivers/STM32F7xx_HAL_Driver/Src/stm32f7xx_hal_gpio.o"
arm-none-eabi-gcc "../Drivers/STM32F7xx_HAL_Driver/Src/stm32f7xx_hal_i2c.c" -mcpu=cortex-m7 -std=gnu11 -g3 -DDEBUG -DUSE_HAL_DRIVER -DSTM32F767xx -c -I../Core/Inc -I../Core/lfs -I../Drivers/STM32F7xx_HAL_Driver/Inc -I../Drivers/STM32F7xx_HAL_Driver/Inc/Legacy -I../Drivers/CMSIS/Device/ST/STM32F7xx/Include -I../Drivers/CMSIS/Include -O0 -ffunction-sections -fdata-sections -Wall -fstack-usage -MMD -MP -MF"Drivers/STM32F7xx_HAL_Driver/Src/stm32f7xx_hal_i2c.d" -MT"Drivers/STM32F7xx_HAL_Driver/Src/stm32f7xx_hal_i2c.o" --specs=nano.specs -mfpu=fpv5-d16 -mfloat-abi=hard -mthumb -o "Drivers/STM32F7xx_HAL_Driver/Src/stm32f7xx_hal_i2c.o"
arm-none-eabi-gcc "../Drivers/STM32F7xx_HAL_Driver/Src/stm32f7xx_hal_i2c_ex.c" -mcpu=cortex-m7 -std=gnu11 -g3 -DDEBUG -DUSE_HAL_DRIVER -DSTM32F767xx -c -I../Core/Inc -I../Core/lfs -I../Drivers/STM32F7xx_HAL_Driver/Inc -I../Drivers/STM32F7xx_HAL_Driver/Inc/Legacy -I../Drivers/CMSIS/Device/ST/STM32F7xx/Include -I../Drivers/CMSIS/Include -O0 -ffunction-sections -fdata-sections -Wall -fstack-usage -MMD -MP -MF"Drivers/STM32F7xx_HAL_Driver/Src/stm32f7xx_hal_i2c_ex.d" -MT"Drivers/STM32F7xx_HAL_Driver/Src/stm32f7xx_hal_i2c_ex.o" --specs=nano.specs -mfpu=fpv5-d16 -mfloat-abi=hard -mthumb -o "Drivers/STM32F7xx_HAL_Driver/Src/stm32f7xx_hal_i2c_ex.o"
arm-none-eabi-gcc "../Drivers/STM32F7xx_HAL_Driver/Src/stm32f7xx_hal_pwr.c" -mcpu=cortex-m7 -std=gnu11 -g3 -DDEBUG -DUSE_HAL_DRIVER -DSTM32F767xx -c -I../Core/Inc -I../Core/lfs -I../Drivers/STM32F7xx_HAL_Driver/Inc -I../Drivers/STM32F7xx_HAL_Driver/Inc/Legacy -I../Drivers/CMSIS/Device/ST/STM32F7xx/Include -I../Drivers/CMSIS/Include -O0 -ffunction-sections -fdata-sections -Wall -fstack-usage -MMD -MP -MF"Drivers/STM32F7xx_HAL_Driver/Src/stm32f7xx_hal_pwr.d" -MT"Drivers/STM32F7xx_HAL_Driver/Src/stm32f7xx_hal_pwr.o" --specs=nano.specs -mfpu=fpv5-d16 -mfloat-abi=hard -mthumb -o "Drivers/STM32F7xx_HAL_Driver/Src/stm32f7xx_hal_pwr.o"
arm-none-eabi-gcc "../Drivers/STM32F7xx_HAL_Driver/Src/stm32f7xx_hal_pwr_ex.c" -mcpu=cortex-m7 -std=gnu11 -g3 -DDEBUG -DUSE_HAL_DRIVER -DSTM32F767xx -c -I../Core/Inc -I../Core/lfs -I../Drivers/STM32F7xx_HAL_Driver/Inc -I../Drivers/STM32F7xx_HAL_Driver/Inc/Legacy -I../Drivers/CMSIS/Device/ST/STM32F7xx/Include -I../Drivers/CMSIS/Include -O0 -ffunction-sections -fdata-sections -Wall -fstack-usage -MMD -MP -MF"Drivers/STM32F7xx_HAL_Driver/Src/stm32f7xx_hal_pwr_ex.d" -MT"Drivers/STM32F7xx_HAL_Driver/Src/stm32f7xx_hal_pwr_ex.o" --specs=nano.specs -mfpu=fpv5-d16 -mfloat-abi=hard -mthumb -o "Drivers/STM32F7xx_HAL_Driver/Src/stm32f7xx_hal_pwr_ex.o"
arm-none-eabi-gcc "../Drivers/STM32F7xx_HAL_Driver/Src/stm32f7xx_hal_rcc.c" -mcpu=cortex-m7 -std=gnu11 -g3 -DDEBUG -DUSE_HAL_DRIVER -DSTM32F767xx -c -I../Core/Inc -I../Core/lfs -I../Drivers/STM32F7xx_HAL_Driver/Inc -I../Drivers/STM32F7xx_HAL_Driver/Inc/Legacy -I../Drivers/CMSIS/Device/ST/STM32F7xx/Include -I../Drivers/CMSIS/Include -O0 -ffunction-sections -fdata-sections -Wall -fstack-usage -MMD -MP -MF"Drivers/STM32F7xx_HAL_Driver/Src/stm32f7xx_hal_rcc.d" -MT"Drivers/STM32F7xx_HAL_Driver/Src/stm32f7xx_hal_rcc.o" --specs=nano.specs -mfpu=fpv5-d16 -mfloat-abi=hard -mthumb -o "Drivers/STM32F7xx_HAL_Driver/Src/stm32f7xx_hal_rcc.o"
arm-none-eabi-gcc "../Drivers/STM32F7xx_HAL_Driver/Src/stm32f7xx_hal_rcc_ex.c" -mcpu=cortex-m7 -std=gnu11 -g3 -DDEBUG -DUSE_HAL_DRIVER -DSTM32F767xx -c -I../Core/Inc -I../Core/lfs -I../Drivers/STM32F7xx_HAL_Driver/Inc -I../Drivers/STM32F7xx_HAL_Driver/Inc/Legacy -I../Drivers/CMSIS/Device/ST/STM32F7xx/Include -I../Drivers/CMSIS/Include -O0 -ffunction-sections -fdata-sections -Wall -fstack-usage -MMD -MP -MF"Drivers/STM32F7xx_HAL_Driver/Src/stm32f7xx_hal_rcc_ex.d" -MT"Drivers/STM32F7xx_HAL_Driver/Src/stm32f7xx_hal_rcc_ex.o" --specs=nano.specs -mfpu=fpv5-d16 -mfloat-abi=hard -mthumb -o "Drivers/STM32F7xx_HAL_Driver/Src/stm32f7xx_hal_rcc_ex.o"
arm-none-eabi-gcc "../Drivers/STM32F7xx_HAL_Driver/Src/stm32f7xx_hal_rng.c" -mcpu=cortex-m7 -std=gnu11 -g3 -DDEBUG -DUSE_HAL_DRIVER -DSTM32F767xx -c -I../Core/Inc -I../Core/lfs -I../Drivers/STM32F7xx_HAL_Driver/Inc -I../Drivers/STM32F7xx_HAL_Driver/Inc/Legacy -I../Drivers/CMSIS/Device/ST/STM32F7xx/Include -I../Drivers/CMSIS/Include -O0 -ffunction-sections -fdata-sections -Wall -fstack-usage -MMD -MP -MF"Drivers/STM32F7xx_HAL_Driver/Src/stm32f7xx_hal_rng.d" -MT"Drivers/STM32F7xx_HAL_Driver/Src/stm32f7xx_hal_rng.o" --specs=nano.specs -mfpu=fpv5-d16 -mfloat-abi=hard -mthumb -o "Drivers/STM32F7xx_HAL_Driver/Src/stm32f7xx_hal_rng.o"
arm-none-eabi-gcc "../Drivers/STM32F7xx_HAL_Driver/Src/stm32f7xx_hal_spi.c" -mcpu=cortex-m7 -std=gnu11 -g3 -DDEBUG -DUSE_HAL_DRIVER -DSTM32F767xx -c -I../Core/Inc -I../Core/lfs -I../Drivers/STM32F7xx_HAL_Driver/Inc -I../Drivers/STM32F7xx_HAL_Driver/Inc/Legacy -I../Drivers/CMSIS/Device/ST/STM32F7xx/Include -I../Drivers/CMSIS/Include -O0 -ffunction-sections -fdata-sections -Wall -fstack-usage -MMD -MP -MF"Drivers/STM32F7xx_HAL_Driver/Src/stm32f7xx_hal_spi.d" -MT"Drivers/STM32F7xx_HAL_Driver/Src/stm32f7xx_hal_spi.o" --specs=nano.specs -mfpu=fpv5-d16 -mfloat-abi=hard -mthumb -o "Drivers/STM32F7xx_HAL_Driver/Src/stm32f7xx_hal_spi.o"
arm-none-eabi-gcc "../Drivers/STM32F7xx_HAL_Driver/Src/stm32f7xx_hal_spi_ex.c" -mcpu=cortex-m7 -std=gnu11 -g3 -DDEBUG -DUSE_HAL_DRIVER -DSTM32F767xx -c -I../Core/Inc -I../Core/lfs -I../Drivers/STM32F7xx_HAL_Driver/Inc -I../Drivers/STM32F7xx_HAL_Driver/Inc/Legacy -I../Drivers/CMSIS/Device/ST/STM32F7xx/Include -I../Drivers/CMSIS/Include -O0 -ffunction-sections -fdata-sections -Wall -fstack-usage -MMD -MP -MF"Drivers/STM32F7xx_HAL_Driver/Src/stm32f7xx_hal_spi_ex.d" -MT"Drivers/STM32F7xx_HAL_Driver/Src/stm32f7xx_hal_spi_ex.o" --specs=nano.specs -mfpu=fpv5-d16 -mfloat-abi=hard -mthumb -o "Drivers/STM32F7xx_HAL_Driver/Src/stm32f7xx_hal_spi_ex.o"
arm-none-eabi-gcc "../Drivers/STM32F7xx_HAL_Driver/Src/stm32f7xx_hal_tim.c" -mcpu=cortex-m7 -std=gnu11 -g3 -DDEBUG -DUSE_HAL_DRIVER -DSTM32F767xx -c -I../Core/Inc -I../Core/lfs -I../Drivers/STM32F7xx_HAL_Driver/Inc -I../Drivers/STM32F7xx_HAL_Driver/Inc/Legacy -I../Drivers/CMSIS/Device/ST/STM32F7xx/Include -I../Drivers/CMSIS/Include -O0 -ffunction-sections -fdata-sections -Wall -fstack-usage -MMD -MP -MF"Drivers/STM32F7xx_HAL_Driver/Src/stm32f7xx_hal_tim.d" -MT"Drivers/STM32F7xx_HAL_Driver/Src/stm32f7xx_hal_tim.o" --specs=nano.specs -mfpu=fpv5-d16 -mfloat-abi=hard -mthumb -o "Drivers/STM32F7xx_HAL_Driver/Src/stm32f7xx_hal_tim.o"
arm-none-eabi-gcc "../Drivers/STM32F7xx_HAL_Driver/Src/stm32f7xx_hal_tim_ex.c" -mcpu=cortex-m7 -std=gnu11 -g3 -DDEBUG -DUSE_HAL_DRIVER -DSTM32F767xx -c -I../Core/Inc -I../Core/lfs -I../Drivers/STM32F7xx_HAL_Driver/Inc -I../Drivers/STM32F7xx_HAL_Driver/Inc/Legacy -I../Drivers/CMSIS/Device/ST/STM32F7xx/Include -I../Drivers/CMSIS/Include -O0 -ffunction-sections -fdata-sections -Wall -fstack-usage -MMD -MP -MF"Drivers/STM32F7xx_HAL_Driver/Src/stm32f7xx_hal_tim_ex.d" -MT"Drivers/STM32F7xx_HAL_Driver/Src/stm32f7xx_hal_tim_ex.o" --specs=nano.specs -mfpu=fpv5-d16 -mfloat-abi=hard -mthumb -o "Drivers/STM32F7xx_HAL_Driver/Src/stm32f7xx_hal_tim_ex.o"
arm-none-eabi-gcc "../Drivers/STM32F7xx_HAL_Driver/Src/stm32f7xx_hal_uart.c" -mcpu=cortex-m7 -std=gnu11 -g3 -DDEBUG -DUSE_HAL_DRIVER -DSTM32F767xx -c -I../Core/Inc -I../Core/lfs -I../Drivers/STM32F7xx_HAL_Driver/Inc -I../Drivers/STM32F7xx_HAL_Driver/Inc/Legacy -I../Drivers/CMSIS/Device/ST/STM32F7xx/Include -I../Drivers/CMSIS/Include -O0 -ffunction-sections -fdata-sections -Wall -fstack-usage -MMD -MP -MF"Drivers/STM32F7xx_HAL_Driver/Src/stm32f7xx_hal_uart.d" -MT"Drivers/STM32F7xx_HAL_Driver/Src/stm32f7xx_hal_uart.o" --specs=nano.specs -mfpu=fpv5-d16 -mfloat-abi=hard -mthumb -o "Drivers/STM32F7xx_HAL_Driver/Src/stm32f7xx_hal_uart.o"
arm-none-eabi-gcc "../Drivers/STM32F7xx_HAL_Driver/Src/stm32f7xx_hal_uart_ex.c" -mcpu=cortex-m7 -std=gnu11 -g3 -DDEBUG -DUSE_HAL_DRIVER -DSTM32F767xx -c -I../Core/Inc -I../Core/lfs -I../Drivers/STM32F7xx_HAL_Driver/Inc -I../Drivers/STM32F7xx_HAL_Driver/Inc/Legacy -I../Drivers/CMSIS/Device/ST/STM32F7xx/Include -I../Drivers/CMSIS/Include -O0 -ffunction-sections -fdata-sections -Wall -fstack-usage -MMD -MP -MF"Drivers/STM32F7xx_HAL_Driver/Src/stm32f7xx_hal_uart_ex.d" -MT"Drivers/STM32F7xx_HAL_Driver/Src/stm32f7xx_hal_uart_ex.o" --specs=nano.specs -mfpu=fpv5-d16 -mfloat-abi=hard -mthumb -o "Drivers/STM32F7xx_HAL_Driver/Src/stm32f7xx_hal_uart_ex.o"
arm-none-eabi-gcc "../Core/lfs/lfs_interface.c" -mcpu=cortex-m7 -std=gnu11 -g3 -DDEBUG -DUSE_HAL_DRIVER -DSTM32F767xx -c -I../Core/Inc -I../Core/lfs -I../Drivers/STM32F7xx_HAL_Driver/Inc -I../Drivers/STM32F7xx_HAL_Driver/Inc/Legacy -I../Drivers/CMSIS/Device/ST/STM32F7xx/Include -I../Drivers/CMSIS/Include -O0 -ffunction-sections -fdata-sections -Wall -fstack-usage -MMD -MP -MF"Core/lfs/lfs_interface.d" -MT"Core/lfs/lfs_interface.o" --specs=nano.specs -mfpu=fpv5-d16 -mfloat-abi=hard -mthumb -o "Core/lfs/lfs_interface.o"
arm-none-eabi-gcc "../Core/Src/flash.c" -mcpu=cortex-m7 -std=gnu11 -g3 -DDEBUG -DUSE_HAL_DRIVER -DSTM32F767xx -c -I../Core/Inc -I../Core/lfs -I../Drivers/STM32F7xx_HAL_Driver/Inc -I../Drivers/STM32F7xx_HAL_Driver/Inc/Legacy -I../Drivers/CMSIS/Device/ST/STM32F7xx/Include -I../Drivers/CMSIS/Include -O0 -ffunction-sections -fdata-sections -Wall -fstack-usage -MMD -MP -MF"Core/Src/flash.d" -MT"Core/Src/flash.o" --specs=nano.specs -mfpu=fpv5-d16 -mfloat-abi=hard -mthumb -o "Core/Src/flash.o"
arm-none-eabi-gcc "../Core/Src/main.c" -mcpu=cortex-m7 -std=gnu11 -g3 -DDEBUG -DUSE_HAL_DRIVER -DSTM32F767xx -c -I../Core/Inc -I../Core/lfs -I../Drivers/STM32F7xx_HAL_Driver/Inc -I../Drivers/STM32F7xx_HAL_Driver/Inc/Legacy -I../Drivers/CMSIS/Device/ST/STM32F7xx/Include -I../Drivers/CMSIS/Include -O0 -ffunction-sections -fdata-sections -Wall -fstack-usage -MMD -MP -MF"Core/Src/main.d" -MT"Core/Src/main.o" --specs=nano.specs -mfpu=fpv5-d16 -mfloat-abi=hard -mthumb -o "Core/Src/main.o"
arm-none-eabi-gcc "../Core/Src/stm32f7xx_hal_msp.c" -mcpu=cortex-m7 -std=gnu11 -g3 -DDEBUG -DUSE_HAL_DRIVER -DSTM32F767xx -c -I../Core/Inc -I../Core/lfs -I../Drivers/STM32F7xx_HAL_Driver/Inc -I../Drivers/STM32F7xx_HAL_Driver/Inc/Legacy -I../Drivers/CMSIS/Device/ST/STM32F7xx/Include -I../Drivers/CMSIS/Include -O0 -ffunction-sections -fdata-sections -Wall -fstack-usage -MMD -MP -MF"Core/Src/stm32f7xx_hal_msp.d" -MT"Core/Src/stm32f7xx_hal_msp.o" --specs=nano.specs -mfpu=fpv5-d16 -mfloat-abi=hard -mthumb -o "Core/Src/stm32f7xx_hal_msp.o"
arm-none-eabi-gcc "../Core/Src/stm32f7xx_it.c" -mcpu=cortex-m7 -std=gnu11 -g3 -DDEBUG -DUSE_HAL_DRIVER -DSTM32F767xx -c -I../Core/Inc -I../Core/lfs -I../Drivers/STM32F7xx_HAL_Driver/Inc -I../Drivers/STM32F7xx_HAL_Driver/Inc/Legacy -I../Drivers/CMSIS/Device/ST/STM32F7xx/Include -I../Drivers/CMSIS/Include -O0 -ffunction-sections -fdata-sections -Wall -fstack-usage -MMD -MP -MF"Core/Src/stm32f7xx_it.d" -MT"Core/Src/stm32f7xx_it.o" --specs=nano.specs -mfpu=fpv5-d16 -mfloat-abi=hard -mthumb -o "Core/Src/stm32f7xx_it.o"
arm-none-eabi-gcc "../Core/Src/system_stm32f7xx.c" -mcpu=cortex-m7 -std=gnu11 -g3 -DDEBUG -DUSE_HAL_DRIVER -DSTM32F767xx -c -I../Core/Inc -I../Core/lfs -I../Drivers/STM32F7xx_HAL_Driver/Inc -I../Drivers/STM32F7xx_HAL_Driver/Inc/Legacy -I../Drivers/CMSIS/Device/ST/STM32F7xx/Include -I../Drivers/CMSIS/Include -O0 -ffunction-sections -fdata-sections -Wall -fstack-usage -MMD -MP -MF"Core/Src/system_stm32f7xx.d" -MT"Core/Src/system_stm32f7xx.o" --specs=nano.specs -mfpu=fpv5-d16 -mfloat-abi=hard -mthumb -o "Core/Src/system_stm32f7xx.o"
arm-none-eabi-gcc "../Core/Src/uart.c" -mcpu=cortex-m7 -std=gnu11 -g3 -DDEBUG -DUSE_HAL_DRIVER -DSTM32F767xx -c -I../Core/Inc -I../Core/lfs -I../Drivers/STM32F7xx_HAL_Driver/Inc -I../Drivers/STM32F7xx_HAL_Driver/Inc/Legacy -I../Drivers/CMSIS/Device/ST/STM32F7xx/Include -I../Drivers/CMSIS/Include -O0 -ffunction-sections -fdata-sections -Wall -fstack-usage -MMD -MP -MF"Core/Src/uart.d" -MT"Core/Src/uart.o" --specs=nano.specs -mfpu=fpv5-d16 -mfloat-abi=hard -mthumb -o "Core/Src/uart.o"
arm-none-eabi-gcc -o "SPI_FLASH_F767ZI.elf" @"objects.list"   -mcpu=cortex-m7 -T"/Users/adityasehgal/Documents/GitHub/Learn_STM32/SPI_FLASH_F767ZI_V2/STM32F767ZITX_FLASH.ld" --specs=nosys.specs -Wl,-Map="SPI_FLASH_F767ZI.map" -Wl,--gc-sections -static --specs=nano.specs -mfpu=fpv5-d16 -mfloat-abi=hard -mthumb -Wl,--start-group -lc -lm -Wl,--end-group
Finished building target: SPI_FLASH_F767ZI.elf
 
arm-none-eabi-objdump -h -S  SPI_FLASH_F767ZI.elf  > "SPI_FLASH_F767ZI.list"
arm-none-eabi-objcopy  -O binary  SPI_FLASH_F767ZI.elf  "SPI_FLASH_F767ZI.bin"
arm-none-eabi-size   SPI_FLASH_F767ZI.elf 
   text	   data	    bss	    dec	    hex	filename
  60984	    140	   2732	  63856	   f970	SPI_FLASH_F767ZI.elf
Finished building: default.size.stdout
 
Finished building: SPI_FLASH_F767ZI.bin
 
Finished building: SPI_FLASH_F767ZI.list
 
00:52:21 **** Incremental Build of configuration Debug for project SPI_FLASH_F767ZI ****
make -j7 all 
arm-none-eabi-gcc "../Core/Src/uart.c" -mcpu=cortex-m7 -std=gnu11 -g3 -DDEBUG -DUSE_HAL_DRIVER -DSTM32F767xx -c -I../Core/Inc -I../Core/lfs -I../Drivers/STM32F7xx_HAL_Driver/Inc -I../Drivers/STM32F7xx_HAL_Driver/Inc/Legacy -I../Drivers/CMSIS/Device/ST/STM32F7xx/Include -I../Drivers/CMSIS/Include -O0 -ffunction-sections -fdata-sections -Wall -fstack-usage -MMD -MP -MF"Core/Src/uart.d" -MT"Core/Src/uart.o" --specs=nano.specs -mfpu=fpv5-d16 -mfloat-abi=hard -mthumb -o "Core/Src/uart.o"
arm-none-eabi-gcc -o "SPI_FLASH_F767ZI.elf" @"objects.list"   -mcpu=cortex-m7 -T"/Users/adityasehgal/Documents/GitHub/Learn_STM32/SPI_FLASH_F767ZI_V2/STM32F767ZITX_FLASH.ld" --specs=nosys.specs -Wl,-Map="SPI_FLASH_F767ZI.map" -Wl,--gc-sections -static --specs=nano.specs -mfpu=fpv5-d16 -mfloat-abi=hard -mthumb -Wl,--start-group -lc -lm -Wl,--end-group
Finished building target: SPI_FLASH_F767ZI.elf
 
arm-none-eabi-objdump -h -S  SPI_FLASH_F767ZI.elf  > "SPI_FLASH_F767ZI.list"
arm-none-eabi-objcopy  -O binary  SPI_FLASH_F767ZI.elf  "SPI_FLASH_F767ZI.bin"
arm-none-eabi-size   SPI_FLASH_F767ZI.elf 
   text	   data	    bss	    dec	    hex	filename
  61580	    140	   2732	  64452	   fbc4	SPI_FLASH_F767ZI.elf
Finished building: default.size.stdout
 
Finished building: SPI_FLASH_F767ZI.bin
 
Finished building: SPI_FLASH_F767ZI.list
 
00:54:00 **** Incremental Build of configuration Debug for project SPI_FLASH_F767ZI ****
make -j7 all 
arm-none-eabi-gcc "../Core/Src/uart.c" -mcpu=cortex-m7 -std=gnu11 -g3 -DDEBUG -DUSE_HAL_DRIVER -DSTM32F767xx -c -I../Core/Inc -I../Core/lfs -I../Drivers/STM32F7xx_HAL_Driver/Inc -I../Drivers/STM32F7xx_HAL_Driver/Inc/Legacy -I../Drivers/CMSIS/Device/ST/STM32F7xx/Include -I../Drivers/CMSIS/Include -O0 -ffunction-sections -fdata-sections -Wall -fstack-usage -MMD -MP -MF"Core/Src/uart.d" -MT"Core/Src/uart.o" --specs=nano.specs -mfpu=fpv5-d16 -mfloat-abi=hard -mthumb -o "Core/Src/uart.o"
arm-none-eabi-gcc -o "SPI_FLASH_F767ZI.elf" @"objects.list"   -mcpu=cortex-m7 -T"/Users/adityasehgal/Documents/GitHub/Learn_STM32/SPI_FLASH_F767ZI_V2/STM32F767ZITX_FLASH.ld" --specs=nosys.specs -Wl,-Map="SPI_FLASH_F767ZI.map" -Wl,--gc-sections -static --specs=nano.specs -mfpu=fpv5-d16 -mfloat-abi=hard -mthumb -Wl,--start-group -lc -lm -Wl,--end-group
Finished building target: SPI_FLASH_F767ZI.elf
 
arm-none-eabi-objdump -h -S  SPI_FLASH_F767ZI.elf  > "SPI_FLASH_F767ZI.list"
arm-none-eabi-objcopy  -O binary  SPI_FLASH_F767ZI.elf  "SPI_FLASH_F767ZI.bin"
arm-none-eabi-size   SPI_FLASH_F767ZI.elf 
   text	   data	    bss	    dec	    hex	filename
  61612	    140	   2732	  64484	   fbe4	SPI_FLASH_F767ZI.elf
Finished building: default.size.stdout
 
Finished building: SPI_FLASH_F767ZI.bin
 
Finished building: SPI_FLASH_F767ZI.list
 
00:54:20 **** Incremental Build of configuration Debug for project SPI_FLASH_F767ZI ****
make -j7 all 
arm-none-eabi-gcc "../Core/Src/uart.c" -mcpu=cortex-m7 -std=gnu11 -g3 -DDEBUG -DUSE_HAL_DRIVER -DSTM32F767xx -c -I../Core/Inc -I../Core/lfs -I../Drivers/STM32F7xx_HAL_Driver/Inc -I../Drivers/STM32F7xx_HAL_Driver/Inc/Legacy -I../Drivers/CMSIS/Device/ST/STM32F7xx/Include -I../Drivers/CMSIS/Include -O0 -ffunction-sections -fdata-sections -Wall -fstack-usage -MMD -MP -MF"Core/Src/uart.d" -MT"Core/Src/uart.o" --specs=nano.specs -mfpu=fpv5-d16 -mfloat-abi=hard -mthumb -o "Core/Src/uart.o"
arm-none-eabi-gcc -o "SPI_FLASH_F767ZI.elf" @"objects.list"   -mcpu=cortex-m7 -T"/Users/adityasehgal/Documents/GitHub/Learn_STM32/SPI_FLASH_F767ZI_V2/STM32F767ZITX_FLASH.ld" --specs=nosys.specs -Wl,-Map="SPI_FLASH_F767ZI.map" -Wl,--gc-sections -static --specs=nano.specs -mfpu=fpv5-d16 -mfloat-abi=hard -mthumb -Wl,--start-group -lc -lm -Wl,--end-group
Finished building target: SPI_FLASH_F767ZI.elf
 
arm-none-eabi-objdump -h -S  SPI_FLASH_F767ZI.elf  > "SPI_FLASH_F767ZI.list"
arm-none-eabi-objcopy  -O binary  SPI_FLASH_F767ZI.elf  "SPI_FLASH_F767ZI.bin"
arm-none-eabi-size   SPI_FLASH_F767ZI.elf 
   text	   data	    bss	    dec	    hex	filename
  61620	    140	   2732	  64492	   fbec	SPI_FLASH_F767ZI.elf
Finished building: default.size.stdout
Finished building: SPI_FLASH_F767ZI.bin
 
 
Finished building: SPI_FLASH_F767ZI.list
 
00:54:23 **** Incremental Build of configuration Debug for project SPI_FLASH_F767ZI ****
make -j7 all 
arm-none-eabi-size   SPI_FLASH_F767ZI.elf 
   text	   data	    bss	    dec	    hex	filename
  61620	    140	   2732	  64492	   fbec	SPI_FLASH_F767ZI.elf
Finished building: default.size.stdout
 
01:00:06 **** Incremental Build of configuration Debug for project SPI_FLASH_F767ZI ****
make -j7 all 
arm-none-eabi-gcc "../Core/Src/stm32f7xx_it.c" -mcpu=cortex-m7 -std=gnu11 -g3 -DDEBUG -DUSE_HAL_DRIVER -DSTM32F767xx -c -I../Core/Inc -I../Core/lfs -I../Drivers/STM32F7xx_HAL_Driver/Inc -I../Drivers/STM32F7xx_HAL_Driver/Inc/Legacy -I../Drivers/CMSIS/Device/ST/STM32F7xx/Include -I../Drivers/CMSIS/Include -O0 -ffunction-sections -fdata-sections -Wall -fstack-usage -MMD -MP -MF"Core/Src/stm32f7xx_it.d" -MT"Core/Src/stm32f7xx_it.o" --specs=nano.specs -mfpu=fpv5-d16 -mfloat-abi=hard -mthumb -o "Core/Src/stm32f7xx_it.o"
arm-none-eabi-gcc "../Core/Src/uart.c" -mcpu=cortex-m7 -std=gnu11 -g3 -DDEBUG -DUSE_HAL_DRIVER -DSTM32F767xx -c -I../Core/Inc -I../Core/lfs -I../Drivers/STM32F7xx_HAL_Driver/Inc -I../Drivers/STM32F7xx_HAL_Driver/Inc/Legacy -I../Drivers/CMSIS/Device/ST/STM32F7xx/Include -I../Drivers/CMSIS/Include -O0 -ffunction-sections -fdata-sections -Wall -fstack-usage -MMD -MP -MF"Core/Src/uart.d" -MT"Core/Src/uart.o" --specs=nano.specs -mfpu=fpv5-d16 -mfloat-abi=hard -mthumb -o "Core/Src/uart.o"
../Core/Src/stm32f7xx_it.c: In function 'DMA1_Stream1_IRQHandler':
../Core/Src/stm32f7xx_it.c:217:3: warning: implicit declaration of function 'printf' [-Wimplicit-function-declaration]
  217 |   printf("DMA comp\n");
      |   ^~~~~~
../Core/Src/stm32f7xx_it.c:217:3: warning: incompatible implicit declaration of built-in function 'printf'
../Core/Src/stm32f7xx_it.c:24:1: note: include '<stdio.h>' or provide a declaration of 'printf'
   23 | #include "stm32f7xx_it.h"
  +++ |+#include <stdio.h>
   24 | /* Private includes ----------------------------------------------------------*/
arm-none-eabi-gcc -o "SPI_FLASH_F767ZI.elf" @"objects.list"   -mcpu=cortex-m7 -T"/Users/adityasehgal/Documents/GitHub/Learn_STM32/SPI_FLASH_F767ZI_V2/STM32F767ZITX_FLASH.ld" --specs=nosys.specs -Wl,-Map="SPI_FLASH_F767ZI.map" -Wl,--gc-sections -static --specs=nano.specs -mfpu=fpv5-d16 -mfloat-abi=hard -mthumb -Wl,--start-group -lc -lm -Wl,--end-group
Finished building target: SPI_FLASH_F767ZI.elf
 
arm-none-eabi-objdump -h -S  SPI_FLASH_F767ZI.elf  > "SPI_FLASH_F767ZI.list"
arm-none-eabi-objcopy  -O binary  SPI_FLASH_F767ZI.elf  "SPI_FLASH_F767ZI.bin"
arm-none-eabi-size   SPI_FLASH_F767ZI.elf 
   text	   data	    bss	    dec	    hex	filename
  61640	    140	   2732	  64512	   fc00	SPI_FLASH_F767ZI.elf
Finished building: default.size.stdout
 
Finished building: SPI_FLASH_F767ZI.bin
 
Finished building: SPI_FLASH_F767ZI.list
 
01:00:18 **** Incremental Build of configuration Debug for project SPI_FLASH_F767ZI ****
make -j7 all 
arm-none-eabi-gcc "../Core/Src/stm32f7xx_it.c" -mcpu=cortex-m7 -std=gnu11 -g3 -DDEBUG -DUSE_HAL_DRIVER -DSTM32F767xx -c -I../Core/Inc -I../Core/lfs -I../Drivers/STM32F7xx_HAL_Driver/Inc -I../Drivers/STM32F7xx_HAL_Driver/Inc/Legacy -I../Drivers/CMSIS/Device/ST/STM32F7xx/Include -I../Drivers/CMSIS/Include -O0 -ffunction-sections -fdata-sections -Wall -fstack-usage -MMD -MP -MF"Core/Src/stm32f7xx_it.d" -MT"Core/Src/stm32f7xx_it.o" --specs=nano.specs -mfpu=fpv5-d16 -mfloat-abi=hard -mthumb -o "Core/Src/stm32f7xx_it.o"
arm-none-eabi-gcc -o "SPI_FLASH_F767ZI.elf" @"objects.list"   -mcpu=cortex-m7 -T"/Users/adityasehgal/Documents/GitHub/Learn_STM32/SPI_FLASH_F767ZI_V2/STM32F767ZITX_FLASH.ld" --specs=nosys.specs -Wl,-Map="SPI_FLASH_F767ZI.map" -Wl,--gc-sections -static --specs=nano.specs -mfpu=fpv5-d16 -mfloat-abi=hard -mthumb -Wl,--start-group -lc -lm -Wl,--end-group
Finished building target: SPI_FLASH_F767ZI.elf
 
arm-none-eabi-objdump -h -S  SPI_FLASH_F767ZI.elf  > "SPI_FLASH_F767ZI.list"
arm-none-eabi-objcopy  -O binary  SPI_FLASH_F767ZI.elf  "SPI_FLASH_F767ZI.bin"
arm-none-eabi-size   SPI_FLASH_F767ZI.elf 
   text	   data	    bss	    dec	    hex	filename
  61640	    140	   2732	  64512	   fc00	SPI_FLASH_F767ZI.elf
Finished building: default.size.stdout
 
Finished building: SPI_FLASH_F767ZI.bin
 
Finished building: SPI_FLASH_F767ZI.list
 
01:00:52 **** Incremental Build of configuration Debug for project SPI_FLASH_F767ZI ****
make -j7 all 
arm-none-eabi-gcc "../Core/Src/uart.c" -mcpu=cortex-m7 -std=gnu11 -g3 -DDEBUG -DUSE_HAL_DRIVER -DSTM32F767xx -c -I../Core/Inc -I../Core/lfs -I../Drivers/STM32F7xx_HAL_Driver/Inc -I../Drivers/STM32F7xx_HAL_Driver/Inc/Legacy -I../Drivers/CMSIS/Device/ST/STM32F7xx/Include -I../Drivers/CMSIS/Include -O0 -ffunction-sections -fdata-sections -Wall -fstack-usage -MMD -MP -MF"Core/Src/uart.d" -MT"Core/Src/uart.o" --specs=nano.specs -mfpu=fpv5-d16 -mfloat-abi=hard -mthumb -o "Core/Src/uart.o"
arm-none-eabi-gcc -o "SPI_FLASH_F767ZI.elf" @"objects.list"   -mcpu=cortex-m7 -T"/Users/adityasehgal/Documents/GitHub/Learn_STM32/SPI_FLASH_F767ZI_V2/STM32F767ZITX_FLASH.ld" --specs=nosys.specs -Wl,-Map="SPI_FLASH_F767ZI.map" -Wl,--gc-sections -static --specs=nano.specs -mfpu=fpv5-d16 -mfloat-abi=hard -mthumb -Wl,--start-group -lc -lm -Wl,--end-group
Finished building target: SPI_FLASH_F767ZI.elf
 
arm-none-eabi-objdump -h -S  SPI_FLASH_F767ZI.elf  > "SPI_FLASH_F767ZI.list"
arm-none-eabi-objcopy  -O binary  SPI_FLASH_F767ZI.elf  "SPI_FLASH_F767ZI.bin"
arm-none-eabi-size   SPI_FLASH_F767ZI.elf 
   text	   data	    bss	    dec	    hex	filename
  61628	    140	   2732	  64500	   fbf4	SPI_FLASH_F767ZI.elf
Finished building: default.size.stdout
 
Finished building: SPI_FLASH_F767ZI.bin
 
Finished building: SPI_FLASH_F767ZI.list
 
01:01:43 **** Incremental Build of configuration Debug for project SPI_FLASH_F767ZI ****
make -j7 all 
arm-none-eabi-gcc "../Core/Src/uart.c" -mcpu=cortex-m7 -std=gnu11 -g3 -DDEBUG -DUSE_HAL_DRIVER -DSTM32F767xx -c -I../Core/Inc -I../Core/lfs -I../Drivers/STM32F7xx_HAL_Driver/Inc -I../Drivers/STM32F7xx_HAL_Driver/Inc/Legacy -I../Drivers/CMSIS/Device/ST/STM32F7xx/Include -I../Drivers/CMSIS/Include -O0 -ffunction-sections -fdata-sections -Wall -fstack-usage -MMD -MP -MF"Core/Src/uart.d" -MT"Core/Src/uart.o" --specs=nano.specs -mfpu=fpv5-d16 -mfloat-abi=hard -mthumb -o "Core/Src/uart.o"
arm-none-eabi-gcc -o "SPI_FLASH_F767ZI.elf" @"objects.list"   -mcpu=cortex-m7 -T"/Users/adityasehgal/Documents/GitHub/Learn_STM32/SPI_FLASH_F767ZI_V2/STM32F767ZITX_FLASH.ld" --specs=nosys.specs -Wl,-Map="SPI_FLASH_F767ZI.map" -Wl,--gc-sections -static --specs=nano.specs -mfpu=fpv5-d16 -mfloat-abi=hard -mthumb -Wl,--start-group -lc -lm -Wl,--end-group
Finished building target: SPI_FLASH_F767ZI.elf
 
arm-none-eabi-objdump -h -S  SPI_FLASH_F767ZI.elf  > "SPI_FLASH_F767ZI.list"
arm-none-eabi-objcopy  -O binary  SPI_FLASH_F767ZI.elf  "SPI_FLASH_F767ZI.bin"
arm-none-eabi-size   SPI_FLASH_F767ZI.elf 
   text	   data	    bss	    dec	    hex	filename
  61652	    140	   2732	  64524	   fc0c	SPI_FLASH_F767ZI.elf
Finished building: default.size.stdout
 
Finished building: SPI_FLASH_F767ZI.bin
 
Finished building: SPI_FLASH_F767ZI.list
 
01:03:00 **** Incremental Build of configuration Debug for project SPI_FLASH_F767ZI ****
make -j7 all 
arm-none-eabi-gcc "../Core/Src/uart.c" -mcpu=cortex-m7 -std=gnu11 -g3 -DDEBUG -DUSE_HAL_DRIVER -DSTM32F767xx -c -I../Core/Inc -I../Core/lfs -I../Drivers/STM32F7xx_HAL_Driver/Inc -I../Drivers/STM32F7xx_HAL_Driver/Inc/Legacy -I../Drivers/CMSIS/Device/ST/STM32F7xx/Include -I../Drivers/CMSIS/Include -O0 -ffunction-sections -fdata-sections -Wall -fstack-usage -MMD -MP -MF"Core/Src/uart.d" -MT"Core/Src/uart.o" --specs=nano.specs -mfpu=fpv5-d16 -mfloat-abi=hard -mthumb -o "Core/Src/uart.o"
arm-none-eabi-gcc -o "SPI_FLASH_F767ZI.elf" @"objects.list"   -mcpu=cortex-m7 -T"/Users/adityasehgal/Documents/GitHub/Learn_STM32/SPI_FLASH_F767ZI_V2/STM32F767ZITX_FLASH.ld" --specs=nosys.specs -Wl,-Map="SPI_FLASH_F767ZI.map" -Wl,--gc-sections -static --specs=nano.specs -mfpu=fpv5-d16 -mfloat-abi=hard -mthumb -Wl,--start-group -lc -lm -Wl,--end-group
Finished building target: SPI_FLASH_F767ZI.elf
 
arm-none-eabi-objdump -h -S  SPI_FLASH_F767ZI.elf  > "SPI_FLASH_F767ZI.list"
arm-none-eabi-objcopy  -O binary  SPI_FLASH_F767ZI.elf  "SPI_FLASH_F767ZI.bin"
arm-none-eabi-size   SPI_FLASH_F767ZI.elf 
   text	   data	    bss	    dec	    hex	filename
  60636	    140	   2732	  63508	   f814	SPI_FLASH_F767ZI.elf
Finished building: default.size.stdout
 
Finished building: SPI_FLASH_F767ZI.bin
 
Finished building: SPI_FLASH_F767ZI.list
 
21:33:04 **** Incremental Build of configuration Debug for project SPI_FLASH_F767ZI ****
make -j7 all 
arm-none-eabi-size   SPI_FLASH_F767ZI.elf 
   text	   data	    bss	    dec	    hex	filename
  60636	    140	   2732	  63508	   f814	SPI_FLASH_F767ZI.elf
Finished building: default.size.stdout
 
21:44:08 **** Incremental Build of configuration Debug for project SPI_FLASH_F767ZI ****
make -j7 all 
arm-none-eabi-gcc "../Core/Src/uart.c" -mcpu=cortex-m7 -std=gnu11 -g3 -DDEBUG -DUSE_HAL_DRIVER -DSTM32F767xx -c -I../Core/Inc -I../Core/lfs -I../Drivers/STM32F7xx_HAL_Driver/Inc -I../Drivers/STM32F7xx_HAL_Driver/Inc/Legacy -I../Drivers/CMSIS/Device/ST/STM32F7xx/Include -I../Drivers/CMSIS/Include -O0 -ffunction-sections -fdata-sections -Wall -fstack-usage -MMD -MP -MF"Core/Src/uart.d" -MT"Core/Src/uart.o" --specs=nano.specs -mfpu=fpv5-d16 -mfloat-abi=hard -mthumb -o "Core/Src/uart.o"
arm-none-eabi-gcc -o "SPI_FLASH_F767ZI.elf" @"objects.list"   -mcpu=cortex-m7 -T"/Users/adityasehgal/Documents/GitHub/Learn_STM32/SPI_FLASH_F767ZI_V2/STM32F767ZITX_FLASH.ld" --specs=nosys.specs -Wl,-Map="SPI_FLASH_F767ZI.map" -Wl,--gc-sections -static --specs=nano.specs -mfpu=fpv5-d16 -mfloat-abi=hard -mthumb -Wl,--start-group -lc -lm -Wl,--end-group
Finished building target: SPI_FLASH_F767ZI.elf
 
arm-none-eabi-objdump -h -S  SPI_FLASH_F767ZI.elf  > "SPI_FLASH_F767ZI.list"
arm-none-eabi-objcopy  -O binary  SPI_FLASH_F767ZI.elf  "SPI_FLASH_F767ZI.bin"
arm-none-eabi-size   SPI_FLASH_F767ZI.elf 
   text	   data	    bss	    dec	    hex	filename
  60640	    140	   2732	  63512	   f818	SPI_FLASH_F767ZI.elf
Finished building: default.size.stdout
 
Finished building: SPI_FLASH_F767ZI.bin
 
Finished building: SPI_FLASH_F767ZI.list
 
21:45:37 **** Incremental Build of configuration Debug for project SPI_FLASH_F767ZI ****
make -j7 all 
arm-none-eabi-size   SPI_FLASH_F767ZI.elf 
   text	   data	    bss	    dec	    hex	filename
  60640	    140	   2732	  63512	   f818	SPI_FLASH_F767ZI.elf
Finished building: default.size.stdout
 
21:49:06 **** Incremental Build of configuration Debug for project SPI_FLASH_F767ZI ****
make -j7 all 
arm-none-eabi-size   SPI_FLASH_F767ZI.elf 
   text	   data	    bss	    dec	    hex	filename
  60640	    140	   2732	  63512	   f818	SPI_FLASH_F767ZI.elf
Finished building: default.size.stdout
 
21:49:16 **** Incremental Build of configuration Debug for project SPI_FLASH_F767ZI ****
make -j7 all 
arm-none-eabi-size   SPI_FLASH_F767ZI.elf 
   text	   data	    bss	    dec	    hex	filename
  60640	    140	   2732	  63512	   f818	SPI_FLASH_F767ZI.elf
Finished building: default.size.stdout
 
21:49:26 **** Incremental Build of configuration Debug for project SPI_FLASH_F767ZI ****
make -j7 all 
arm-none-eabi-size   SPI_FLASH_F767ZI.elf 
   text	   data	    bss	    dec	    hex	filename
  60640	    140	   2732	  63512	   f818	SPI_FLASH_F767ZI.elf
Finished building: default.size.stdout
 
21:56:19 **** Incremental Build of configuration Debug for project SPI_FLASH_F767ZI ****
make -j7 all 
arm-none-eabi-gcc "../Core/Src/main.c" -mcpu=cortex-m7 -std=gnu11 -g3 -DDEBUG -DUSE_HAL_DRIVER -DSTM32F767xx -c -I../Core/Inc -I../Core/lfs -I../Drivers/STM32F7xx_HAL_Driver/Inc -I../Drivers/STM32F7xx_HAL_Driver/Inc/Legacy -I../Drivers/CMSIS/Device/ST/STM32F7xx/Include -I../Drivers/CMSIS/Include -O0 -ffunction-sections -fdata-sections -Wall -fstack-usage -MMD -MP -MF"Core/Src/main.d" -MT"Core/Src/main.o" --specs=nano.specs -mfpu=fpv5-d16 -mfloat-abi=hard -mthumb -o "Core/Src/main.o"
arm-none-eabi-gcc "../Core/Src/uart.c" -mcpu=cortex-m7 -std=gnu11 -g3 -DDEBUG -DUSE_HAL_DRIVER -DSTM32F767xx -c -I../Core/Inc -I../Core/lfs -I../Drivers/STM32F7xx_HAL_Driver/Inc -I../Drivers/STM32F7xx_HAL_Driver/Inc/Legacy -I../Drivers/CMSIS/Device/ST/STM32F7xx/Include -I../Drivers/CMSIS/Include -O0 -ffunction-sections -fdata-sections -Wall -fstack-usage -MMD -MP -MF"Core/Src/uart.d" -MT"Core/Src/uart.o" --specs=nano.specs -mfpu=fpv5-d16 -mfloat-abi=hard -mthumb -o "Core/Src/uart.o"
arm-none-eabi-gcc -o "SPI_FLASH_F767ZI.elf" @"objects.list"   -mcpu=cortex-m7 -T"/Users/adityasehgal/Documents/GitHub/Learn_STM32/SPI_FLASH_F767ZI_V2/STM32F767ZITX_FLASH.ld" --specs=nosys.specs -Wl,-Map="SPI_FLASH_F767ZI.map" -Wl,--gc-sections -static --specs=nano.specs -mfpu=fpv5-d16 -mfloat-abi=hard -mthumb -Wl,--start-group -lc -lm -Wl,--end-group
Finished building target: SPI_FLASH_F767ZI.elf
 
arm-none-eabi-objdump -h -S  SPI_FLASH_F767ZI.elf  > "SPI_FLASH_F767ZI.list"
arm-none-eabi-objcopy  -O binary  SPI_FLASH_F767ZI.elf  "SPI_FLASH_F767ZI.bin"
arm-none-eabi-size   SPI_FLASH_F767ZI.elf 
   text	   data	    bss	    dec	    hex	filename
  61100	    140	   2732	  63972	   f9e4	SPI_FLASH_F767ZI.elf
Finished building: default.size.stdout
 
Finished building: SPI_FLASH_F767ZI.bin
 
Finished building: SPI_FLASH_F767ZI.list
 
22:02:54 **** Incremental Build of configuration Debug for project SPI_FLASH_F767ZI ****
make -j7 all 
arm-none-eabi-gcc "../Core/Src/uart.c" -mcpu=cortex-m7 -std=gnu11 -g3 -DDEBUG -DUSE_HAL_DRIVER -DSTM32F767xx -c -I../Core/Inc -I../Core/lfs -I../Drivers/STM32F7xx_HAL_Driver/Inc -I../Drivers/STM32F7xx_HAL_Driver/Inc/Legacy -I../Drivers/CMSIS/Device/ST/STM32F7xx/Include -I../Drivers/CMSIS/Include -O0 -ffunction-sections -fdata-sections -Wall -fstack-usage -MMD -MP -MF"Core/Src/uart.d" -MT"Core/Src/uart.o" --specs=nano.specs -mfpu=fpv5-d16 -mfloat-abi=hard -mthumb -o "Core/Src/uart.o"
arm-none-eabi-gcc -o "SPI_FLASH_F767ZI.elf" @"objects.list"   -mcpu=cortex-m7 -T"/Users/adityasehgal/Documents/GitHub/Learn_STM32/SPI_FLASH_F767ZI_V2/STM32F767ZITX_FLASH.ld" --specs=nosys.specs -Wl,-Map="SPI_FLASH_F767ZI.map" -Wl,--gc-sections -static --specs=nano.specs -mfpu=fpv5-d16 -mfloat-abi=hard -mthumb -Wl,--start-group -lc -lm -Wl,--end-group
Finished building target: SPI_FLASH_F767ZI.elf
 
arm-none-eabi-objdump -h -S  SPI_FLASH_F767ZI.elf  > "SPI_FLASH_F767ZI.list"
arm-none-eabi-objcopy  -O binary  SPI_FLASH_F767ZI.elf  "SPI_FLASH_F767ZI.bin"
arm-none-eabi-size   SPI_FLASH_F767ZI.elf 
   text	   data	    bss	    dec	    hex	filename
  61052	    140	   2732	  63924	   f9b4	SPI_FLASH_F767ZI.elf
Finished building: default.size.stdout
 
Finished building: SPI_FLASH_F767ZI.bin
 
Finished building: SPI_FLASH_F767ZI.list
 
22:16:14 **** Incremental Build of configuration Debug for project SPI_FLASH_F767ZI ****
make -j7 all 
arm-none-eabi-gcc "../Core/Src/main.c" -mcpu=cortex-m7 -std=gnu11 -g3 -DDEBUG -DUSE_HAL_DRIVER -DSTM32F767xx -c -I../Core/Inc -I../Core/lfs -I../Drivers/STM32F7xx_HAL_Driver/Inc -I../Drivers/STM32F7xx_HAL_Driver/Inc/Legacy -I../Drivers/CMSIS/Device/ST/STM32F7xx/Include -I../Drivers/CMSIS/Include -O0 -ffunction-sections -fdata-sections -Wall -fstack-usage -MMD -MP -MF"Core/Src/main.d" -MT"Core/Src/main.o" --specs=nano.specs -mfpu=fpv5-d16 -mfloat-abi=hard -mthumb -o "Core/Src/main.o"
arm-none-eabi-gcc "../Core/Src/uart.c" -mcpu=cortex-m7 -std=gnu11 -g3 -DDEBUG -DUSE_HAL_DRIVER -DSTM32F767xx -c -I../Core/Inc -I../Core/lfs -I../Drivers/STM32F7xx_HAL_Driver/Inc -I../Drivers/STM32F7xx_HAL_Driver/Inc/Legacy -I../Drivers/CMSIS/Device/ST/STM32F7xx/Include -I../Drivers/CMSIS/Include -O0 -ffunction-sections -fdata-sections -Wall -fstack-usage -MMD -MP -MF"Core/Src/uart.d" -MT"Core/Src/uart.o" --specs=nano.specs -mfpu=fpv5-d16 -mfloat-abi=hard -mthumb -o "Core/Src/uart.o"
../Core/Src/uart.c: In function 'uartRxFile':
../Core/Src/uart.c:189:35: warning: format '%lu' expects argument of type 'long unsigned int', but argument 3 has type 'int' [-Wformat=]
  189 |  printf("Wrote file[%s] of size %lu bytes to file system\n", name, err);
      |                                 ~~^                                ~~~
      |                                   |                                |
      |                                   long unsigned int                int
      |                                 %u
arm-none-eabi-gcc -o "SPI_FLASH_F767ZI.elf" @"objects.list"   -mcpu=cortex-m7 -T"/Users/adityasehgal/Documents/GitHub/Learn_STM32/SPI_FLASH_F767ZI_V2/STM32F767ZITX_FLASH.ld" --specs=nosys.specs -Wl,-Map="SPI_FLASH_F767ZI.map" -Wl,--gc-sections -static --specs=nano.specs -mfpu=fpv5-d16 -mfloat-abi=hard -mthumb -Wl,--start-group -lc -lm -Wl,--end-group
Finished building target: SPI_FLASH_F767ZI.elf
 
arm-none-eabi-objdump -h -S  SPI_FLASH_F767ZI.elf  > "SPI_FLASH_F767ZI.list"
arm-none-eabi-objcopy  -O binary  SPI_FLASH_F767ZI.elf  "SPI_FLASH_F767ZI.bin"
arm-none-eabi-size   SPI_FLASH_F767ZI.elf 
   text	   data	    bss	    dec	    hex	filename
  61048	    140	   2732	  63920	   f9b0	SPI_FLASH_F767ZI.elf
Finished building: default.size.stdout
 
Finished building: SPI_FLASH_F767ZI.bin
 
Finished building: SPI_FLASH_F767ZI.list
 
22:16:32 **** Incremental Build of configuration Debug for project SPI_FLASH_F767ZI ****
make -j7 all 
arm-none-eabi-gcc "../Core/Src/uart.c" -mcpu=cortex-m7 -std=gnu11 -g3 -DDEBUG -DUSE_HAL_DRIVER -DSTM32F767xx -c -I../Core/Inc -I../Core/lfs -I../Drivers/STM32F7xx_HAL_Driver/Inc -I../Drivers/STM32F7xx_HAL_Driver/Inc/Legacy -I../Drivers/CMSIS/Device/ST/STM32F7xx/Include -I../Drivers/CMSIS/Include -O0 -ffunction-sections -fdata-sections -Wall -fstack-usage -MMD -MP -MF"Core/Src/uart.d" -MT"Core/Src/uart.o" --specs=nano.specs -mfpu=fpv5-d16 -mfloat-abi=hard -mthumb -o "Core/Src/uart.o"
arm-none-eabi-gcc -o "SPI_FLASH_F767ZI.elf" @"objects.list"   -mcpu=cortex-m7 -T"/Users/adityasehgal/Documents/GitHub/Learn_STM32/SPI_FLASH_F767ZI_V2/STM32F767ZITX_FLASH.ld" --specs=nosys.specs -Wl,-Map="SPI_FLASH_F767ZI.map" -Wl,--gc-sections -static --specs=nano.specs -mfpu=fpv5-d16 -mfloat-abi=hard -mthumb -Wl,--start-group -lc -lm -Wl,--end-group
Finished building target: SPI_FLASH_F767ZI.elf
 
arm-none-eabi-objdump -h -S  SPI_FLASH_F767ZI.elf  > "SPI_FLASH_F767ZI.list"
arm-none-eabi-objcopy  -O binary  SPI_FLASH_F767ZI.elf  "SPI_FLASH_F767ZI.bin"
arm-none-eabi-size   SPI_FLASH_F767ZI.elf 
   text	   data	    bss	    dec	    hex	filename
  61044	    140	   2732	  63916	   f9ac	SPI_FLASH_F767ZI.elf
Finished building: default.size.stdout
 
Finished building: SPI_FLASH_F767ZI.bin
 
Finished building: SPI_FLASH_F767ZI.list
 
22:17:30 **** Incremental Build of configuration Debug for project SPI_FLASH_F767ZI ****
make -j7 all 
arm-none-eabi-gcc "../Core/Src/uart.c" -mcpu=cortex-m7 -std=gnu11 -g3 -DDEBUG -DUSE_HAL_DRIVER -DSTM32F767xx -c -I../Core/Inc -I../Core/lfs -I../Drivers/STM32F7xx_HAL_Driver/Inc -I../Drivers/STM32F7xx_HAL_Driver/Inc/Legacy -I../Drivers/CMSIS/Device/ST/STM32F7xx/Include -I../Drivers/CMSIS/Include -O0 -ffunction-sections -fdata-sections -Wall -fstack-usage -MMD -MP -MF"Core/Src/uart.d" -MT"Core/Src/uart.o" --specs=nano.specs -mfpu=fpv5-d16 -mfloat-abi=hard -mthumb -o "Core/Src/uart.o"
arm-none-eabi-gcc -o "SPI_FLASH_F767ZI.elf" @"objects.list"   -mcpu=cortex-m7 -T"/Users/adityasehgal/Documents/GitHub/Learn_STM32/SPI_FLASH_F767ZI_V2/STM32F767ZITX_FLASH.ld" --specs=nosys.specs -Wl,-Map="SPI_FLASH_F767ZI.map" -Wl,--gc-sections -static --specs=nano.specs -mfpu=fpv5-d16 -mfloat-abi=hard -mthumb -Wl,--start-group -lc -lm -Wl,--end-group
Finished building target: SPI_FLASH_F767ZI.elf
 
arm-none-eabi-objdump -h -S  SPI_FLASH_F767ZI.elf  > "SPI_FLASH_F767ZI.list"
arm-none-eabi-objcopy  -O binary  SPI_FLASH_F767ZI.elf  "SPI_FLASH_F767ZI.bin"
arm-none-eabi-size   SPI_FLASH_F767ZI.elf 
   text	   data	    bss	    dec	    hex	filename
  61072	    140	   2732	  63944	   f9c8	SPI_FLASH_F767ZI.elf
Finished building: default.size.stdout
 
Finished building: SPI_FLASH_F767ZI.bin
 
Finished building: SPI_FLASH_F767ZI.list
 
22:19:33 **** Incremental Build of configuration Debug for project SPI_FLASH_F767ZI ****
make -j7 all 
arm-none-eabi-gcc "../Core/Src/uart.c" -mcpu=cortex-m7 -std=gnu11 -g3 -DDEBUG -DUSE_HAL_DRIVER -DSTM32F767xx -c -I../Core/Inc -I../Core/lfs -I../Drivers/STM32F7xx_HAL_Driver/Inc -I../Drivers/STM32F7xx_HAL_Driver/Inc/Legacy -I../Drivers/CMSIS/Device/ST/STM32F7xx/Include -I../Drivers/CMSIS/Include -O0 -ffunction-sections -fdata-sections -Wall -fstack-usage -MMD -MP -MF"Core/Src/uart.d" -MT"Core/Src/uart.o" --specs=nano.specs -mfpu=fpv5-d16 -mfloat-abi=hard -mthumb -o "Core/Src/uart.o"
../Core/Src/uart.c: In function 'uartPrintHelp':
../Core/Src/uart.c:143:20: warning: conversion lacks type at end of format [-Wformat=]
  143 |   printf("\t%s %s % %*c ", cmds[i].cmdName,
      |                    ^
../Core/Src/uart.c:143:22: warning: field width specifier '*' expects argument of type 'int', but argument 4 has type 'char *' [-Wformat=]
  143 |   printf("\t%s %s % %*c ", cmds[i].cmdName,
      |                     ~^~
      |                      |
      |                      int
  144 |     cmds[i].cmdTakesname ? "[file_name]" : "",
  145 |     cmds[i].cmdTakesname ? "[num_bytes]" : "", gap, ':');
      |     ~~~~~~~~~~~~~~~~~~~~~~~~~~~~~~~~~~~~~~~~~
      |                                          |
      |                                          char *
../Core/Src/uart.c:143:10: warning: too many arguments for format [-Wformat-extra-args]
  143 |   printf("\t%s %s % %*c ", cmds[i].cmdName,
      |          ^~~~~~~~~~~~~~~~
arm-none-eabi-gcc -o "SPI_FLASH_F767ZI.elf" @"objects.list"   -mcpu=cortex-m7 -T"/Users/adityasehgal/Documents/GitHub/Learn_STM32/SPI_FLASH_F767ZI_V2/STM32F767ZITX_FLASH.ld" --specs=nosys.specs -Wl,-Map="SPI_FLASH_F767ZI.map" -Wl,--gc-sections -static --specs=nano.specs -mfpu=fpv5-d16 -mfloat-abi=hard -mthumb -Wl,--start-group -lc -lm -Wl,--end-group
Finished building target: SPI_FLASH_F767ZI.elf
 
arm-none-eabi-objdump -h -S  SPI_FLASH_F767ZI.elf  > "SPI_FLASH_F767ZI.list"
arm-none-eabi-objcopy  -O binary  SPI_FLASH_F767ZI.elf  "SPI_FLASH_F767ZI.bin"
arm-none-eabi-size   SPI_FLASH_F767ZI.elf 
   text	   data	    bss	    dec	    hex	filename
  61120	    140	   2732	  63992	   f9f8	SPI_FLASH_F767ZI.elf
Finished building: default.size.stdout
 
Finished building: SPI_FLASH_F767ZI.bin
 
Finished building: SPI_FLASH_F767ZI.list
 
22:19:38 **** Incremental Build of configuration Debug for project SPI_FLASH_F767ZI ****
make -j7 all 
arm-none-eabi-gcc "../Core/Src/uart.c" -mcpu=cortex-m7 -std=gnu11 -g3 -DDEBUG -DUSE_HAL_DRIVER -DSTM32F767xx -c -I../Core/Inc -I../Core/lfs -I../Drivers/STM32F7xx_HAL_Driver/Inc -I../Drivers/STM32F7xx_HAL_Driver/Inc/Legacy -I../Drivers/CMSIS/Device/ST/STM32F7xx/Include -I../Drivers/CMSIS/Include -O0 -ffunction-sections -fdata-sections -Wall -fstack-usage -MMD -MP -MF"Core/Src/uart.d" -MT"Core/Src/uart.o" --specs=nano.specs -mfpu=fpv5-d16 -mfloat-abi=hard -mthumb -o "Core/Src/uart.o"
arm-none-eabi-gcc -o "SPI_FLASH_F767ZI.elf" @"objects.list"   -mcpu=cortex-m7 -T"/Users/adityasehgal/Documents/GitHub/Learn_STM32/SPI_FLASH_F767ZI_V2/STM32F767ZITX_FLASH.ld" --specs=nosys.specs -Wl,-Map="SPI_FLASH_F767ZI.map" -Wl,--gc-sections -static --specs=nano.specs -mfpu=fpv5-d16 -mfloat-abi=hard -mthumb -Wl,--start-group -lc -lm -Wl,--end-group
Finished building target: SPI_FLASH_F767ZI.elf
 
arm-none-eabi-objdump -h -S  SPI_FLASH_F767ZI.elf  > "SPI_FLASH_F767ZI.list"
arm-none-eabi-objcopy  -O binary  SPI_FLASH_F767ZI.elf  "SPI_FLASH_F767ZI.bin"
arm-none-eabi-size   SPI_FLASH_F767ZI.elf 
   text	   data	    bss	    dec	    hex	filename
  61120	    140	   2732	  63992	   f9f8	SPI_FLASH_F767ZI.elf
Finished building: default.size.stdout
 
Finished building: SPI_FLASH_F767ZI.bin
 
Finished building: SPI_FLASH_F767ZI.list
 
22:19:41 **** Incremental Build of configuration Debug for project SPI_FLASH_F767ZI ****
make -j7 all 
arm-none-eabi-size   SPI_FLASH_F767ZI.elf 
   text	   data	    bss	    dec	    hex	filename
  61120	    140	   2732	  63992	   f9f8	SPI_FLASH_F767ZI.elf
Finished building: default.size.stdout
 
22:20:06 **** Incremental Build of configuration Debug for project SPI_FLASH_F767ZI ****
make -j7 all 
arm-none-eabi-gcc "../Core/Src/uart.c" -mcpu=cortex-m7 -std=gnu11 -g3 -DDEBUG -DUSE_HAL_DRIVER -DSTM32F767xx -c -I../Core/Inc -I../Core/lfs -I../Drivers/STM32F7xx_HAL_Driver/Inc -I../Drivers/STM32F7xx_HAL_Driver/Inc/Legacy -I../Drivers/CMSIS/Device/ST/STM32F7xx/Include -I../Drivers/CMSIS/Include -O0 -ffunction-sections -fdata-sections -Wall -fstack-usage -MMD -MP -MF"Core/Src/uart.d" -MT"Core/Src/uart.o" --specs=nano.specs -mfpu=fpv5-d16 -mfloat-abi=hard -mthumb -o "Core/Src/uart.o"
arm-none-eabi-gcc -o "SPI_FLASH_F767ZI.elf" @"objects.list"   -mcpu=cortex-m7 -T"/Users/adityasehgal/Documents/GitHub/Learn_STM32/SPI_FLASH_F767ZI_V2/STM32F767ZITX_FLASH.ld" --specs=nosys.specs -Wl,-Map="SPI_FLASH_F767ZI.map" -Wl,--gc-sections -static --specs=nano.specs -mfpu=fpv5-d16 -mfloat-abi=hard -mthumb -Wl,--start-group -lc -lm -Wl,--end-group
Finished building target: SPI_FLASH_F767ZI.elf
 
arm-none-eabi-objdump -h -S  SPI_FLASH_F767ZI.elf  > "SPI_FLASH_F767ZI.list"
arm-none-eabi-objcopy  -O binary  SPI_FLASH_F767ZI.elf  "SPI_FLASH_F767ZI.bin"
arm-none-eabi-size   SPI_FLASH_F767ZI.elf 
   text	   data	    bss	    dec	    hex	filename
  61120	    140	   2732	  63992	   f9f8	SPI_FLASH_F767ZI.elf
Finished building: default.size.stdout
 
Finished building: SPI_FLASH_F767ZI.bin
 
Finished building: SPI_FLASH_F767ZI.list
 
22:33:00 **** Incremental Build of configuration Debug for project SPI_FLASH_F767ZI ****
make -j7 all 
arm-none-eabi-gcc "../Core/lfs/lfs_interface.c" -mcpu=cortex-m7 -std=gnu11 -g3 -DDEBUG -DUSE_HAL_DRIVER -DSTM32F767xx -c -I../Core/Inc -I../Core/lfs -I../Drivers/STM32F7xx_HAL_Driver/Inc -I../Drivers/STM32F7xx_HAL_Driver/Inc/Legacy -I../Drivers/CMSIS/Device/ST/STM32F7xx/Include -I../Drivers/CMSIS/Include -O0 -ffunction-sections -fdata-sections -Wall -fstack-usage -MMD -MP -MF"Core/lfs/lfs_interface.d" -MT"Core/lfs/lfs_interface.o" --specs=nano.specs -mfpu=fpv5-d16 -mfloat-abi=hard -mthumb -o "Core/lfs/lfs_interface.o"
arm-none-eabi-gcc "../Core/Src/main.c" -mcpu=cortex-m7 -std=gnu11 -g3 -DDEBUG -DUSE_HAL_DRIVER -DSTM32F767xx -c -I../Core/Inc -I../Core/lfs -I../Drivers/STM32F7xx_HAL_Driver/Inc -I../Drivers/STM32F7xx_HAL_Driver/Inc/Legacy -I../Drivers/CMSIS/Device/ST/STM32F7xx/Include -I../Drivers/CMSIS/Include -O0 -ffunction-sections -fdata-sections -Wall -fstack-usage -MMD -MP -MF"Core/Src/main.d" -MT"Core/Src/main.o" --specs=nano.specs -mfpu=fpv5-d16 -mfloat-abi=hard -mthumb -o "Core/Src/main.o"
arm-none-eabi-gcc "../Core/Src/uart.c" -mcpu=cortex-m7 -std=gnu11 -g3 -DDEBUG -DUSE_HAL_DRIVER -DSTM32F767xx -c -I../Core/Inc -I../Core/lfs -I../Drivers/STM32F7xx_HAL_Driver/Inc -I../Drivers/STM32F7xx_HAL_Driver/Inc/Legacy -I../Drivers/CMSIS/Device/ST/STM32F7xx/Include -I../Drivers/CMSIS/Include -O0 -ffunction-sections -fdata-sections -Wall -fstack-usage -MMD -MP -MF"Core/Src/uart.d" -MT"Core/Src/uart.o" --specs=nano.specs -mfpu=fpv5-d16 -mfloat-abi=hard -mthumb -o "Core/Src/uart.o"
arm-none-eabi-gcc -o "SPI_FLASH_F767ZI.elf" @"objects.list"   -mcpu=cortex-m7 -T"/Users/adityasehgal/Documents/GitHub/Learn_STM32/SPI_FLASH_F767ZI_V2/STM32F767ZITX_FLASH.ld" --specs=nosys.specs -Wl,-Map="SPI_FLASH_F767ZI.map" -Wl,--gc-sections -static --specs=nano.specs -mfpu=fpv5-d16 -mfloat-abi=hard -mthumb -Wl,--start-group -lc -lm -Wl,--end-group
Finished building target: SPI_FLASH_F767ZI.elf
 
arm-none-eabi-objdump -h -S  SPI_FLASH_F767ZI.elf  > "SPI_FLASH_F767ZI.list"
arm-none-eabi-objcopy  -O binary  SPI_FLASH_F767ZI.elf  "SPI_FLASH_F767ZI.bin"
arm-none-eabi-size   SPI_FLASH_F767ZI.elf 
   text	   data	    bss	    dec	    hex	filename
  61188	    140	   2732	  64060	   fa3c	SPI_FLASH_F767ZI.elf
Finished building: default.size.stdout
 
Finished building: SPI_FLASH_F767ZI.bin
 
Finished building: SPI_FLASH_F767ZI.list
 
22:33:08 **** Incremental Build of configuration Debug for project SPI_FLASH_F767ZI ****
make -j7 all 
arm-none-eabi-size   SPI_FLASH_F767ZI.elf 
   text	   data	    bss	    dec	    hex	filename
  61188	    140	   2732	  64060	   fa3c	SPI_FLASH_F767ZI.elf
Finished building: default.size.stdout
 
22:35:31 **** Incremental Build of configuration Debug for project SPI_FLASH_F767ZI ****
make -j7 all 
arm-none-eabi-gcc "../Core/Src/uart.c" -mcpu=cortex-m7 -std=gnu11 -g3 -DDEBUG -DUSE_HAL_DRIVER -DSTM32F767xx -c -I../Core/Inc -I../Core/lfs -I../Drivers/STM32F7xx_HAL_Driver/Inc -I../Drivers/STM32F7xx_HAL_Driver/Inc/Legacy -I../Drivers/CMSIS/Device/ST/STM32F7xx/Include -I../Drivers/CMSIS/Include -O0 -ffunction-sections -fdata-sections -Wall -fstack-usage -MMD -MP -MF"Core/Src/uart.d" -MT"Core/Src/uart.o" --specs=nano.specs -mfpu=fpv5-d16 -mfloat-abi=hard -mthumb -o "Core/Src/uart.o"
arm-none-eabi-gcc -o "SPI_FLASH_F767ZI.elf" @"objects.list"   -mcpu=cortex-m7 -T"/Users/adityasehgal/Documents/GitHub/Learn_STM32/SPI_FLASH_F767ZI_V2/STM32F767ZITX_FLASH.ld" --specs=nosys.specs -Wl,-Map="SPI_FLASH_F767ZI.map" -Wl,--gc-sections -static --specs=nano.specs -mfpu=fpv5-d16 -mfloat-abi=hard -mthumb -Wl,--start-group -lc -lm -Wl,--end-group
Finished building target: SPI_FLASH_F767ZI.elf
 
arm-none-eabi-objdump -h -S  SPI_FLASH_F767ZI.elf  > "SPI_FLASH_F767ZI.list"
arm-none-eabi-objcopy  -O binary  SPI_FLASH_F767ZI.elf  "SPI_FLASH_F767ZI.bin"
arm-none-eabi-size   SPI_FLASH_F767ZI.elf 
   text	   data	    bss	    dec	    hex	filename
  61188	    140	   2732	  64060	   fa3c	SPI_FLASH_F767ZI.elf
Finished building: default.size.stdout
 
Finished building: SPI_FLASH_F767ZI.bin
 
Finished building: SPI_FLASH_F767ZI.list
 
22:39:00 **** Incremental Build of configuration Debug for project SPI_FLASH_F767ZI ****
make -j7 all 
arm-none-eabi-gcc "../Core/Src/uart.c" -mcpu=cortex-m7 -std=gnu11 -g3 -DDEBUG -DUSE_HAL_DRIVER -DSTM32F767xx -c -I../Core/Inc -I../Core/lfs -I../Drivers/STM32F7xx_HAL_Driver/Inc -I../Drivers/STM32F7xx_HAL_Driver/Inc/Legacy -I../Drivers/CMSIS/Device/ST/STM32F7xx/Include -I../Drivers/CMSIS/Include -O0 -ffunction-sections -fdata-sections -Wall -fstack-usage -MMD -MP -MF"Core/Src/uart.d" -MT"Core/Src/uart.o" --specs=nano.specs -mfpu=fpv5-d16 -mfloat-abi=hard -mthumb -o "Core/Src/uart.o"
../Core/Src/uart.c: In function 'uartUiDecode':
../Core/Src/uart.c:339:36: warning: format '%d' expects argument of type 'int', but argument 2 has type 'int32_t' {aka 'long int'} [-Wformat=]
  339 |    printf("file size not provided %d\n", size);
      |                                   ~^     ~~~~
      |                                    |     |
      |                                    int   int32_t {aka long int}
      |                                   %ld
../Core/Src/uart.c:342:26: warning: format '%d' expects argument of type 'int', but argument 2 has type 'int32_t' {aka 'long int'} [-Wformat=]
  342 |    printf("size provide %d\n",size);
      |                         ~^    ~~~~
      |                          |    |
      |                          int  int32_t {aka long int}
      |                         %ld
../Core/Src/uart.c:332:11: warning: unused variable 'fileSizeInput' [-Wunused-variable]
  332 |   int32_t fileSizeInput = 0;
      |           ^~~~~~~~~~~~~
arm-none-eabi-gcc -o "SPI_FLASH_F767ZI.elf" @"objects.list"   -mcpu=cortex-m7 -T"/Users/adityasehgal/Documents/GitHub/Learn_STM32/SPI_FLASH_F767ZI_V2/STM32F767ZITX_FLASH.ld" --specs=nosys.specs -Wl,-Map="SPI_FLASH_F767ZI.map" -Wl,--gc-sections -static --specs=nano.specs -mfpu=fpv5-d16 -mfloat-abi=hard -mthumb -Wl,--start-group -lc -lm -Wl,--end-group
Finished building target: SPI_FLASH_F767ZI.elf
 
arm-none-eabi-objdump -h -S  SPI_FLASH_F767ZI.elf  > "SPI_FLASH_F767ZI.list"
arm-none-eabi-objcopy  -O binary  SPI_FLASH_F767ZI.elf  "SPI_FLASH_F767ZI.bin"
arm-none-eabi-size   SPI_FLASH_F767ZI.elf 
   text	   data	    bss	    dec	    hex	filename
  61248	    140	   2732	  64120	   fa78	SPI_FLASH_F767ZI.elf
Finished building: default.size.stdout
 
Finished building: SPI_FLASH_F767ZI.bin
 
Finished building: SPI_FLASH_F767ZI.list
 
22:40:21 **** Incremental Build of configuration Debug for project SPI_FLASH_F767ZI ****
make -j7 all 
arm-none-eabi-gcc "../Core/Src/uart.c" -mcpu=cortex-m7 -std=gnu11 -g3 -DDEBUG -DUSE_HAL_DRIVER -DSTM32F767xx -c -I../Core/Inc -I../Core/lfs -I../Drivers/STM32F7xx_HAL_Driver/Inc -I../Drivers/STM32F7xx_HAL_Driver/Inc/Legacy -I../Drivers/CMSIS/Device/ST/STM32F7xx/Include -I../Drivers/CMSIS/Include -O0 -ffunction-sections -fdata-sections -Wall -fstack-usage -MMD -MP -MF"Core/Src/uart.d" -MT"Core/Src/uart.o" --specs=nano.specs -mfpu=fpv5-d16 -mfloat-abi=hard -mthumb -o "Core/Src/uart.o"
../Core/Src/uart.c: In function 'uartUiDecode':
../Core/Src/uart.c:340:36: warning: format '%d' expects argument of type 'int', but argument 2 has type 'int32_t' {aka 'long int'} [-Wformat=]
  340 |    printf("file size not provided %d\n", size);
      |                                   ~^     ~~~~
      |                                    |     |
      |                                    int   int32_t {aka long int}
      |                                   %ld
../Core/Src/uart.c:343:26: warning: format '%d' expects argument of type 'int', but argument 2 has type 'int32_t' {aka 'long int'} [-Wformat=]
  343 |    printf("size provide %d\n",size);
      |                         ~^    ~~~~
      |                          |    |
      |                          int  int32_t {aka long int}
      |                         %ld
arm-none-eabi-gcc -o "SPI_FLASH_F767ZI.elf" @"objects.list"   -mcpu=cortex-m7 -T"/Users/adityasehgal/Documents/GitHub/Learn_STM32/SPI_FLASH_F767ZI_V2/STM32F767ZITX_FLASH.ld" --specs=nosys.specs -Wl,-Map="SPI_FLASH_F767ZI.map" -Wl,--gc-sections -static --specs=nano.specs -mfpu=fpv5-d16 -mfloat-abi=hard -mthumb -Wl,--start-group -lc -lm -Wl,--end-group
Finished building target: SPI_FLASH_F767ZI.elf
 
arm-none-eabi-objdump -h -S  SPI_FLASH_F767ZI.elf  > "SPI_FLASH_F767ZI.list"
arm-none-eabi-objcopy  -O binary  SPI_FLASH_F767ZI.elf  "SPI_FLASH_F767ZI.bin"
arm-none-eabi-size   SPI_FLASH_F767ZI.elf 
   text	   data	    bss	    dec	    hex	filename
  61252	    140	   2732	  64124	   fa7c	SPI_FLASH_F767ZI.elf
Finished building: default.size.stdout
 
Finished building: SPI_FLASH_F767ZI.bin
 
Finished building: SPI_FLASH_F767ZI.list
 
22:42:34 **** Incremental Build of configuration Debug for project SPI_FLASH_F767ZI ****
make -j7 all 
arm-none-eabi-gcc "../Core/Src/uart.c" -mcpu=cortex-m7 -std=gnu11 -g3 -DDEBUG -DUSE_HAL_DRIVER -DSTM32F767xx -c -I../Core/Inc -I../Core/lfs -I../Drivers/STM32F7xx_HAL_Driver/Inc -I../Drivers/STM32F7xx_HAL_Driver/Inc/Legacy -I../Drivers/CMSIS/Device/ST/STM32F7xx/Include -I../Drivers/CMSIS/Include -O0 -ffunction-sections -fdata-sections -Wall -fstack-usage -MMD -MP -MF"Core/Src/uart.d" -MT"Core/Src/uart.o" --specs=nano.specs -mfpu=fpv5-d16 -mfloat-abi=hard -mthumb -o "Core/Src/uart.o"
../Core/Src/uart.c: In function 'uartUiDecode':
../Core/Src/uart.c:341:36: warning: format '%d' expects argument of type 'int', but argument 2 has type 'int32_t' {aka 'long int'} [-Wformat=]
  341 |    printf("file size not provided %d\n", size);
      |                                   ~^     ~~~~
      |                                    |     |
      |                                    int   int32_t {aka long int}
      |                                   %ld
../Core/Src/uart.c:344:26: warning: format '%d' expects argument of type 'int', but argument 2 has type 'int32_t' {aka 'long int'} [-Wformat=]
  344 |    printf("size provide %d\n", size);
      |                         ~^     ~~~~
      |                          |     |
      |                          int   int32_t {aka long int}
      |                         %ld
arm-none-eabi-gcc -o "SPI_FLASH_F767ZI.elf" @"objects.list"   -mcpu=cortex-m7 -T"/Users/adityasehgal/Documents/GitHub/Learn_STM32/SPI_FLASH_F767ZI_V2/STM32F767ZITX_FLASH.ld" --specs=nosys.specs -Wl,-Map="SPI_FLASH_F767ZI.map" -Wl,--gc-sections -static --specs=nano.specs -mfpu=fpv5-d16 -mfloat-abi=hard -mthumb -Wl,--start-group -lc -lm -Wl,--end-group
Finished building target: SPI_FLASH_F767ZI.elf
 
arm-none-eabi-objdump -h -S  SPI_FLASH_F767ZI.elf  > "SPI_FLASH_F767ZI.list"
arm-none-eabi-objcopy  -O binary  SPI_FLASH_F767ZI.elf  "SPI_FLASH_F767ZI.bin"
arm-none-eabi-size   SPI_FLASH_F767ZI.elf 
   text	   data	    bss	    dec	    hex	filename
  61252	    140	   2732	  64124	   fa7c	SPI_FLASH_F767ZI.elf
Finished building: default.size.stdout
 
Finished building: SPI_FLASH_F767ZI.bin
 
Finished building: SPI_FLASH_F767ZI.list
 
22:43:24 **** Incremental Build of configuration Debug for project SPI_FLASH_F767ZI ****
make -j7 all 
arm-none-eabi-gcc "../Core/Src/uart.c" -mcpu=cortex-m7 -std=gnu11 -g3 -DDEBUG -DUSE_HAL_DRIVER -DSTM32F767xx -c -I../Core/Inc -I../Core/lfs -I../Drivers/STM32F7xx_HAL_Driver/Inc -I../Drivers/STM32F7xx_HAL_Driver/Inc/Legacy -I../Drivers/CMSIS/Device/ST/STM32F7xx/Include -I../Drivers/CMSIS/Include -O0 -ffunction-sections -fdata-sections -Wall -fstack-usage -MMD -MP -MF"Core/Src/uart.d" -MT"Core/Src/uart.o" --specs=nano.specs -mfpu=fpv5-d16 -mfloat-abi=hard -mthumb -o "Core/Src/uart.o"
arm-none-eabi-gcc -o "SPI_FLASH_F767ZI.elf" @"objects.list"   -mcpu=cortex-m7 -T"/Users/adityasehgal/Documents/GitHub/Learn_STM32/SPI_FLASH_F767ZI_V2/STM32F767ZITX_FLASH.ld" --specs=nosys.specs -Wl,-Map="SPI_FLASH_F767ZI.map" -Wl,--gc-sections -static --specs=nano.specs -mfpu=fpv5-d16 -mfloat-abi=hard -mthumb -Wl,--start-group -lc -lm -Wl,--end-group
Finished building target: SPI_FLASH_F767ZI.elf
 
arm-none-eabi-objdump -h -S  SPI_FLASH_F767ZI.elf  > "SPI_FLASH_F767ZI.list"
arm-none-eabi-objcopy  -O binary  SPI_FLASH_F767ZI.elf  "SPI_FLASH_F767ZI.bin"
arm-none-eabi-size   SPI_FLASH_F767ZI.elf 
   text	   data	    bss	    dec	    hex	filename
  61180	    140	   2732	  64052	   fa34	SPI_FLASH_F767ZI.elf
Finished building: default.size.stdout
 
Finished building: SPI_FLASH_F767ZI.bin
 
Finished building: SPI_FLASH_F767ZI.list
 
22:44:05 **** Incremental Build of configuration Debug for project SPI_FLASH_F767ZI ****
make -j7 all 
arm-none-eabi-gcc "../Core/Src/main.c" -mcpu=cortex-m7 -std=gnu11 -g3 -DDEBUG -DUSE_HAL_DRIVER -DSTM32F767xx -c -I../Core/Inc -I../Core/lfs -I../Drivers/STM32F7xx_HAL_Driver/Inc -I../Drivers/STM32F7xx_HAL_Driver/Inc/Legacy -I../Drivers/CMSIS/Device/ST/STM32F7xx/Include -I../Drivers/CMSIS/Include -O0 -ffunction-sections -fdata-sections -Wall -fstack-usage -MMD -MP -MF"Core/Src/main.d" -MT"Core/Src/main.o" --specs=nano.specs -mfpu=fpv5-d16 -mfloat-abi=hard -mthumb -o "Core/Src/main.o"
arm-none-eabi-gcc "../Core/Src/uart.c" -mcpu=cortex-m7 -std=gnu11 -g3 -DDEBUG -DUSE_HAL_DRIVER -DSTM32F767xx -c -I../Core/Inc -I../Core/lfs -I../Drivers/STM32F7xx_HAL_Driver/Inc -I../Drivers/STM32F7xx_HAL_Driver/Inc/Legacy -I../Drivers/CMSIS/Device/ST/STM32F7xx/Include -I../Drivers/CMSIS/Include -O0 -ffunction-sections -fdata-sections -Wall -fstack-usage -MMD -MP -MF"Core/Src/uart.d" -MT"Core/Src/uart.o" --specs=nano.specs -mfpu=fpv5-d16 -mfloat-abi=hard -mthumb -o "Core/Src/uart.o"
arm-none-eabi-gcc -o "SPI_FLASH_F767ZI.elf" @"objects.list"   -mcpu=cortex-m7 -T"/Users/adityasehgal/Documents/GitHub/Learn_STM32/SPI_FLASH_F767ZI_V2/STM32F767ZITX_FLASH.ld" --specs=nosys.specs -Wl,-Map="SPI_FLASH_F767ZI.map" -Wl,--gc-sections -static --specs=nano.specs -mfpu=fpv5-d16 -mfloat-abi=hard -mthumb -Wl,--start-group -lc -lm -Wl,--end-group
Finished building target: SPI_FLASH_F767ZI.elf
 
arm-none-eabi-objdump -h -S  SPI_FLASH_F767ZI.elf  > "SPI_FLASH_F767ZI.list"
arm-none-eabi-objcopy  -O binary  SPI_FLASH_F767ZI.elf  "SPI_FLASH_F767ZI.bin"
arm-none-eabi-size   SPI_FLASH_F767ZI.elf 
   text	   data	    bss	    dec	    hex	filename
  61436	    140	   2732	  64308	   fb34	SPI_FLASH_F767ZI.elf
Finished building: default.size.stdout
 
Finished building: SPI_FLASH_F767ZI.bin
 
Finished building: SPI_FLASH_F767ZI.list
 
22:44:38 **** Incremental Build of configuration Debug for project SPI_FLASH_F767ZI ****
make -j7 all 
arm-none-eabi-gcc "../Core/Src/main.c" -mcpu=cortex-m7 -std=gnu11 -g3 -DDEBUG -DUSE_HAL_DRIVER -DSTM32F767xx -c -I../Core/Inc -I../Core/lfs -I../Drivers/STM32F7xx_HAL_Driver/Inc -I../Drivers/STM32F7xx_HAL_Driver/Inc/Legacy -I../Drivers/CMSIS/Device/ST/STM32F7xx/Include -I../Drivers/CMSIS/Include -O0 -ffunction-sections -fdata-sections -Wall -fstack-usage -MMD -MP -MF"Core/Src/main.d" -MT"Core/Src/main.o" --specs=nano.specs -mfpu=fpv5-d16 -mfloat-abi=hard -mthumb -o "Core/Src/main.o"
arm-none-eabi-gcc "../Core/Src/uart.c" -mcpu=cortex-m7 -std=gnu11 -g3 -DDEBUG -DUSE_HAL_DRIVER -DSTM32F767xx -c -I../Core/Inc -I../Core/lfs -I../Drivers/STM32F7xx_HAL_Driver/Inc -I../Drivers/STM32F7xx_HAL_Driver/Inc/Legacy -I../Drivers/CMSIS/Device/ST/STM32F7xx/Include -I../Drivers/CMSIS/Include -O0 -ffunction-sections -fdata-sections -Wall -fstack-usage -MMD -MP -MF"Core/Src/uart.d" -MT"Core/Src/uart.o" --specs=nano.specs -mfpu=fpv5-d16 -mfloat-abi=hard -mthumb -o "Core/Src/uart.o"
In file included from ../Core/Src/uart.c:10:
../Core/Inc/uart.h:16:18: error: 'CMD_NAME_SIZE' undeclared here (not in a function)
   16 |  uint8_t cmdName[CMD_NAME_SIZE];
      |                  ^~~~~~~~~~~~~
In file included from ../Core/Src/main.c:28:
../Core/Inc/uart.h:16:18: error: 'CMD_NAME_SIZE' undeclared here (not in a function)
   16 |  uint8_t cmdName[CMD_NAME_SIZE];
      |                  ^~~~~~~~~~~~~
../Core/Inc/uart.h:19:18: error: 'CMD_DESC_SIZE' undeclared here (not in a function)
   19 |  uint8_t cmdDesc[CMD_DESC_SIZE];
      |                  ^~~~~~~~~~~~~
../Core/Inc/uart.h:19:18: error: 'CMD_DESC_SIZE' undeclared here (not in a function)
   19 |  uint8_t cmdDesc[CMD_DESC_SIZE];
      |                  ^~~~~~~~~~~~~
../Core/Src/uart.c: In function 'uartPrintHelp':
../Core/Src/uart.c:155:14: warning: format '%s' expects argument of type 'char *', but argument 2 has type 'const uartCmds *' {aka 'const struct <anonymous> *'} [-Wformat=]
  155 |   printf("\t%s %s %s %*c ", cmds[i].cmdName,
      |             ~^              ~~~~~~~~~~~~~~~
      |              |              |
      |              char *         const uartCmds * {aka const struct <anonymous> *}
../Core/Src/uart.c:158:12: warning: format '%s' expects argument of type 'char *', but argument 2 has type 'const uartCmds *' {aka 'const struct <anonymous> *'} [-Wformat=]
  158 |   printf("%s\n", cmds[i].cmdDesc);
      |           ~^     ~~~~~~~~~~~~~~~
      |            |     |
      |            |     const uartCmds * {aka const struct <anonymous> *}
      |            char *
make: *** [Core/Src/subdir.mk:45: Core/Src/main.o] Error 1
make: *** Waiting for unfinished jobs....
make: *** [Core/Src/subdir.mk:59: Core/Src/uart.o] Error 1
"make -j7 all" terminated with exit code 2. Build might be incomplete.
22:45:08 **** Incremental Build of configuration Debug for project SPI_FLASH_F767ZI ****
make -j7 all 
arm-none-eabi-gcc "../Core/Src/main.c" -mcpu=cortex-m7 -std=gnu11 -g3 -DDEBUG -DUSE_HAL_DRIVER -DSTM32F767xx -c -I../Core/Inc -I../Core/lfs -I../Drivers/STM32F7xx_HAL_Driver/Inc -I../Drivers/STM32F7xx_HAL_Driver/Inc/Legacy -I../Drivers/CMSIS/Device/ST/STM32F7xx/Include -I../Drivers/CMSIS/Include -O0 -ffunction-sections -fdata-sections -Wall -fstack-usage -MMD -MP -MF"Core/Src/main.d" -MT"Core/Src/main.o" --specs=nano.specs -mfpu=fpv5-d16 -mfloat-abi=hard -mthumb -o "Core/Src/main.o"
arm-none-eabi-gcc "../Core/Src/uart.c" -mcpu=cortex-m7 -std=gnu11 -g3 -DDEBUG -DUSE_HAL_DRIVER -DSTM32F767xx -c -I../Core/Inc -I../Core/lfs -I../Drivers/STM32F7xx_HAL_Driver/Inc -I../Drivers/STM32F7xx_HAL_Driver/Inc/Legacy -I../Drivers/CMSIS/Device/ST/STM32F7xx/Include -I../Drivers/CMSIS/Include -O0 -ffunction-sections -fdata-sections -Wall -fstack-usage -MMD -MP -MF"Core/Src/uart.d" -MT"Core/Src/uart.o" --specs=nano.specs -mfpu=fpv5-d16 -mfloat-abi=hard -mthumb -o "Core/Src/uart.o"
arm-none-eabi-gcc -o "SPI_FLASH_F767ZI.elf" @"objects.list"   -mcpu=cortex-m7 -T"/Users/adityasehgal/Documents/GitHub/Learn_STM32/SPI_FLASH_F767ZI_V2/STM32F767ZITX_FLASH.ld" --specs=nosys.specs -Wl,-Map="SPI_FLASH_F767ZI.map" -Wl,--gc-sections -static --specs=nano.specs -mfpu=fpv5-d16 -mfloat-abi=hard -mthumb -Wl,--start-group -lc -lm -Wl,--end-group
Finished building target: SPI_FLASH_F767ZI.elf
 
arm-none-eabi-objdump -h -S  SPI_FLASH_F767ZI.elf  > "SPI_FLASH_F767ZI.list"
arm-none-eabi-objcopy  -O binary  SPI_FLASH_F767ZI.elf  "SPI_FLASH_F767ZI.bin"
arm-none-eabi-size   SPI_FLASH_F767ZI.elf 
   text	   data	    bss	    dec	    hex	filename
  61436	    140	   2732	  64308	   fb34	SPI_FLASH_F767ZI.elf
Finished building: default.size.stdout
 
Finished building: SPI_FLASH_F767ZI.bin
 
Finished building: SPI_FLASH_F767ZI.list
 
22:45:24 **** Incremental Build of configuration Debug for project SPI_FLASH_F767ZI ****
make -j7 all 
arm-none-eabi-gcc "../Core/Src/main.c" -mcpu=cortex-m7 -std=gnu11 -g3 -DDEBUG -DUSE_HAL_DRIVER -DSTM32F767xx -c -I../Core/Inc -I../Core/lfs -I../Drivers/STM32F7xx_HAL_Driver/Inc -I../Drivers/STM32F7xx_HAL_Driver/Inc/Legacy -I../Drivers/CMSIS/Device/ST/STM32F7xx/Include -I../Drivers/CMSIS/Include -O0 -ffunction-sections -fdata-sections -Wall -fstack-usage -MMD -MP -MF"Core/Src/main.d" -MT"Core/Src/main.o" --specs=nano.specs -mfpu=fpv5-d16 -mfloat-abi=hard -mthumb -o "Core/Src/main.o"
arm-none-eabi-gcc "../Core/Src/uart.c" -mcpu=cortex-m7 -std=gnu11 -g3 -DDEBUG -DUSE_HAL_DRIVER -DSTM32F767xx -c -I../Core/Inc -I../Core/lfs -I../Drivers/STM32F7xx_HAL_Driver/Inc -I../Drivers/STM32F7xx_HAL_Driver/Inc/Legacy -I../Drivers/CMSIS/Device/ST/STM32F7xx/Include -I../Drivers/CMSIS/Include -O0 -ffunction-sections -fdata-sections -Wall -fstack-usage -MMD -MP -MF"Core/Src/uart.d" -MT"Core/Src/uart.o" --specs=nano.specs -mfpu=fpv5-d16 -mfloat-abi=hard -mthumb -o "Core/Src/uart.o"
arm-none-eabi-gcc -o "SPI_FLASH_F767ZI.elf" @"objects.list"   -mcpu=cortex-m7 -T"/Users/adityasehgal/Documents/GitHub/Learn_STM32/SPI_FLASH_F767ZI_V2/STM32F767ZITX_FLASH.ld" --specs=nosys.specs -Wl,-Map="SPI_FLASH_F767ZI.map" -Wl,--gc-sections -static --specs=nano.specs -mfpu=fpv5-d16 -mfloat-abi=hard -mthumb -Wl,--start-group -lc -lm -Wl,--end-group
Finished building target: SPI_FLASH_F767ZI.elf
 
arm-none-eabi-objdump -h -S  SPI_FLASH_F767ZI.elf  > "SPI_FLASH_F767ZI.list"
arm-none-eabi-objcopy  -O binary  SPI_FLASH_F767ZI.elf  "SPI_FLASH_F767ZI.bin"
arm-none-eabi-size   SPI_FLASH_F767ZI.elf 
   text	   data	    bss	    dec	    hex	filename
  61436	    140	   2732	  64308	   fb34	SPI_FLASH_F767ZI.elf
Finished building: default.size.stdout
 
Finished building: SPI_FLASH_F767ZI.bin
 
Finished building: SPI_FLASH_F767ZI.list
 
22:46:50 **** Incremental Build of configuration Debug for project SPI_FLASH_F767ZI ****
make -j7 all 
arm-none-eabi-gcc "../Core/Src/main.c" -mcpu=cortex-m7 -std=gnu11 -g3 -DDEBUG -DUSE_HAL_DRIVER -DSTM32F767xx -c -I../Core/Inc -I../Core/lfs -I../Drivers/STM32F7xx_HAL_Driver/Inc -I../Drivers/STM32F7xx_HAL_Driver/Inc/Legacy -I../Drivers/CMSIS/Device/ST/STM32F7xx/Include -I../Drivers/CMSIS/Include -O0 -ffunction-sections -fdata-sections -Wall -fstack-usage -MMD -MP -MF"Core/Src/main.d" -MT"Core/Src/main.o" --specs=nano.specs -mfpu=fpv5-d16 -mfloat-abi=hard -mthumb -o "Core/Src/main.o"
arm-none-eabi-gcc "../Core/Src/uart.c" -mcpu=cortex-m7 -std=gnu11 -g3 -DDEBUG -DUSE_HAL_DRIVER -DSTM32F767xx -c -I../Core/Inc -I../Core/lfs -I../Drivers/STM32F7xx_HAL_Driver/Inc -I../Drivers/STM32F7xx_HAL_Driver/Inc/Legacy -I../Drivers/CMSIS/Device/ST/STM32F7xx/Include -I../Drivers/CMSIS/Include -O0 -ffunction-sections -fdata-sections -Wall -fstack-usage -MMD -MP -MF"Core/Src/uart.d" -MT"Core/Src/uart.o" --specs=nano.specs -mfpu=fpv5-d16 -mfloat-abi=hard -mthumb -o "Core/Src/uart.o"
arm-none-eabi-gcc -o "SPI_FLASH_F767ZI.elf" @"objects.list"   -mcpu=cortex-m7 -T"/Users/adityasehgal/Documents/GitHub/Learn_STM32/SPI_FLASH_F767ZI_V2/STM32F767ZITX_FLASH.ld" --specs=nosys.specs -Wl,-Map="SPI_FLASH_F767ZI.map" -Wl,--gc-sections -static --specs=nano.specs -mfpu=fpv5-d16 -mfloat-abi=hard -mthumb -Wl,--start-group -lc -lm -Wl,--end-group
Finished building target: SPI_FLASH_F767ZI.elf
 
arm-none-eabi-objdump -h -S  SPI_FLASH_F767ZI.elf  > "SPI_FLASH_F767ZI.list"
arm-none-eabi-objcopy  -O binary  SPI_FLASH_F767ZI.elf  "SPI_FLASH_F767ZI.bin"
arm-none-eabi-size   SPI_FLASH_F767ZI.elf 
   text	   data	    bss	    dec	    hex	filename
  61436	    140	   2732	  64308	   fb34	SPI_FLASH_F767ZI.elf
Finished building: default.size.stdout
 
Finished building: SPI_FLASH_F767ZI.bin
 
Finished building: SPI_FLASH_F767ZI.list
 
22:47:09 **** Incremental Build of configuration Debug for project SPI_FLASH_F767ZI ****
make -j7 all 
arm-none-eabi-gcc "../Core/Src/main.c" -mcpu=cortex-m7 -std=gnu11 -g3 -DDEBUG -DUSE_HAL_DRIVER -DSTM32F767xx -c -I../Core/Inc -I../Core/lfs -I../Drivers/STM32F7xx_HAL_Driver/Inc -I../Drivers/STM32F7xx_HAL_Driver/Inc/Legacy -I../Drivers/CMSIS/Device/ST/STM32F7xx/Include -I../Drivers/CMSIS/Include -O0 -ffunction-sections -fdata-sections -Wall -fstack-usage -MMD -MP -MF"Core/Src/main.d" -MT"Core/Src/main.o" --specs=nano.specs -mfpu=fpv5-d16 -mfloat-abi=hard -mthumb -o "Core/Src/main.o"
arm-none-eabi-gcc "../Core/Src/uart.c" -mcpu=cortex-m7 -std=gnu11 -g3 -DDEBUG -DUSE_HAL_DRIVER -DSTM32F767xx -c -I../Core/Inc -I../Core/lfs -I../Drivers/STM32F7xx_HAL_Driver/Inc -I../Drivers/STM32F7xx_HAL_Driver/Inc/Legacy -I../Drivers/CMSIS/Device/ST/STM32F7xx/Include -I../Drivers/CMSIS/Include -O0 -ffunction-sections -fdata-sections -Wall -fstack-usage -MMD -MP -MF"Core/Src/uart.d" -MT"Core/Src/uart.o" --specs=nano.specs -mfpu=fpv5-d16 -mfloat-abi=hard -mthumb -o "Core/Src/uart.o"
arm-none-eabi-gcc -o "SPI_FLASH_F767ZI.elf" @"objects.list"   -mcpu=cortex-m7 -T"/Users/adityasehgal/Documents/GitHub/Learn_STM32/SPI_FLASH_F767ZI_V2/STM32F767ZITX_FLASH.ld" --specs=nosys.specs -Wl,-Map="SPI_FLASH_F767ZI.map" -Wl,--gc-sections -static --specs=nano.specs -mfpu=fpv5-d16 -mfloat-abi=hard -mthumb -Wl,--start-group -lc -lm -Wl,--end-group
Finished building target: SPI_FLASH_F767ZI.elf
 
arm-none-eabi-objdump -h -S  SPI_FLASH_F767ZI.elf  > "SPI_FLASH_F767ZI.list"
arm-none-eabi-objcopy  -O binary  SPI_FLASH_F767ZI.elf  "SPI_FLASH_F767ZI.bin"
arm-none-eabi-size   SPI_FLASH_F767ZI.elf 
   text	   data	    bss	    dec	    hex	filename
  61436	    140	   2732	  64308	   fb34	SPI_FLASH_F767ZI.elf
Finished building: default.size.stdout
 
Finished building: SPI_FLASH_F767ZI.bin
 
Finished building: SPI_FLASH_F767ZI.list
 
22:47:27 **** Incremental Build of configuration Debug for project SPI_FLASH_F767ZI ****
make -j7 all 
arm-none-eabi-size   SPI_FLASH_F767ZI.elf 
   text	   data	    bss	    dec	    hex	filename
  61436	    140	   2732	  64308	   fb34	SPI_FLASH_F767ZI.elf
Finished building: default.size.stdout
 
22:51:42 **** Incremental Build of configuration Debug for project SPI_FLASH_F767ZI ****
make -j7 all 
arm-none-eabi-gcc "../Core/Src/main.c" -mcpu=cortex-m7 -std=gnu11 -g3 -DDEBUG -DUSE_HAL_DRIVER -DSTM32F767xx -c -I../Core/Inc -I../Core/lfs -I../Drivers/STM32F7xx_HAL_Driver/Inc -I../Drivers/STM32F7xx_HAL_Driver/Inc/Legacy -I../Drivers/CMSIS/Device/ST/STM32F7xx/Include -I../Drivers/CMSIS/Include -O0 -ffunction-sections -fdata-sections -Wall -fstack-usage -MMD -MP -MF"Core/Src/main.d" -MT"Core/Src/main.o" --specs=nano.specs -mfpu=fpv5-d16 -mfloat-abi=hard -mthumb -o "Core/Src/main.o"
arm-none-eabi-gcc "../Core/Src/uart.c" -mcpu=cortex-m7 -std=gnu11 -g3 -DDEBUG -DUSE_HAL_DRIVER -DSTM32F767xx -c -I../Core/Inc -I../Core/lfs -I../Drivers/STM32F7xx_HAL_Driver/Inc -I../Drivers/STM32F7xx_HAL_Driver/Inc/Legacy -I../Drivers/CMSIS/Device/ST/STM32F7xx/Include -I../Drivers/CMSIS/Include -O0 -ffunction-sections -fdata-sections -Wall -fstack-usage -MMD -MP -MF"Core/Src/uart.d" -MT"Core/Src/uart.o" --specs=nano.specs -mfpu=fpv5-d16 -mfloat-abi=hard -mthumb -o "Core/Src/uart.o"
arm-none-eabi-gcc -o "SPI_FLASH_F767ZI.elf" @"objects.list"   -mcpu=cortex-m7 -T"/Users/adityasehgal/Documents/GitHub/Learn_STM32/SPI_FLASH_F767ZI_V2/STM32F767ZITX_FLASH.ld" --specs=nosys.specs -Wl,-Map="SPI_FLASH_F767ZI.map" -Wl,--gc-sections -static --specs=nano.specs -mfpu=fpv5-d16 -mfloat-abi=hard -mthumb -Wl,--start-group -lc -lm -Wl,--end-group
Finished building target: SPI_FLASH_F767ZI.elf
 
arm-none-eabi-objdump -h -S  SPI_FLASH_F767ZI.elf  > "SPI_FLASH_F767ZI.list"
arm-none-eabi-objcopy  -O binary  SPI_FLASH_F767ZI.elf  "SPI_FLASH_F767ZI.bin"
arm-none-eabi-size   SPI_FLASH_F767ZI.elf 
   text	   data	    bss	    dec	    hex	filename
  61600	    140	   2732	  64472	   fbd8	SPI_FLASH_F767ZI.elf
Finished building: default.size.stdout
 
Finished building: SPI_FLASH_F767ZI.bin
 
Finished building: SPI_FLASH_F767ZI.list
 
22:51:45 **** Incremental Build of configuration Debug for project SPI_FLASH_F767ZI ****
make -j7 all 
arm-none-eabi-size   SPI_FLASH_F767ZI.elf 
   text	   data	    bss	    dec	    hex	filename
  61600	    140	   2732	  64472	   fbd8	SPI_FLASH_F767ZI.elf
Finished building: default.size.stdout
 
22:52:15 **** Incremental Build of configuration Debug for project SPI_FLASH_F767ZI ****
make -j7 all 
arm-none-eabi-gcc "../Core/Src/uart.c" -mcpu=cortex-m7 -std=gnu11 -g3 -DDEBUG -DUSE_HAL_DRIVER -DSTM32F767xx -c -I../Core/Inc -I../Core/lfs -I../Drivers/STM32F7xx_HAL_Driver/Inc -I../Drivers/STM32F7xx_HAL_Driver/Inc/Legacy -I../Drivers/CMSIS/Device/ST/STM32F7xx/Include -I../Drivers/CMSIS/Include -O0 -ffunction-sections -fdata-sections -Wall -fstack-usage -MMD -MP -MF"Core/Src/uart.d" -MT"Core/Src/uart.o" --specs=nano.specs -mfpu=fpv5-d16 -mfloat-abi=hard -mthumb -o "Core/Src/uart.o"
arm-none-eabi-gcc -o "SPI_FLASH_F767ZI.elf" @"objects.list"   -mcpu=cortex-m7 -T"/Users/adityasehgal/Documents/GitHub/Learn_STM32/SPI_FLASH_F767ZI_V2/STM32F767ZITX_FLASH.ld" --specs=nosys.specs -Wl,-Map="SPI_FLASH_F767ZI.map" -Wl,--gc-sections -static --specs=nano.specs -mfpu=fpv5-d16 -mfloat-abi=hard -mthumb -Wl,--start-group -lc -lm -Wl,--end-group
Finished building target: SPI_FLASH_F767ZI.elf
 
arm-none-eabi-objdump -h -S  SPI_FLASH_F767ZI.elf  > "SPI_FLASH_F767ZI.list"
arm-none-eabi-objcopy  -O binary  SPI_FLASH_F767ZI.elf  "SPI_FLASH_F767ZI.bin"
arm-none-eabi-size   SPI_FLASH_F767ZI.elf 
   text	   data	    bss	    dec	    hex	filename
  61600	    140	   2732	  64472	   fbd8	SPI_FLASH_F767ZI.elf
Finished building: default.size.stdout
 
Finished building: SPI_FLASH_F767ZI.bin
 
Finished building: SPI_FLASH_F767ZI.list
 
22:54:16 **** Incremental Build of configuration Debug for project SPI_FLASH_F767ZI ****
make -j7 all 
arm-none-eabi-gcc "../Core/Src/uart.c" -mcpu=cortex-m7 -std=gnu11 -g3 -DDEBUG -DUSE_HAL_DRIVER -DSTM32F767xx -c -I../Core/Inc -I../Core/lfs -I../Drivers/STM32F7xx_HAL_Driver/Inc -I../Drivers/STM32F7xx_HAL_Driver/Inc/Legacy -I../Drivers/CMSIS/Device/ST/STM32F7xx/Include -I../Drivers/CMSIS/Include -O0 -ffunction-sections -fdata-sections -Wall -fstack-usage -MMD -MP -MF"Core/Src/uart.d" -MT"Core/Src/uart.o" --specs=nano.specs -mfpu=fpv5-d16 -mfloat-abi=hard -mthumb -o "Core/Src/uart.o"
arm-none-eabi-gcc -o "SPI_FLASH_F767ZI.elf" @"objects.list"   -mcpu=cortex-m7 -T"/Users/adityasehgal/Documents/GitHub/Learn_STM32/SPI_FLASH_F767ZI_V2/STM32F767ZITX_FLASH.ld" --specs=nosys.specs -Wl,-Map="SPI_FLASH_F767ZI.map" -Wl,--gc-sections -static --specs=nano.specs -mfpu=fpv5-d16 -mfloat-abi=hard -mthumb -Wl,--start-group -lc -lm -Wl,--end-group
Finished building target: SPI_FLASH_F767ZI.elf
 
arm-none-eabi-objdump -h -S  SPI_FLASH_F767ZI.elf  > "SPI_FLASH_F767ZI.list"
arm-none-eabi-objcopy  -O binary  SPI_FLASH_F767ZI.elf  "SPI_FLASH_F767ZI.bin"
arm-none-eabi-size   SPI_FLASH_F767ZI.elf 
   text	   data	    bss	    dec	    hex	filename
  61796	    140	   2732	  64668	   fc9c	SPI_FLASH_F767ZI.elf
Finished building: default.size.stdout
 
Finished building: SPI_FLASH_F767ZI.bin
 
Finished building: SPI_FLASH_F767ZI.list
 
22:54:48 **** Incremental Build of configuration Debug for project SPI_FLASH_F767ZI ****
make -j7 all 
[...]
arm-none-eabi-gcc "../Core/lfs/lfs_util.c" -mcpu=cortex-m7 -std=gnu11 -g3 -DDEBUG -DUSE_HAL_DRIVER -DSTM32F767xx -c -I../Core/Inc -I../Core/lfs -I../Drivers/STM32F7xx_HAL_Driver/Inc -I../Drivers/STM32F7xx_HAL_Driver/Inc/Legacy -I../Drivers/CMSIS/Device/ST/STM32F7xx/Include -I../Drivers/CMSIS/Include -O0 -ffunction-sections -fdata-sections -Wall -fstack-usage -MMD -MP -MF"Core/lfs/lfs_util.d" -MT"Core/lfs/lfs_util.o" --specs=nano.specs -mfpu=fpv5-d16 -mfloat-abi=hard -mthumb -o "Core/lfs/lfs_util.o"
arm-none-eabi-gcc "../Core/Src/cksum.c" -mcpu=cortex-m7 -std=gnu11 -g3 -DDEBUG -DUSE_HAL_DRIVER -DSTM32F767xx -c -I../Core/Inc -I../Core/lfs -I../Drivers/STM32F7xx_HAL_Driver/Inc -I../Drivers/STM32F7xx_HAL_Driver/Inc/Legacy -I../Drivers/CMSIS/Device/ST/STM32F7xx/Include -I../Drivers/CMSIS/Include -O0 -ffunction-sections -fdata-sections -Wall -fstack-usage -MMD -MP -MF"Core/Src/cksum.d" -MT"Core/Src/cksum.o" --specs=nano.specs -mfpu=fpv5-d16 -mfloat-abi=hard -mthumb -o "Core/Src/cksum.o"
arm-none-eabi-gcc "../Core/Src/flash.c" -mcpu=cortex-m7 -std=gnu11 -g3 -DDEBUG -DUSE_HAL_DRIVER -DSTM32F767xx -c -I../Core/Inc -I../Core/lfs -I../Drivers/STM32F7xx_HAL_Driver/Inc -I../Drivers/STM32F7xx_HAL_Driver/Inc/Legacy -I../Drivers/CMSIS/Device/ST/STM32F7xx/Include -I../Drivers/CMSIS/Include -O0 -ffunction-sections -fdata-sections -Wall -fstack-usage -MMD -MP -MF"Core/Src/flash.d" -MT"Core/Src/flash.o" --specs=nano.specs -mfpu=fpv5-d16 -mfloat-abi=hard -mthumb -o "Core/Src/flash.o"
arm-none-eabi-gcc "../Core/Src/spifs.c" -mcpu=cortex-m7 -std=gnu11 -g3 -DDEBUG -DUSE_HAL_DRIVER -DSTM32F767xx -c -I../Core/Inc -I../Core/lfs -I../Drivers/STM32F7xx_HAL_Driver/Inc -I../Drivers/STM32F7xx_HAL_Driver/Inc/Legacy -I../Drivers/CMSIS/Device/ST/STM32F7xx/Include -I../Drivers/CMSIS/Include -O0 -ffunction-sections -fdata-sections -Wall -fstack-usage -MMD -MP -MF"Core/Src/spifs.d" -MT"Core/Src/spifs.o" --specs=nano.specs -mfpu=fpv5-d16 -mfloat-abi=hard -mthumb -o "Core/Src/spifs.o"
arm-none-eabi-gcc "../Core/Src/stm32f7xx_hal_msp.c" -mcpu=cortex-m7 -std=gnu11 -g3 -DDEBUG -DUSE_HAL_DRIVER -DSTM32F767xx -c -I../Core/Inc -I../Core/lfs -I../Drivers/STM32F7xx_HAL_Driver/Inc -I../Drivers/STM32F7xx_HAL_Driver/Inc/Legacy -I../Drivers/CMSIS/Device/ST/STM32F7xx/Include -I../Drivers/CMSIS/Include -O0 -ffunction-sections -fdata-sections -Wall -fstack-usage -MMD -MP -MF"Core/Src/stm32f7xx_hal_msp.d" -MT"Core/Src/stm32f7xx_hal_msp.o" --specs=nano.specs -mfpu=fpv5-d16 -mfloat-abi=hard -mthumb -o "Core/Src/stm32f7xx_hal_msp.o"
arm-none-eabi-gcc "../Core/Src/stm32f7xx_it.c" -mcpu=cortex-m7 -std=gnu11 -g3 -DDEBUG -DUSE_HAL_DRIVER -DSTM32F767xx -c -I../Core/Inc -I../Core/lfs -I../Drivers/STM32F7xx_HAL_Driver/Inc -I../Drivers/STM32F7xx_HAL_Driver/Inc/Legacy -I../Drivers/CMSIS/Device/ST/STM32F7xx/Include -I../Drivers/CMSIS/Include -O0 -ffunction-sections -fdata-sections -Wall -fstack-usage -MMD -MP -MF"Core/Src/stm32f7xx_it.d" -MT"Core/Src/stm32f7xx_it.o" --specs=nano.specs -mfpu=fpv5-d16 -mfloat-abi=hard -mthumb -o "Core/Src/stm32f7xx_it.o"
arm-none-eabi-gcc "../Core/Src/syscalls.c" -mcpu=cortex-m7 -std=gnu11 -g3 -DDEBUG -DUSE_HAL_DRIVER -DSTM32F767xx -c -I../Core/Inc -I../Core/lfs -I../Drivers/STM32F7xx_HAL_Driver/Inc -I../Drivers/STM32F7xx_HAL_Driver/Inc/Legacy -I../Drivers/CMSIS/Device/ST/STM32F7xx/Include -I../Drivers/CMSIS/Include -O0 -ffunction-sections -fdata-sections -Wall -fstack-usage -MMD -MP -MF"Core/Src/syscalls.d" -MT"Core/Src/syscalls.o" --specs=nano.specs -mfpu=fpv5-d16 -mfloat-abi=hard -mthumb -o "Core/Src/syscalls.o"
arm-none-eabi-gcc "../Core/Src/sysmem.c" -mcpu=cortex-m7 -std=gnu11 -g3 -DDEBUG -DUSE_HAL_DRIVER -DSTM32F767xx -c -I../Core/Inc -I../Core/lfs -I../Drivers/STM32F7xx_HAL_Driver/Inc -I../Drivers/STM32F7xx_HAL_Driver/Inc/Legacy -I../Drivers/CMSIS/Device/ST/STM32F7xx/Include -I../Drivers/CMSIS/Include -O0 -ffunction-sections -fdata-sections -Wall -fstack-usage -MMD -MP -MF"Core/Src/sysmem.d" -MT"Core/Src/sysmem.o" --specs=nano.specs -mfpu=fpv5-d16 -mfloat-abi=hard -mthumb -o "Core/Src/sysmem.o"
../Core/Src/stm32f7xx_it.c: In function 'DMA1_Stream1_IRQHandler':
../Core/Src/stm32f7xx_it.c:217:3: warning: implicit declaration of function 'printf' [-Wimplicit-function-declaration]
  217 |   printf("DMA comp\n");
      |   ^~~~~~
../Core/Src/stm32f7xx_it.c:217:3: warning: incompatible implicit declaration of built-in function 'printf'
../Core/Src/stm32f7xx_it.c:24:1: note: include '<stdio.h>' or provide a declaration of 'printf'
   23 | #include "stm32f7xx_it.h"
  +++ |+#include <stdio.h>
   24 | /* Private includes ----------------------------------------------------------*/
arm-none-eabi-gcc "../Core/Src/system_stm32f7xx.c" -mcpu=cortex-m7 -std=gnu11 -g3 -DDEBUG -DUSE_HAL_DRIVER -DSTM32F767xx -c -I../Core/Inc -I../Core/lfs -I../Drivers/STM32F7xx_HAL_Driver/Inc -I../Drivers/STM32F7xx_HAL_Driver/Inc/Legacy -I../Drivers/CMSIS/Device/ST/STM32F7xx/Include -I../Drivers/CMSIS/Include -O0 -ffunction-sections -fdata-sections -Wall -fstack-usage -MMD -MP -MF"Core/Src/system_stm32f7xx.d" -MT"Core/Src/system_stm32f7xx.o" --specs=nano.specs -mfpu=fpv5-d16 -mfloat-abi=hard -mthumb -o "Core/Src/system_stm32f7xx.o"
arm-none-eabi-gcc "../Core/Src/lfs_interface.c" -mcpu=cortex-m7 -std=gnu11 -g3 -DDEBUG -DUSE_HAL_DRIVER -DSTM32F767xx -c -I../Core/Inc -I../Core/lfs -I../Drivers/STM32F7xx_HAL_Driver/Inc -I../Drivers/STM32F7xx_HAL_Driver/Inc/Legacy -I../Drivers/CMSIS/Device/ST/STM32F7xx/Include -I../Drivers/CMSIS/Include -O0 -ffunction-sections -fdata-sections -Wall -fstack-usage -MMD -MP -MF"Core/Src/lfs_interface.d" -MT"Core/Src/lfs_interface.o" --specs=nano.specs -mfpu=fpv5-d16 -mfloat-abi=hard -mthumb -o "Core/Src/lfs_interface.o"
arm-none-eabi-gcc "../Core/Src/main.c" -mcpu=cortex-m7 -std=gnu11 -g3 -DDEBUG -DUSE_HAL_DRIVER -DSTM32F767xx -c -I../Core/Inc -I../Core/lfs -I../Drivers/STM32F7xx_HAL_Driver/Inc -I../Drivers/STM32F7xx_HAL_Driver/Inc/Legacy -I../Drivers/CMSIS/Device/ST/STM32F7xx/Include -I../Drivers/CMSIS/Include -O0 -ffunction-sections -fdata-sections -Wall -fstack-usage -MMD -MP -MF"Core/Src/main.d" -MT"Core/Src/main.o" --specs=nano.specs -mfpu=fpv5-d16 -mfloat-abi=hard -mthumb -o "Core/Src/main.o"
arm-none-eabi-gcc "../Core/Src/uart.c" -mcpu=cortex-m7 -std=gnu11 -g3 -DDEBUG -DUSE_HAL_DRIVER -DSTM32F767xx -c -I../Core/Inc -I../Core/lfs -I../Drivers/STM32F7xx_HAL_Driver/Inc -I../Drivers/STM32F7xx_HAL_Driver/Inc/Legacy -I../Drivers/CMSIS/Device/ST/STM32F7xx/Include -I../Drivers/CMSIS/Include -O0 -ffunction-sections -fdata-sections -Wall -fstack-usage -MMD -MP -MF"Core/Src/uart.d" -MT"Core/Src/uart.o" --specs=nano.specs -mfpu=fpv5-d16 -mfloat-abi=hard -mthumb -o "Core/Src/uart.o"
arm-none-eabi-gcc -o "SPI_FLASH_F767ZI.elf" @"objects.list"   -mcpu=cortex-m7 -T"/Users/adityasehgal/Documents/GitHub/Learn_STM32/SPI_FLASH_F767ZI_V2/STM32F767ZITX_FLASH.ld" --specs=nosys.specs -Wl,-Map="SPI_FLASH_F767ZI.map" -Wl,--gc-sections -static --specs=nano.specs -mfpu=fpv5-d16 -mfloat-abi=hard -mthumb -Wl,--start-group -lc -lm -Wl,--end-group
Finished building target: SPI_FLASH_F767ZI.elf
 
arm-none-eabi-objdump -h -S  SPI_FLASH_F767ZI.elf  > "SPI_FLASH_F767ZI.list"
arm-none-eabi-objcopy  -O binary  SPI_FLASH_F767ZI.elf  "SPI_FLASH_F767ZI.bin"
arm-none-eabi-size   SPI_FLASH_F767ZI.elf 
   text	   data	    bss	    dec	    hex	filename
  65000	    140	   2860	  68000	  109a0	SPI_FLASH_F767ZI.elf
Finished building: default.size.stdout
 
Finished building: SPI_FLASH_F767ZI.bin
 
Finished building: SPI_FLASH_F767ZI.list
 
15:01:18 **** Incremental Build of configuration Debug for project SPI_FLASH_F767ZI ****
make -j7 all 
arm-none-eabi-gcc "../Core/Src/stm32f7xx_it.c" -mcpu=cortex-m7 -std=gnu11 -g3 -DDEBUG -DUSE_HAL_DRIVER -DSTM32F767xx -c -I../Core/Inc -I../Core/lfs -I../Drivers/STM32F7xx_HAL_Driver/Inc -I../Drivers/STM32F7xx_HAL_Driver/Inc/Legacy -I../Drivers/CMSIS/Device/ST/STM32F7xx/Include -I../Drivers/CMSIS/Include -O0 -ffunction-sections -fdata-sections -Wall -fstack-usage -MMD -MP -MF"Core/Src/stm32f7xx_it.d" -MT"Core/Src/stm32f7xx_it.o" --specs=nano.specs -mfpu=fpv5-d16 -mfloat-abi=hard -mthumb -o "Core/Src/stm32f7xx_it.o"
arm-none-eabi-gcc -o "SPI_FLASH_F767ZI.elf" @"objects.list"   -mcpu=cortex-m7 -T"/Users/adityasehgal/Documents/GitHub/Learn_STM32/SPI_FLASH_F767ZI_V2/STM32F767ZITX_FLASH.ld" --specs=nosys.specs -Wl,-Map="SPI_FLASH_F767ZI.map" -Wl,--gc-sections -static --specs=nano.specs -mfpu=fpv5-d16 -mfloat-abi=hard -mthumb -Wl,--start-group -lc -lm -Wl,--end-group
Finished building target: SPI_FLASH_F767ZI.elf
 
arm-none-eabi-objdump -h -S  SPI_FLASH_F767ZI.elf  > "SPI_FLASH_F767ZI.list"
arm-none-eabi-objcopy  -O binary  SPI_FLASH_F767ZI.elf  "SPI_FLASH_F767ZI.bin"
arm-none-eabi-size   SPI_FLASH_F767ZI.elf 
   text	   data	    bss	    dec	    hex	filename
  64980	    140	   2860	  67980	  1098c	SPI_FLASH_F767ZI.elf
Finished building: default.size.stdout
 
Finished building: SPI_FLASH_F767ZI.bin
 
Finished building: SPI_FLASH_F767ZI.list
 
15:03:16 **** Incremental Build of configuration Debug for project SPI_FLASH_F767ZI ****
make -j7 all 
arm-none-eabi-gcc "../Core/Src/main.c" -mcpu=cortex-m7 -std=gnu11 -g3 -DDEBUG -DUSE_HAL_DRIVER -DSTM32F767xx -c -I../Core/Inc -I../Core/lfs -I../Drivers/STM32F7xx_HAL_Driver/Inc -I../Drivers/STM32F7xx_HAL_Driver/Inc/Legacy -I../Drivers/CMSIS/Device/ST/STM32F7xx/Include -I../Drivers/CMSIS/Include -O0 -ffunction-sections -fdata-sections -Wall -fstack-usage -MMD -MP -MF"Core/Src/main.d" -MT"Core/Src/main.o" --specs=nano.specs -mfpu=fpv5-d16 -mfloat-abi=hard -mthumb -o "Core/Src/main.o"
arm-none-eabi-gcc "../Core/Src/lfs_interface.c" -mcpu=cortex-m7 -std=gnu11 -g3 -DDEBUG -DUSE_HAL_DRIVER -DSTM32F767xx -c -I../Core/Inc -I../Core/lfs -I../Drivers/STM32F7xx_HAL_Driver/Inc -I../Drivers/STM32F7xx_HAL_Driver/Inc/Legacy -I../Drivers/CMSIS/Device/ST/STM32F7xx/Include -I../Drivers/CMSIS/Include -O0 -ffunction-sections -fdata-sections -Wall -fstack-usage -MMD -MP -MF"Core/Src/lfs_interface.d" -MT"Core/Src/lfs_interface.o" --specs=nano.specs -mfpu=fpv5-d16 -mfloat-abi=hard -mthumb -o "Core/Src/lfs_interface.o"
arm-none-eabi-gcc "../Core/Src/uart.c" -mcpu=cortex-m7 -std=gnu11 -g3 -DDEBUG -DUSE_HAL_DRIVER -DSTM32F767xx -c -I../Core/Inc -I../Core/lfs -I../Drivers/STM32F7xx_HAL_Driver/Inc -I../Drivers/STM32F7xx_HAL_Driver/Inc/Legacy -I../Drivers/CMSIS/Device/ST/STM32F7xx/Include -I../Drivers/CMSIS/Include -O0 -ffunction-sections -fdata-sections -Wall -fstack-usage -MMD -MP -MF"Core/Src/uart.d" -MT"Core/Src/uart.o" --specs=nano.specs -mfpu=fpv5-d16 -mfloat-abi=hard -mthumb -o "Core/Src/uart.o"
../Core/Src/lfs_interface.c: In function 'lfsGetFileSize':
../Core/Src/lfs_interface.c:134:29: error: 'fileName' undeclared (first use in this function)
  134 |  lfs_file_open(&lfs, &file, fileName, LFS_O_RDONLY);
      |                             ^~~~~~~~
../Core/Src/lfs_interface.c:134:29: note: each undeclared identifier is reported only once for each function it appears in
../Core/Src/uart.c: In function 'uartUiDecode':
../Core/Src/uart.c:439:16: error: 'fileSize' undeclared (first use in this function)
  439 |   uint8_t data[fileSize];
      |                ^~~~~~~~
../Core/Src/uart.c:439:16: note: each undeclared identifier is reported only once for each function it appears in
../Core/Src/uart.c:439:11: warning: unused variable 'data' [-Wunused-variable]
  439 |   uint8_t data[fileSize];
      |           ^~~~
make: *** [Core/Src/subdir.mk:53: Core/Src/lfs_interface.o] Error 1
make: *** Waiting for unfinished jobs....
make: *** [Core/Src/subdir.mk:69: Core/Src/uart.o] Error 1
"make -j7 all" terminated with exit code 2. Build might be incomplete.
15:03:28 **** Incremental Build of configuration Debug for project SPI_FLASH_F767ZI ****
make -j7 all 
arm-none-eabi-gcc "../Core/Src/lfs_interface.c" -mcpu=cortex-m7 -std=gnu11 -g3 -DDEBUG -DUSE_HAL_DRIVER -DSTM32F767xx -c -I../Core/Inc -I../Core/lfs -I../Drivers/STM32F7xx_HAL_Driver/Inc -I../Drivers/STM32F7xx_HAL_Driver/Inc/Legacy -I../Drivers/CMSIS/Device/ST/STM32F7xx/Include -I../Drivers/CMSIS/Include -O0 -ffunction-sections -fdata-sections -Wall -fstack-usage -MMD -MP -MF"Core/Src/lfs_interface.d" -MT"Core/Src/lfs_interface.o" --specs=nano.specs -mfpu=fpv5-d16 -mfloat-abi=hard -mthumb -o "Core/Src/lfs_interface.o"
arm-none-eabi-gcc "../Core/Src/uart.c" -mcpu=cortex-m7 -std=gnu11 -g3 -DDEBUG -DUSE_HAL_DRIVER -DSTM32F767xx -c -I../Core/Inc -I../Core/lfs -I../Drivers/STM32F7xx_HAL_Driver/Inc -I../Drivers/STM32F7xx_HAL_Driver/Inc/Legacy -I../Drivers/CMSIS/Device/ST/STM32F7xx/Include -I../Drivers/CMSIS/Include -O0 -ffunction-sections -fdata-sections -Wall -fstack-usage -MMD -MP -MF"Core/Src/uart.d" -MT"Core/Src/uart.o" --specs=nano.specs -mfpu=fpv5-d16 -mfloat-abi=hard -mthumb -o "Core/Src/uart.o"
../Core/Src/lfs_interface.c: In function 'lfsGetFileSize':
../Core/Src/lfs_interface.c:134:29: error: 'fileName' undeclared (first use in this function)
  134 |  lfs_file_open(&lfs, &file, fileName, LFS_O_RDONLY);
      |                             ^~~~~~~~
../Core/Src/lfs_interface.c:134:29: note: each undeclared identifier is reported only once for each function it appears in
make: *** [Core/Src/subdir.mk:53: Core/Src/lfs_interface.o] Error 1
make: *** Waiting for unfinished jobs....
"make -j7 all" terminated with exit code 2. Build might be incomplete.
15:03:41 **** Incremental Build of configuration Debug for project SPI_FLASH_F767ZI ****
make -j7 all 
arm-none-eabi-gcc "../Core/Src/lfs_interface.c" -mcpu=cortex-m7 -std=gnu11 -g3 -DDEBUG -DUSE_HAL_DRIVER -DSTM32F767xx -c -I../Core/Inc -I../Core/lfs -I../Drivers/STM32F7xx_HAL_Driver/Inc -I../Drivers/STM32F7xx_HAL_Driver/Inc/Legacy -I../Drivers/CMSIS/Device/ST/STM32F7xx/Include -I../Drivers/CMSIS/Include -O0 -ffunction-sections -fdata-sections -Wall -fstack-usage -MMD -MP -MF"Core/Src/lfs_interface.d" -MT"Core/Src/lfs_interface.o" --specs=nano.specs -mfpu=fpv5-d16 -mfloat-abi=hard -mthumb -o "Core/Src/lfs_interface.o"
arm-none-eabi-gcc -o "SPI_FLASH_F767ZI.elf" @"objects.list"   -mcpu=cortex-m7 -T"/Users/adityasehgal/Documents/GitHub/Learn_STM32/SPI_FLASH_F767ZI_V2/STM32F767ZITX_FLASH.ld" --specs=nosys.specs -Wl,-Map="SPI_FLASH_F767ZI.map" -Wl,--gc-sections -static --specs=nano.specs -mfpu=fpv5-d16 -mfloat-abi=hard -mthumb -Wl,--start-group -lc -lm -Wl,--end-group
Finished building target: SPI_FLASH_F767ZI.elf
 
arm-none-eabi-objdump -h -S  SPI_FLASH_F767ZI.elf  > "SPI_FLASH_F767ZI.list"
arm-none-eabi-objcopy  -O binary  SPI_FLASH_F767ZI.elf  "SPI_FLASH_F767ZI.bin"
arm-none-eabi-size   SPI_FLASH_F767ZI.elf 
   text	   data	    bss	    dec	    hex	filename
  65012	    140	   2860	  68012	  109ac	SPI_FLASH_F767ZI.elf
Finished building: default.size.stdout
 
Finished building: SPI_FLASH_F767ZI.bin
 
Finished building: SPI_FLASH_F767ZI.list
 
15:03:45 **** Incremental Build of configuration Debug for project SPI_FLASH_F767ZI ****
make -j7 all 
arm-none-eabi-size   SPI_FLASH_F767ZI.elf 
   text	   data	    bss	    dec	    hex	filename
  65012	    140	   2860	  68012	  109ac	SPI_FLASH_F767ZI.elf
Finished building: default.size.stdout
 
15:03:45 **** Incremental Build of configuration Debug for project SPI_FLASH_F767ZI ****
make -j7 all 
arm-none-eabi-size   SPI_FLASH_F767ZI.elf 
   text	   data	    bss	    dec	    hex	filename
  65012	    140	   2860	  68012	  109ac	SPI_FLASH_F767ZI.elf
Finished building: default.size.stdout
 
15:04:49 **** Incremental Build of configuration Debug for project SPI_FLASH_F767ZI ****
make -j7 all 
arm-none-eabi-gcc "../Core/Src/uart.c" -mcpu=cortex-m7 -std=gnu11 -g3 -DDEBUG -DUSE_HAL_DRIVER -DSTM32F767xx -c -I../Core/Inc -I../Core/lfs -I../Drivers/STM32F7xx_HAL_Driver/Inc -I../Drivers/STM32F7xx_HAL_Driver/Inc/Legacy -I../Drivers/CMSIS/Device/ST/STM32F7xx/Include -I../Drivers/CMSIS/Include -O0 -ffunction-sections -fdata-sections -Wall -fstack-usage -MMD -MP -MF"Core/Src/uart.d" -MT"Core/Src/uart.o" --specs=nano.specs -mfpu=fpv5-d16 -mfloat-abi=hard -mthumb -o "Core/Src/uart.o"
arm-none-eabi-gcc -o "SPI_FLASH_F767ZI.elf" @"objects.list"   -mcpu=cortex-m7 -T"/Users/adityasehgal/Documents/GitHub/Learn_STM32/SPI_FLASH_F767ZI_V2/STM32F767ZITX_FLASH.ld" --specs=nosys.specs -Wl,-Map="SPI_FLASH_F767ZI.map" -Wl,--gc-sections -static --specs=nano.specs -mfpu=fpv5-d16 -mfloat-abi=hard -mthumb -Wl,--start-group -lc -lm -Wl,--end-group
Finished building target: SPI_FLASH_F767ZI.elf
 
arm-none-eabi-objdump -h -S  SPI_FLASH_F767ZI.elf  > "SPI_FLASH_F767ZI.list"
arm-none-eabi-objcopy  -O binary  SPI_FLASH_F767ZI.elf  "SPI_FLASH_F767ZI.bin"
arm-none-eabi-size   SPI_FLASH_F767ZI.elf 
   text	   data	    bss	    dec	    hex	filename
  64992	    140	   2860	  67992	  10998	SPI_FLASH_F767ZI.elf
Finished building: default.size.stdout
 
Finished building: SPI_FLASH_F767ZI.bin
 
Finished building: SPI_FLASH_F767ZI.list
 
15:05:34 **** Incremental Build of configuration Debug for project SPI_FLASH_F767ZI ****
make -j7 all 
arm-none-eabi-gcc "../Core/Src/lfs_interface.c" -mcpu=cortex-m7 -std=gnu11 -g3 -DDEBUG -DUSE_HAL_DRIVER -DSTM32F767xx -c -I../Core/Inc -I../Core/lfs -I../Drivers/STM32F7xx_HAL_Driver/Inc -I../Drivers/STM32F7xx_HAL_Driver/Inc/Legacy -I../Drivers/CMSIS/Device/ST/STM32F7xx/Include -I../Drivers/CMSIS/Include -O0 -ffunction-sections -fdata-sections -Wall -fstack-usage -MMD -MP -MF"Core/Src/lfs_interface.d" -MT"Core/Src/lfs_interface.o" --specs=nano.specs -mfpu=fpv5-d16 -mfloat-abi=hard -mthumb -o "Core/Src/lfs_interface.o"
arm-none-eabi-gcc -o "SPI_FLASH_F767ZI.elf" @"objects.list"   -mcpu=cortex-m7 -T"/Users/adityasehgal/Documents/GitHub/Learn_STM32/SPI_FLASH_F767ZI_V2/STM32F767ZITX_FLASH.ld" --specs=nosys.specs -Wl,-Map="SPI_FLASH_F767ZI.map" -Wl,--gc-sections -static --specs=nano.specs -mfpu=fpv5-d16 -mfloat-abi=hard -mthumb -Wl,--start-group -lc -lm -Wl,--end-group
Finished building target: SPI_FLASH_F767ZI.elf
 
arm-none-eabi-objdump -h -S  SPI_FLASH_F767ZI.elf  > "SPI_FLASH_F767ZI.list"
arm-none-eabi-objcopy  -O binary  SPI_FLASH_F767ZI.elf  "SPI_FLASH_F767ZI.bin"
arm-none-eabi-size   SPI_FLASH_F767ZI.elf 
   text	   data	    bss	    dec	    hex	filename
  64972	    140	   2860	  67972	  10984	SPI_FLASH_F767ZI.elf
Finished building: default.size.stdout
 
Finished building: SPI_FLASH_F767ZI.bin
 
Finished building: SPI_FLASH_F767ZI.list
 
15:06:02 **** Incremental Build of configuration Debug for project SPI_FLASH_F767ZI ****
make -j7 all 
arm-none-eabi-gcc "../Core/Src/lfs_interface.c" -mcpu=cortex-m7 -std=gnu11 -g3 -DDEBUG -DUSE_HAL_DRIVER -DSTM32F767xx -c -I../Core/Inc -I../Core/lfs -I../Drivers/STM32F7xx_HAL_Driver/Inc -I../Drivers/STM32F7xx_HAL_Driver/Inc/Legacy -I../Drivers/CMSIS/Device/ST/STM32F7xx/Include -I../Drivers/CMSIS/Include -O0 -ffunction-sections -fdata-sections -Wall -fstack-usage -MMD -MP -MF"Core/Src/lfs_interface.d" -MT"Core/Src/lfs_interface.o" --specs=nano.specs -mfpu=fpv5-d16 -mfloat-abi=hard -mthumb -o "Core/Src/lfs_interface.o"
arm-none-eabi-gcc -o "SPI_FLASH_F767ZI.elf" @"objects.list"   -mcpu=cortex-m7 -T"/Users/adityasehgal/Documents/GitHub/Learn_STM32/SPI_FLASH_F767ZI_V2/STM32F767ZITX_FLASH.ld" --specs=nosys.specs -Wl,-Map="SPI_FLASH_F767ZI.map" -Wl,--gc-sections -static --specs=nano.specs -mfpu=fpv5-d16 -mfloat-abi=hard -mthumb -Wl,--start-group -lc -lm -Wl,--end-group
Finished building target: SPI_FLASH_F767ZI.elf
 
arm-none-eabi-objdump -h -S  SPI_FLASH_F767ZI.elf  > "SPI_FLASH_F767ZI.list"
arm-none-eabi-objcopy  -O binary  SPI_FLASH_F767ZI.elf  "SPI_FLASH_F767ZI.bin"
arm-none-eabi-size   SPI_FLASH_F767ZI.elf 
   text	   data	    bss	    dec	    hex	filename
  64992	    140	   2860	  67992	  10998	SPI_FLASH_F767ZI.elf
Finished building: default.size.stdout
 
Finished building: SPI_FLASH_F767ZI.bin
 
Finished building: SPI_FLASH_F767ZI.list
 
