arm-none-eabi-gcc -o "SD_SPI_RD_WR.elf" @"objects.list"   -mcpu=cortex-m4 -T"/Users/adityasehgal/Documents/GitHub/Learn_STM32/SD_SPI_RD_WR/STM32F401RETX_FLASH.ld" --specs=nosys.specs -Wl,-Map="SD_SPI_RD_WR.map" -Wl,--gc-sections -static --specs=nano.specs -mfpu=fpv4-sp-d16 -mfloat-abi=hard -mthumb -Wl,--start-group -lc -lm -Wl,--end-group
Finished building target: SD_SPI_RD_WR.elf
 
arm-none-eabi-objdump -h -S  SD_SPI_RD_WR.elf  > "SD_SPI_RD_WR.list"
arm-none-eabi-objcopy  -O binary  SD_SPI_RD_WR.elf  "SD_SPI_RD_WR.bin"
arm-none-eabi-size   SD_SPI_RD_WR.elf 
   text	   data	    bss	    dec	    hex	filename
   8864	     40	  10048	  18952	   4a08	SD_SPI_RD_WR.elf
Finished building: default.size.stdout
 
Finished building: SD_SPI_RD_WR.bin
 
Finished building: SD_SPI_RD_WR.list
 

20:40:39 Build Finished. 0 errors, 0 warnings. (took 880ms)

20:40:40 **** Incremental Build of configuration Debug for project SD_SPI_RD_WR ****
make -j7 all 
arm-none-eabi-size   SD_SPI_RD_WR.elf 
   text	   data	    bss	    dec	    hex	filename
   8864	     40	  10048	  18952	   4a08	SD_SPI_RD_WR.elf
Finished building: default.size.stdout
 
