19:17:23 **** Incremental Build of configuration Debug for project SD_SPI_RD_WR ****
make -j7 all 
arm-none-eabi-gcc "../Core/Src/main.c" -mcpu=cortex-m4 -std=gnu11 -g3 -DUSE_HAL_DRIVER -DSTM32F401xE -DDEBUG -c -I../Core/Inc -I../Drivers/STM32F4xx_HAL_Driver/Inc -I../Drivers/STM32F4xx_HAL_Driver/Inc/Legacy -I../Drivers/CMSIS/Device/ST/STM32F4xx/Include -I../Drivers/CMSIS/Include -I../FATFS/Target -I../FATFS/App -I../Middlewares/Third_Party/FatFs/src -O0 -ffunction-sections -fdata-sections -Wall -fstack-usage -MMD -MP -MF"Core/Src/main.d" -MT"Core/Src/main.o" --specs=nano.specs -mfpu=fpv4-sp-d16 -mfloat-abi=hard -mthumb -o "Core/Src/main.o"
arm-none-eabi-gcc -o "SD_SPI_RD_WR.elf" @"objects.list"   -mcpu=cortex-m4 -T"/Users/adityasehgal/Documents/GitHub/Learn_STM32/SD_SPI_RD_WR/STM32F401RETX_FLASH.ld" --specs=nosys.specs -Wl,-Map="SD_SPI_RD_WR.map" -Wl,--gc-sections -static --specs=nano.specs -mfpu=fpv4-sp-d16 -mfloat-abi=hard -mthumb -Wl,--start-group -lc -lm -Wl,--end-group
Finished building target: SD_SPI_RD_WR.elf
 
arm-none-eabi-objdump -h -S  SD_SPI_RD_WR.elf  > "SD_SPI_RD_WR.list"
arm-none-eabi-objcopy  -O binary  SD_SPI_RD_WR.elf  "SD_SPI_RD_WR.bin"
arm-none-eabi-size   SD_SPI_RD_WR.elf 
   text	   data	    bss	    dec	    hex	filename
  28828	    140	  19964	  48932	   bf24	SD_SPI_RD_WR.elf
Finished building: default.size.stdout
 
Finished building: SD_SPI_RD_WR.bin
 
Finished building: SD_SPI_RD_WR.list
 
19:17:28 **** Incremental Build of configuration Debug for project SD_SPI_RD_WR ****
make -j7 all 
arm-none-eabi-size   SD_SPI_RD_WR.elf 
   text	   data	    bss	    dec	    hex	filename
  28828	    140	  19964	  48932	   bf24	SD_SPI_RD_WR.elf
Finished building: default.size.stdout
 
19:18:44 **** Incremental Build of configuration Debug for project SD_SPI_RD_WR ****
make -j7 all 
arm-none-eabi-gcc "../Core/Src/main.c" -mcpu=cortex-m4 -std=gnu11 -g3 -DUSE_HAL_DRIVER -DSTM32F401xE -DDEBUG -c -I../Core/Inc -I../Drivers/STM32F4xx_HAL_Driver/Inc -I../Drivers/STM32F4xx_HAL_Driver/Inc/Legacy -I../Drivers/CMSIS/Device/ST/STM32F4xx/Include -I../Drivers/CMSIS/Include -I../FATFS/Target -I../FATFS/App -I../Middlewares/Third_Party/FatFs/src -O0 -ffunction-sections -fdata-sections -Wall -fstack-usage -MMD -MP -MF"Core/Src/main.d" -MT"Core/Src/main.o" --specs=nano.specs -mfpu=fpv4-sp-d16 -mfloat-abi=hard -mthumb -o "Core/Src/main.o"
arm-none-eabi-gcc -o "SD_SPI_RD_WR.elf" @"objects.list"   -mcpu=cortex-m4 -T"/Users/adityasehgal/Documents/GitHub/Learn_STM32/SD_SPI_RD_WR/STM32F401RETX_FLASH.ld" --specs=nosys.specs -Wl,-Map="SD_SPI_RD_WR.map" -Wl,--gc-sections -static --specs=nano.specs -mfpu=fpv4-sp-d16 -mfloat-abi=hard -mthumb -Wl,--start-group -lc -lm -Wl,--end-group
Finished building target: SD_SPI_RD_WR.elf
 
arm-none-eabi-objdump -h -S  SD_SPI_RD_WR.elf  > "SD_SPI_RD_WR.list"
arm-none-eabi-objcopy  -O binary  SD_SPI_RD_WR.elf  "SD_SPI_RD_WR.bin"
arm-none-eabi-size   SD_SPI_RD_WR.elf 
   text	   data	    bss	    dec	    hex	filename
  28816	    140	  19964	  48920	   bf18	SD_SPI_RD_WR.elf
Finished building: default.size.stdout
 
Finished building: SD_SPI_RD_WR.bin
 
Finished building: SD_SPI_RD_WR.list
 
