23:34:49 **** Incremental Build of configuration Debug for project USB_VCP_F469ZI ****
make -j7 all 
arm-none-eabi-gcc "../Core/Src/main.c" -mcpu=cortex-m4 -std=gnu11 -g3 -DDEBUG -DUSE_HAL_DRIVER -DSTM32F469xx -c -I../Core/Inc -I../Drivers/STM32F4xx_HAL_Driver/Inc -I../Drivers/STM32F4xx_HAL_Driver/Inc/Legacy -I../Drivers/CMSIS/Device/ST/STM32F4xx/Include -I../Drivers/CMSIS/Include -I../USB_DEVICE/App -I../USB_DEVICE/Target -I../Middlewares/ST/STM32_USB_Device_Library/Core/Inc -I../Middlewares/ST/STM32_USB_Device_Library/Class/CDC/Inc -O0 -ffunction-sections -fdata-sections -Wall -fstack-usage -MMD -MP -MF"Core/Src/main.d" -MT"Core/Src/main.o" --specs=nano.specs -mfpu=fpv4-sp-d16 -mfloat-abi=hard -mthumb -o "Core/Src/main.o"
arm-none-eabi-gcc -o "USB_VCP_F469ZI.elf" @"objects.list"   -mcpu=cortex-m4 -T"/Users/adityasehgal/Documents/GitHub/Learn_STM32/USB_VCP_F469ZI/STM32F469NIHX_FLASH.ld" --specs=nosys.specs -Wl,-Map="USB_VCP_F469ZI.map" -Wl,--gc-sections -static --specs=nano.specs -mfpu=fpv4-sp-d16 -mfloat-abi=hard -mthumb -Wl,--start-group -lc -lm -Wl,--end-group
Finished building target: USB_VCP_F469ZI.elf
 
arm-none-eabi-objdump -h -S  USB_VCP_F469ZI.elf  > "USB_VCP_F469ZI.list"
arm-none-eabi-objcopy  -O binary  USB_VCP_F469ZI.elf  "USB_VCP_F469ZI.bin"
arm-none-eabi-size   USB_VCP_F469ZI.elf 
   text	   data	    bss	    dec	    hex	filename
  39292	    508	   8916	  48716	   be4c	USB_VCP_F469ZI.elf
Finished building: default.size.stdout
 
Finished building: USB_VCP_F469ZI.bin
 
Finished building: USB_VCP_F469ZI.list
 
23:34:52 **** Incremental Build of configuration Debug for project USB_VCP_F469ZI ****
make -j7 all 
arm-none-eabi-size   USB_VCP_F469ZI.elf 
   text	   data	    bss	    dec	    hex	filename
  39292	    508	   8916	  48716	   be4c	USB_VCP_F469ZI.elf
Finished building: default.size.stdout
 
23:35:56 **** Incremental Build of configuration Debug for project USB_VCP_F469ZI ****
make -j7 all 
arm-none-eabi-gcc "../USB_DEVICE/App/usbd_cdc_if.c" -mcpu=cortex-m4 -std=gnu11 -g3 -DDEBUG -DUSE_HAL_DRIVER -DSTM32F469xx -c -I../Core/Inc -I../Drivers/STM32F4xx_HAL_Driver/Inc -I../Drivers/STM32F4xx_HAL_Driver/Inc/Legacy -I../Drivers/CMSIS/Device/ST/STM32F4xx/Include -I../Drivers/CMSIS/Include -I../USB_DEVICE/App -I../USB_DEVICE/Target -I../Middlewares/ST/STM32_USB_Device_Library/Core/Inc -I../Middlewares/ST/STM32_USB_Device_Library/Class/CDC/Inc -O0 -ffunction-sections -fdata-sections -Wall -fstack-usage -MMD -MP -MF"USB_DEVICE/App/usbd_cdc_if.d" -MT"USB_DEVICE/App/usbd_cdc_if.o" --specs=nano.specs -mfpu=fpv4-sp-d16 -mfloat-abi=hard -mthumb -o "USB_DEVICE/App/usbd_cdc_if.o"
arm-none-eabi-gcc -o "USB_VCP_F469ZI.elf" @"objects.list"   -mcpu=cortex-m4 -T"/Users/adityasehgal/Documents/GitHub/Learn_STM32/USB_VCP_F469ZI/STM32F469NIHX_FLASH.ld" --specs=nosys.specs -Wl,-Map="USB_VCP_F469ZI.map" -Wl,--gc-sections -static --specs=nano.specs -mfpu=fpv4-sp-d16 -mfloat-abi=hard -mthumb -Wl,--start-group -lc -lm -Wl,--end-group
Finished building target: USB_VCP_F469ZI.elf
 
arm-none-eabi-objdump -h -S  USB_VCP_F469ZI.elf  > "USB_VCP_F469ZI.list"
arm-none-eabi-objcopy  -O binary  USB_VCP_F469ZI.elf  "USB_VCP_F469ZI.bin"
arm-none-eabi-size   USB_VCP_F469ZI.elf 
   text	   data	    bss	    dec	    hex	filename
  39304	    508	   8916	  48728	   be58	USB_VCP_F469ZI.elf
Finished building: default.size.stdout
 
Finished building: USB_VCP_F469ZI.bin
 
Finished building: USB_VCP_F469ZI.list
 
23:36:48 **** Incremental Build of configuration Debug for project USB_VCP_F469ZI ****
make -j7 all 
arm-none-eabi-gcc "../Core/Src/main.c" -mcpu=cortex-m4 -std=gnu11 -g3 -DDEBUG -DUSE_HAL_DRIVER -DSTM32F469xx -c -I../Core/Inc -I../Drivers/STM32F4xx_HAL_Driver/Inc -I../Drivers/STM32F4xx_HAL_Driver/Inc/Legacy -I../Drivers/CMSIS/Device/ST/STM32F4xx/Include -I../Drivers/CMSIS/Include -I../USB_DEVICE/App -I../USB_DEVICE/Target -I../Middlewares/ST/STM32_USB_Device_Library/Core/Inc -I../Middlewares/ST/STM32_USB_Device_Library/Class/CDC/Inc -O0 -ffunction-sections -fdata-sections -Wall -fstack-usage -MMD -MP -MF"Core/Src/main.d" -MT"Core/Src/main.o" --specs=nano.specs -mfpu=fpv4-sp-d16 -mfloat-abi=hard -mthumb -o "Core/Src/main.o"
arm-none-eabi-gcc -o "USB_VCP_F469ZI.elf" @"objects.list"   -mcpu=cortex-m4 -T"/Users/adityasehgal/Documents/GitHub/Learn_STM32/USB_VCP_F469ZI/STM32F469NIHX_FLASH.ld" --specs=nosys.specs -Wl,-Map="USB_VCP_F469ZI.map" -Wl,--gc-sections -static --specs=nano.specs -mfpu=fpv4-sp-d16 -mfloat-abi=hard -mthumb -Wl,--start-group -lc -lm -Wl,--end-group
Finished building target: USB_VCP_F469ZI.elf
 
arm-none-eabi-objdump -h -S  USB_VCP_F469ZI.elf  > "USB_VCP_F469ZI.list"
arm-none-eabi-objcopy  -O binary  USB_VCP_F469ZI.elf  "USB_VCP_F469ZI.bin"
arm-none-eabi-size   USB_VCP_F469ZI.elf 
   text	   data	    bss	    dec	    hex	filename
  39316	    508	   8916	  48740	   be64	USB_VCP_F469ZI.elf
Finished building: default.size.stdout
 
Finished building: USB_VCP_F469ZI.bin
 
Finished building: USB_VCP_F469ZI.list
 
23:37:41 **** Incremental Build of configuration Debug for project USB_VCP_F469ZI ****
make -j7 all 
arm-none-eabi-gcc "../Core/Src/main.c" -mcpu=cortex-m4 -std=gnu11 -g3 -DDEBUG -DUSE_HAL_DRIVER -DSTM32F469xx -c -I../Core/Inc -I../Drivers/STM32F4xx_HAL_Driver/Inc -I../Drivers/STM32F4xx_HAL_Driver/Inc/Legacy -I../Drivers/CMSIS/Device/ST/STM32F4xx/Include -I../Drivers/CMSIS/Include -I../USB_DEVICE/App -I../USB_DEVICE/Target -I../Middlewares/ST/STM32_USB_Device_Library/Core/Inc -I../Middlewares/ST/STM32_USB_Device_Library/Class/CDC/Inc -O0 -ffunction-sections -fdata-sections -Wall -fstack-usage -MMD -MP -MF"Core/Src/main.d" -MT"Core/Src/main.o" --specs=nano.specs -mfpu=fpv4-sp-d16 -mfloat-abi=hard -mthumb -o "Core/Src/main.o"
arm-none-eabi-gcc -o "USB_VCP_F469ZI.elf" @"objects.list"   -mcpu=cortex-m4 -T"/Users/adityasehgal/Documents/GitHub/Learn_STM32/USB_VCP_F469ZI/STM32F469NIHX_FLASH.ld" --specs=nosys.specs -Wl,-Map="USB_VCP_F469ZI.map" -Wl,--gc-sections -static --specs=nano.specs -mfpu=fpv4-sp-d16 -mfloat-abi=hard -mthumb -Wl,--start-group -lc -lm -Wl,--end-group
Finished building target: USB_VCP_F469ZI.elf
 
arm-none-eabi-objdump -h -S  USB_VCP_F469ZI.elf  > "USB_VCP_F469ZI.list"
arm-none-eabi-objcopy  -O binary  USB_VCP_F469ZI.elf  "USB_VCP_F469ZI.bin"
arm-none-eabi-size   USB_VCP_F469ZI.elf 
   text	   data	    bss	    dec	    hex	filename
  39292	    508	   8916	  48716	   be4c	USB_VCP_F469ZI.elf
Finished building: default.size.stdout
 
Finished building: USB_VCP_F469ZI.bin
 
Finished building: USB_VCP_F469ZI.list
 
23:39:56 **** Incremental Build of configuration Debug for project USB_VCP_F469ZI ****
make -j7 all 
arm-none-eabi-gcc "../Core/Src/main.c" -mcpu=cortex-m4 -std=gnu11 -g3 -DDEBUG -DUSE_HAL_DRIVER -DSTM32F469xx -c -I../Core/Inc -I../Drivers/STM32F4xx_HAL_Driver/Inc -I../Drivers/STM32F4xx_HAL_Driver/Inc/Legacy -I../Drivers/CMSIS/Device/ST/STM32F4xx/Include -I../Drivers/CMSIS/Include -I../USB_DEVICE/App -I../USB_DEVICE/Target -I../Middlewares/ST/STM32_USB_Device_Library/Core/Inc -I../Middlewares/ST/STM32_USB_Device_Library/Class/CDC/Inc -O0 -ffunction-sections -fdata-sections -Wall -fstack-usage -MMD -MP -MF"Core/Src/main.d" -MT"Core/Src/main.o" --specs=nano.specs -mfpu=fpv4-sp-d16 -mfloat-abi=hard -mthumb -o "Core/Src/main.o"
arm-none-eabi-gcc -o "USB_VCP_F469ZI.elf" @"objects.list"   -mcpu=cortex-m4 -T"/Users/adityasehgal/Documents/GitHub/Learn_STM32/USB_VCP_F469ZI/STM32F469NIHX_FLASH.ld" --specs=nosys.specs -Wl,-Map="USB_VCP_F469ZI.map" -Wl,--gc-sections -static --specs=nano.specs -mfpu=fpv4-sp-d16 -mfloat-abi=hard -mthumb -Wl,--start-group -lc -lm -Wl,--end-group
Finished building target: USB_VCP_F469ZI.elf
 
arm-none-eabi-objdump -h -S  USB_VCP_F469ZI.elf  > "USB_VCP_F469ZI.list"
arm-none-eabi-objcopy  -O binary  USB_VCP_F469ZI.elf  "USB_VCP_F469ZI.bin"
arm-none-eabi-size   USB_VCP_F469ZI.elf 
   text	   data	    bss	    dec	    hex	filename
  39292	    508	   8916	  48716	   be4c	USB_VCP_F469ZI.elf
Finished building: default.size.stdout
 
Finished building: USB_VCP_F469ZI.bin
 
Finished building: USB_VCP_F469ZI.list
 
