18:59:49 **** Build of configuration Debug for project LWIP_F767ZI ****
make -j7 all 
arm-none-eabi-gcc "../Core/Src/telnet.c" -mcpu=cortex-m7 -std=gnu17 -g3 -DDEBUG -DUSE_HAL_DRIVER -DSTM32F767xx -DSTM32_THREAD_SAFE_STRATEGY=4 -c -I../Core/Inc -I../Drivers/STM32F7xx_HAL_Driver/Inc -I../Drivers/STM32F7xx_HAL_Driver/Inc/Legacy -I../Drivers/CMSIS/Device/ST/STM32F7xx/Include -I../Drivers/CMSIS/Include -I../LWIP/App -I../LWIP/Target -I../Middlewares/Third_Party/LwIP/src/include -I../Middlewares/Third_Party/LwIP/system -I../Middlewares/Third_Party/LwIP/src/include/netif/ppp -I../Middlewares/Third_Party/LwIP/src/include/lwip -I../Middlewares/Third_Party/LwIP/src/include/lwip/apps -I../Middlewares/Third_Party/LwIP/src/include/lwip/priv -I../Middlewares/Third_Party/LwIP/src/include/lwip/prot -I../Middlewares/Third_Party/LwIP/src/include/netif -I../Middlewares/Third_Party/LwIP/src/include/compat/posix -I../Middlewares/Third_Party/LwIP/src/include/compat/posix/arpa -I../Middlewares/Third_Party/LwIP/src/include/compat/posix/net -I../Middlewares/Third_Party/LwIP/src/include/compat/posix/sys -I../Middlewares/Third_Party/LwIP/src/include/compat/stdc -I../Middlewares/Third_Party/LwIP/system/arch -I../Middlewares/Third_Party/FreeRTOS/Source/include -I../Middlewares/Third_Party/FreeRTOS/Source/CMSIS_RTOS -I../Middlewares/Third_Party/FreeRTOS/Source/portable/GCC/ARM_CM7/r0p1 -I../Core/ThreadSafe -O0 -ffunction-sections -fdata-sections -Wall -fstack-usage -MMD -MP -MF"Core/Src/telnet.d" -MT"Core/Src/telnet.o" --specs=nano.specs -mfpu=fpv5-d16 -mfloat-abi=hard -mthumb -o "Core/Src/telnet.o"
../Core/Src/telnet.c:16:34: warning: 'struct termstate' declared inside parameter list will not be visible outside of this definition or declaration
   16 | static void telnetSendopt(struct termstate *ts, int code, int option) {
      |                                  ^~~~~~~~~
../Core/Src/telnet.c: In function 'telnetSendopt':
../Core/Src/telnet.c:18:11: error: 'TELNET_IAC' undeclared (first use in this function)
   18 |  buf[0] = TELNET_IAC;
      |           ^~~~~~~~~~
../Core/Src/telnet.c:18:11: note: each undeclared identifier is reported only once for each function it appears in
In file included from ../Core/Src/telnet.c:12:
../Core/Src/telnet.c:21:9: error: dereferencing pointer to incomplete type 'struct termstate'
   21 |  send(ts->sock, buf, 3, 0);
      |         ^~
../Middlewares/Third_Party/LwIP/src/include/lwip/sockets.h:640:61: note: in definition of macro 'send'
  640 | #define send(s,dataptr,size,flags)                lwip_send(s,dataptr,size,flags)
      |                                                             ^
At top level:
../Core/Src/telnet.c:16:13: warning: 'telnetSendopt' defined but not used [-Wunused-function]
   16 | static void telnetSendopt(struct termstate *ts, int code, int option) {
      |             ^~~~~~~~~~~~~
make: *** [Core/Src/subdir.mk:43: Core/Src/telnet.o] Error 1
"make -j7 all" terminated with exit code 2. Build might be incomplete.
19:01:03 **** Incremental Build of configuration Debug for project LWIP_F767ZI ****
make -j7 all 
arm-none-eabi-gcc "../Core/Src/telnet.c" -mcpu=cortex-m7 -std=gnu17 -g3 -DDEBUG -DUSE_HAL_DRIVER -DSTM32F767xx -DSTM32_THREAD_SAFE_STRATEGY=4 -c -I../Core/Inc -I../Drivers/STM32F7xx_HAL_Driver/Inc -I../Drivers/STM32F7xx_HAL_Driver/Inc/Legacy -I../Drivers/CMSIS/Device/ST/STM32F7xx/Include -I../Drivers/CMSIS/Include -I../LWIP/App -I../LWIP/Target -I../Middlewares/Third_Party/LwIP/src/include -I../Middlewares/Third_Party/LwIP/system -I../Middlewares/Third_Party/LwIP/src/include/netif/ppp -I../Middlewares/Third_Party/LwIP/src/include/lwip -I../Middlewares/Third_Party/LwIP/src/include/lwip/apps -I../Middlewares/Third_Party/LwIP/src/include/lwip/priv -I../Middlewares/Third_Party/LwIP/src/include/lwip/prot -I../Middlewares/Third_Party/LwIP/src/include/netif -I../Middlewares/Third_Party/LwIP/src/include/compat/posix -I../Middlewares/Third_Party/LwIP/src/include/compat/posix/arpa -I../Middlewares/Third_Party/LwIP/src/include/compat/posix/net -I../Middlewares/Third_Party/LwIP/src/include/compat/posix/sys -I../Middlewares/Third_Party/LwIP/src/include/compat/stdc -I../Middlewares/Third_Party/LwIP/system/arch -I../Middlewares/Third_Party/FreeRTOS/Source/include -I../Middlewares/Third_Party/FreeRTOS/Source/CMSIS_RTOS -I../Middlewares/Third_Party/FreeRTOS/Source/portable/GCC/ARM_CM7/r0p1 -I../Core/ThreadSafe -O0 -ffunction-sections -fdata-sections -Wall -fstack-usage -MMD -MP -MF"Core/Src/telnet.d" -MT"Core/Src/telnet.o" --specs=nano.specs -mfpu=fpv5-d16 -mfloat-abi=hard -mthumb -o "Core/Src/telnet.o"
../Core/Src/telnet.c:16:27: error: expected declaration specifiers or '...' before 'terminalstate_t'
   16 | static void telnetSendopt(terminalstate_t *ts, int code, int option) {
      |                           ^~~~~~~~~~~~~~~
make: *** [Core/Src/subdir.mk:43: Core/Src/telnet.o] Error 1
"make -j7 all" terminated with exit code 2. Build might be incomplete.
19:01:25 **** Incremental Build of configuration Debug for project LWIP_F767ZI ****
make -j7 all 
arm-none-eabi-gcc "../Core/Src/telnet.c" -mcpu=cortex-m7 -std=gnu17 -g3 -DDEBUG -DUSE_HAL_DRIVER -DSTM32F767xx -DSTM32_THREAD_SAFE_STRATEGY=4 -c -I../Core/Inc -I../Drivers/STM32F7xx_HAL_Driver/Inc -I../Drivers/STM32F7xx_HAL_Driver/Inc/Legacy -I../Drivers/CMSIS/Device/ST/STM32F7xx/Include -I../Drivers/CMSIS/Include -I../LWIP/App -I../LWIP/Target -I../Middlewares/Third_Party/LwIP/src/include -I../Middlewares/Third_Party/LwIP/system -I../Middlewares/Third_Party/LwIP/src/include/netif/ppp -I../Middlewares/Third_Party/LwIP/src/include/lwip -I../Middlewares/Third_Party/LwIP/src/include/lwip/apps -I../Middlewares/Third_Party/LwIP/src/include/lwip/priv -I../Middlewares/Third_Party/LwIP/src/include/lwip/prot -I../Middlewares/Third_Party/LwIP/src/include/netif -I../Middlewares/Third_Party/LwIP/src/include/compat/posix -I../Middlewares/Third_Party/LwIP/src/include/compat/posix/arpa -I../Middlewares/Third_Party/LwIP/src/include/compat/posix/net -I../Middlewares/Third_Party/LwIP/src/include/compat/posix/sys -I../Middlewares/Third_Party/LwIP/src/include/compat/stdc -I../Middlewares/Third_Party/LwIP/system/arch -I../Middlewares/Third_Party/FreeRTOS/Source/include -I../Middlewares/Third_Party/FreeRTOS/Source/CMSIS_RTOS -I../Middlewares/Third_Party/FreeRTOS/Source/portable/GCC/ARM_CM7/r0p1 -I../Core/ThreadSafe -O0 -ffunction-sections -fdata-sections -Wall -fstack-usage -MMD -MP -MF"Core/Src/telnet.d" -MT"Core/Src/telnet.o" --specs=nano.specs -mfpu=fpv5-d16 -mfloat-abi=hard -mthumb -o "Core/Src/telnet.o"
../Core/Src/telnet.c: In function 'telnetSendopt':
../Core/Src/telnet.c:18:11: error: 'TELNET_IAC' undeclared (first use in this function)
   18 |  buf[0] = TELNET_IAC;
      |           ^~~~~~~~~~
../Core/Src/telnet.c:18:11: note: each undeclared identifier is reported only once for each function it appears in
At top level:
../Core/Src/telnet.c:16:13: warning: 'telnetSendopt' defined but not used [-Wunused-function]
   16 | static void telnetSendopt(terminalstate_t *ts, int code, int option) {
      |             ^~~~~~~~~~~~~
make: *** [Core/Src/subdir.mk:43: Core/Src/telnet.o] Error 1
"make -j7 all" terminated with exit code 2. Build might be incomplete.
19:02:11 **** Incremental Build of configuration Debug for project LWIP_F767ZI ****
make -j7 all 
arm-none-eabi-gcc "../Core/Src/telnet.c" -mcpu=cortex-m7 -std=gnu17 -g3 -DDEBUG -DUSE_HAL_DRIVER -DSTM32F767xx -DSTM32_THREAD_SAFE_STRATEGY=4 -c -I../Core/Inc -I../Drivers/STM32F7xx_HAL_Driver/Inc -I../Drivers/STM32F7xx_HAL_Driver/Inc/Legacy -I../Drivers/CMSIS/Device/ST/STM32F7xx/Include -I../Drivers/CMSIS/Include -I../LWIP/App -I../LWIP/Target -I../Middlewares/Third_Party/LwIP/src/include -I../Middlewares/Third_Party/LwIP/system -I../Middlewares/Third_Party/LwIP/src/include/netif/ppp -I../Middlewares/Third_Party/LwIP/src/include/lwip -I../Middlewares/Third_Party/LwIP/src/include/lwip/apps -I../Middlewares/Third_Party/LwIP/src/include/lwip/priv -I../Middlewares/Third_Party/LwIP/src/include/lwip/prot -I../Middlewares/Third_Party/LwIP/src/include/netif -I../Middlewares/Third_Party/LwIP/src/include/compat/posix -I../Middlewares/Third_Party/LwIP/src/include/compat/posix/arpa -I../Middlewares/Third_Party/LwIP/src/include/compat/posix/net -I../Middlewares/Third_Party/LwIP/src/include/compat/posix/sys -I../Middlewares/Third_Party/LwIP/src/include/compat/stdc -I../Middlewares/Third_Party/LwIP/system/arch -I../Middlewares/Third_Party/FreeRTOS/Source/include -I../Middlewares/Third_Party/FreeRTOS/Source/CMSIS_RTOS -I../Middlewares/Third_Party/FreeRTOS/Source/portable/GCC/ARM_CM7/r0p1 -I../Core/ThreadSafe -O0 -ffunction-sections -fdata-sections -Wall -fstack-usage -MMD -MP -MF"Core/Src/telnet.d" -MT"Core/Src/telnet.o" --specs=nano.specs -mfpu=fpv5-d16 -mfloat-abi=hard -mthumb -o "Core/Src/telnet.o"
../Core/Src/telnet.c:16:13: warning: 'telnetSendopt' defined but not used [-Wunused-function]
   16 | static void telnetSendopt(terminalstate_t *ts, int code, int option) {
      |             ^~~~~~~~~~~~~
arm-none-eabi-gcc -o "LWIP_F767ZI.elf" @"objects.list"   -mcpu=cortex-m7 -T"/Users/adityasehgal/Documents/GitHub/Learn_STM32/LWIP_F767ZI/STM32F767ZITX_FLASH.ld" --specs=nosys.specs -Wl,-Map="LWIP_F767ZI.map" -Wl,--gc-sections -static --specs=nano.specs -mfpu=fpv5-d16 -mfloat-abi=hard -mthumb -Wl,--start-group -lc -lm -Wl,--end-group
Finished building target: LWIP_F767ZI.elf
 
arm-none-eabi-size   LWIP_F767ZI.elf 
arm-none-eabi-objdump -h -S  LWIP_F767ZI.elf  > "LWIP_F767ZI.list"
arm-none-eabi-objcopy  -O binary  LWIP_F767ZI.elf  "LWIP_F767ZI.bin"
   text	   data	    bss	    dec	    hex	filename
  90992	    136	  45376	 136504	  21538	LWIP_F767ZI.elf
Finished building: default.size.stdout
 
Finished building: LWIP_F767ZI.bin
 
Finished building: LWIP_F767ZI.list
 
19:02:29 **** Incremental Build of configuration Debug for project LWIP_F767ZI ****
make -j7 all 
arm-none-eabi-gcc "../Core/Src/telnet.c" -mcpu=cortex-m7 -std=gnu17 -g3 -DDEBUG -DUSE_HAL_DRIVER -DSTM32F767xx -DSTM32_THREAD_SAFE_STRATEGY=4 -c -I../Core/Inc -I../Drivers/STM32F7xx_HAL_Driver/Inc -I../Drivers/STM32F7xx_HAL_Driver/Inc/Legacy -I../Drivers/CMSIS/Device/ST/STM32F7xx/Include -I../Drivers/CMSIS/Include -I../LWIP/App -I../LWIP/Target -I../Middlewares/Third_Party/LwIP/src/include -I../Middlewares/Third_Party/LwIP/system -I../Middlewares/Third_Party/LwIP/src/include/netif/ppp -I../Middlewares/Third_Party/LwIP/src/include/lwip -I../Middlewares/Third_Party/LwIP/src/include/lwip/apps -I../Middlewares/Third_Party/LwIP/src/include/lwip/priv -I../Middlewares/Third_Party/LwIP/src/include/lwip/prot -I../Middlewares/Third_Party/LwIP/src/include/netif -I../Middlewares/Third_Party/LwIP/src/include/compat/posix -I../Middlewares/Third_Party/LwIP/src/include/compat/posix/arpa -I../Middlewares/Third_Party/LwIP/src/include/compat/posix/net -I../Middlewares/Third_Party/LwIP/src/include/compat/posix/sys -I../Middlewares/Third_Party/LwIP/src/include/compat/stdc -I../Middlewares/Third_Party/LwIP/system/arch -I../Middlewares/Third_Party/FreeRTOS/Source/include -I../Middlewares/Third_Party/FreeRTOS/Source/CMSIS_RTOS -I../Middlewares/Third_Party/FreeRTOS/Source/portable/GCC/ARM_CM7/r0p1 -I../Core/ThreadSafe -O0 -ffunction-sections -fdata-sections -Wall -fstack-usage -MMD -MP -MF"Core/Src/telnet.d" -MT"Core/Src/telnet.o" --specs=nano.specs -mfpu=fpv5-d16 -mfloat-abi=hard -mthumb -o "Core/Src/telnet.o"
../Core/Src/telnet.c:16:13: warning: 'telnetSendopt' defined but not used [-Wunused-function]
   16 | static void telnetSendopt(terminalstate_t *ts, int code, int option) {
      |             ^~~~~~~~~~~~~
arm-none-eabi-gcc -o "LWIP_F767ZI.elf" @"objects.list"   -mcpu=cortex-m7 -T"/Users/adityasehgal/Documents/GitHub/Learn_STM32/LWIP_F767ZI/STM32F767ZITX_FLASH.ld" --specs=nosys.specs -Wl,-Map="LWIP_F767ZI.map" -Wl,--gc-sections -static --specs=nano.specs -mfpu=fpv5-d16 -mfloat-abi=hard -mthumb -Wl,--start-group -lc -lm -Wl,--end-group
Finished building target: LWIP_F767ZI.elf
 
arm-none-eabi-size   LWIP_F767ZI.elf 
arm-none-eabi-objdump -h -S  LWIP_F767ZI.elf  > "LWIP_F767ZI.list"
arm-none-eabi-objcopy  -O binary  LWIP_F767ZI.elf  "LWIP_F767ZI.bin"
   text	   data	    bss	    dec	    hex	filename
  90992	    136	  45376	 136504	  21538	LWIP_F767ZI.elf
Finished building: default.size.stdout
 
Finished building: LWIP_F767ZI.bin
 
Finished building: LWIP_F767ZI.list
 
19:04:00 **** Incremental Build of configuration Debug for project LWIP_F767ZI ****
make -j7 all 
arm-none-eabi-gcc "../Core/Src/telnet.c" -mcpu=cortex-m7 -std=gnu17 -g3 -DDEBUG -DUSE_HAL_DRIVER -DSTM32F767xx -DSTM32_THREAD_SAFE_STRATEGY=4 -c -I../Core/Inc -I../Drivers/STM32F7xx_HAL_Driver/Inc -I../Drivers/STM32F7xx_HAL_Driver/Inc/Legacy -I../Drivers/CMSIS/Device/ST/STM32F7xx/Include -I../Drivers/CMSIS/Include -I../LWIP/App -I../LWIP/Target -I../Middlewares/Third_Party/LwIP/src/include -I../Middlewares/Third_Party/LwIP/system -I../Middlewares/Third_Party/LwIP/src/include/netif/ppp -I../Middlewares/Third_Party/LwIP/src/include/lwip -I../Middlewares/Third_Party/LwIP/src/include/lwip/apps -I../Middlewares/Third_Party/LwIP/src/include/lwip/priv -I../Middlewares/Third_Party/LwIP/src/include/lwip/prot -I../Middlewares/Third_Party/LwIP/src/include/netif -I../Middlewares/Third_Party/LwIP/src/include/compat/posix -I../Middlewares/Third_Party/LwIP/src/include/compat/posix/arpa -I../Middlewares/Third_Party/LwIP/src/include/compat/posix/net -I../Middlewares/Third_Party/LwIP/src/include/compat/posix/sys -I../Middlewares/Third_Party/LwIP/src/include/compat/stdc -I../Middlewares/Third_Party/LwIP/system/arch -I../Middlewares/Third_Party/FreeRTOS/Source/include -I../Middlewares/Third_Party/FreeRTOS/Source/CMSIS_RTOS -I../Middlewares/Third_Party/FreeRTOS/Source/portable/GCC/ARM_CM7/r0p1 -I../Core/ThreadSafe -O0 -ffunction-sections -fdata-sections -Wall -fstack-usage -MMD -MP -MF"Core/Src/telnet.d" -MT"Core/Src/telnet.o" --specs=nano.specs -mfpu=fpv5-d16 -mfloat-abi=hard -mthumb -o "Core/Src/telnet.o"
../Core/Src/telnet.c: In function 'telnetShell':
../Core/Src/telnet.c:46:9: error: incompatible type for argument 1 of 'memset'
   46 |  memset(termState, 0, sizeof(termState));
      |         ^~~~~~~~~
      |         |
      |         terminalstate_t {aka struct Terminalstate}
In file included from ../Middlewares/Third_Party/LwIP/src/include/lwip/sockets.h:52,
                 from ../Core/Src/telnet.c:12:
/Applications/STMicroelectronics/STM32CubeIDE.app/Contents/Eclipse/plugins/com.st.stm32cube.ide.mcu.externaltools.gnu-tools-for-stm32.9-2020-q2-update.macos64_2.0.0.202105311346/tools/arm-none-eabi/include/string.h:33:9: note: expected 'void *' but argument is of type 'terminalstate_t' {aka 'struct Terminalstate'}
   33 | void *  memset (void *, int, size_t);
      |         ^~~~~~
At top level:
../Core/Src/telnet.c:18:13: warning: 'telnetSendopt' defined but not used [-Wunused-function]
   18 | static void telnetSendopt(terminalstate_t *ts, int code, int option) {
      |             ^~~~~~~~~~~~~
make: *** [Core/Src/subdir.mk:43: Core/Src/telnet.o] Error 1
"make -j7 all" terminated with exit code 2. Build might be incomplete.
19:04:22 **** Incremental Build of configuration Debug for project LWIP_F767ZI ****
make -j7 all 
arm-none-eabi-gcc "../Core/Src/telnet.c" -mcpu=cortex-m7 -std=gnu17 -g3 -DDEBUG -DUSE_HAL_DRIVER -DSTM32F767xx -DSTM32_THREAD_SAFE_STRATEGY=4 -c -I../Core/Inc -I../Drivers/STM32F7xx_HAL_Driver/Inc -I../Drivers/STM32F7xx_HAL_Driver/Inc/Legacy -I../Drivers/CMSIS/Device/ST/STM32F7xx/Include -I../Drivers/CMSIS/Include -I../LWIP/App -I../LWIP/Target -I../Middlewares/Third_Party/LwIP/src/include -I../Middlewares/Third_Party/LwIP/system -I../Middlewares/Third_Party/LwIP/src/include/netif/ppp -I../Middlewares/Third_Party/LwIP/src/include/lwip -I../Middlewares/Third_Party/LwIP/src/include/lwip/apps -I../Middlewares/Third_Party/LwIP/src/include/lwip/priv -I../Middlewares/Third_Party/LwIP/src/include/lwip/prot -I../Middlewares/Third_Party/LwIP/src/include/netif -I../Middlewares/Third_Party/LwIP/src/include/compat/posix -I../Middlewares/Third_Party/LwIP/src/include/compat/posix/arpa -I../Middlewares/Third_Party/LwIP/src/include/compat/posix/net -I../Middlewares/Third_Party/LwIP/src/include/compat/posix/sys -I../Middlewares/Third_Party/LwIP/src/include/compat/stdc -I../Middlewares/Third_Party/LwIP/system/arch -I../Middlewares/Third_Party/FreeRTOS/Source/include -I../Middlewares/Third_Party/FreeRTOS/Source/CMSIS_RTOS -I../Middlewares/Third_Party/FreeRTOS/Source/portable/GCC/ARM_CM7/r0p1 -I../Core/ThreadSafe -O0 -ffunction-sections -fdata-sections -Wall -fstack-usage -MMD -MP -MF"Core/Src/telnet.d" -MT"Core/Src/telnet.o" --specs=nano.specs -mfpu=fpv5-d16 -mfloat-abi=hard -mthumb -o "Core/Src/telnet.o"
../Core/Src/telnet.c:18:13: warning: 'telnetSendopt' defined but not used [-Wunused-function]
   18 | static void telnetSendopt(terminalstate_t *ts, int code, int option) {
      |             ^~~~~~~~~~~~~
arm-none-eabi-gcc -o "LWIP_F767ZI.elf" @"objects.list"   -mcpu=cortex-m7 -T"/Users/adityasehgal/Documents/GitHub/Learn_STM32/LWIP_F767ZI/STM32F767ZITX_FLASH.ld" --specs=nosys.specs -Wl,-Map="LWIP_F767ZI.map" -Wl,--gc-sections -static --specs=nano.specs -mfpu=fpv5-d16 -mfloat-abi=hard -mthumb -Wl,--start-group -lc -lm -Wl,--end-group
Finished building target: LWIP_F767ZI.elf
 
arm-none-eabi-size   LWIP_F767ZI.elf 
arm-none-eabi-objdump -h -S  LWIP_F767ZI.elf  > "LWIP_F767ZI.list"
arm-none-eabi-objcopy  -O binary  LWIP_F767ZI.elf  "LWIP_F767ZI.bin"
   text	   data	    bss	    dec	    hex	filename
  90992	    136	  45376	 136504	  21538	LWIP_F767ZI.elf
Finished building: default.size.stdout
 
Finished building: LWIP_F767ZI.bin
 
Finished building: LWIP_F767ZI.list
 
19:05:08 **** Incremental Build of configuration Debug for project LWIP_F767ZI ****
make -j7 all 
arm-none-eabi-gcc "../Core/Src/telnet.c" -mcpu=cortex-m7 -std=gnu17 -g3 -DDEBUG -DUSE_HAL_DRIVER -DSTM32F767xx -DSTM32_THREAD_SAFE_STRATEGY=4 -c -I../Core/Inc -I../Drivers/STM32F7xx_HAL_Driver/Inc -I../Drivers/STM32F7xx_HAL_Driver/Inc/Legacy -I../Drivers/CMSIS/Device/ST/STM32F7xx/Include -I../Drivers/CMSIS/Include -I../LWIP/App -I../LWIP/Target -I../Middlewares/Third_Party/LwIP/src/include -I../Middlewares/Third_Party/LwIP/system -I../Middlewares/Third_Party/LwIP/src/include/netif/ppp -I../Middlewares/Third_Party/LwIP/src/include/lwip -I../Middlewares/Third_Party/LwIP/src/include/lwip/apps -I../Middlewares/Third_Party/LwIP/src/include/lwip/priv -I../Middlewares/Third_Party/LwIP/src/include/lwip/prot -I../Middlewares/Third_Party/LwIP/src/include/netif -I../Middlewares/Third_Party/LwIP/src/include/compat/posix -I../Middlewares/Third_Party/LwIP/src/include/compat/posix/arpa -I../Middlewares/Third_Party/LwIP/src/include/compat/posix/net -I../Middlewares/Third_Party/LwIP/src/include/compat/posix/sys -I../Middlewares/Third_Party/LwIP/src/include/compat/stdc -I../Middlewares/Third_Party/LwIP/system/arch -I../Middlewares/Third_Party/FreeRTOS/Source/include -I../Middlewares/Third_Party/FreeRTOS/Source/CMSIS_RTOS -I../Middlewares/Third_Party/FreeRTOS/Source/portable/GCC/ARM_CM7/r0p1 -I../Core/ThreadSafe -O0 -ffunction-sections -fdata-sections -Wall -fstack-usage -MMD -MP -MF"Core/Src/telnet.d" -MT"Core/Src/telnet.o" --specs=nano.specs -mfpu=fpv5-d16 -mfloat-abi=hard -mthumb -o "Core/Src/telnet.o"
../Core/Src/telnet.c:18:13: warning: 'telnetSendopt' defined but not used [-Wunused-function]
   18 | static void telnetSendopt(terminalstate_t *ts, int code, int option) {
      |             ^~~~~~~~~~~~~
arm-none-eabi-gcc -o "LWIP_F767ZI.elf" @"objects.list"   -mcpu=cortex-m7 -T"/Users/adityasehgal/Documents/GitHub/Learn_STM32/LWIP_F767ZI/STM32F767ZITX_FLASH.ld" --specs=nosys.specs -Wl,-Map="LWIP_F767ZI.map" -Wl,--gc-sections -static --specs=nano.specs -mfpu=fpv5-d16 -mfloat-abi=hard -mthumb -Wl,--start-group -lc -lm -Wl,--end-group
Finished building target: LWIP_F767ZI.elf
 
arm-none-eabi-size   LWIP_F767ZI.elf 
arm-none-eabi-objdump -h -S  LWIP_F767ZI.elf  > "LWIP_F767ZI.list"
arm-none-eabi-objcopy  -O binary  LWIP_F767ZI.elf  "LWIP_F767ZI.bin"
   text	   data	    bss	    dec	    hex	filename
  90992	    136	  45376	 136504	  21538	LWIP_F767ZI.elf
Finished building: default.size.stdout
 
Finished building: LWIP_F767ZI.bin
 
Finished building: LWIP_F767ZI.list
 
19:06:45 **** Incremental Build of configuration Debug for project LWIP_F767ZI ****
make -j7 all 
arm-none-eabi-gcc "../Core/Src/telnet.c" -mcpu=cortex-m7 -std=gnu17 -g3 -DDEBUG -DUSE_HAL_DRIVER -DSTM32F767xx -DSTM32_THREAD_SAFE_STRATEGY=4 -c -I../Core/Inc -I../Drivers/STM32F7xx_HAL_Driver/Inc -I../Drivers/STM32F7xx_HAL_Driver/Inc/Legacy -I../Drivers/CMSIS/Device/ST/STM32F7xx/Include -I../Drivers/CMSIS/Include -I../LWIP/App -I../LWIP/Target -I../Middlewares/Third_Party/LwIP/src/include -I../Middlewares/Third_Party/LwIP/system -I../Middlewares/Third_Party/LwIP/src/include/netif/ppp -I../Middlewares/Third_Party/LwIP/src/include/lwip -I../Middlewares/Third_Party/LwIP/src/include/lwip/apps -I../Middlewares/Third_Party/LwIP/src/include/lwip/priv -I../Middlewares/Third_Party/LwIP/src/include/lwip/prot -I../Middlewares/Third_Party/LwIP/src/include/netif -I../Middlewares/Third_Party/LwIP/src/include/compat/posix -I../Middlewares/Third_Party/LwIP/src/include/compat/posix/arpa -I../Middlewares/Third_Party/LwIP/src/include/compat/posix/net -I../Middlewares/Third_Party/LwIP/src/include/compat/posix/sys -I../Middlewares/Third_Party/LwIP/src/include/compat/stdc -I../Middlewares/Third_Party/LwIP/system/arch -I../Middlewares/Third_Party/FreeRTOS/Source/include -I../Middlewares/Third_Party/FreeRTOS/Source/CMSIS_RTOS -I../Middlewares/Third_Party/FreeRTOS/Source/portable/GCC/ARM_CM7/r0p1 -I../Core/ThreadSafe -O0 -ffunction-sections -fdata-sections -Wall -fstack-usage -MMD -MP -MF"Core/Src/telnet.d" -MT"Core/Src/telnet.o" --specs=nano.specs -mfpu=fpv5-d16 -mfloat-abi=hard -mthumb -o "Core/Src/telnet.o"
../Core/Src/telnet.c: In function 'telnetShell':
../Core/Src/telnet.c:53:16: error: incompatible type for argument 1 of 'telnetSendopt'
   53 |  telnetSendopt(termState, TELNET_WILL, TELOPT_ECHO);
      |                ^~~~~~~~~
      |                |
      |                terminalstate_t {aka struct Terminalstate}
../Core/Src/telnet.c:18:44: note: expected 'terminalstate_t *' {aka 'struct Terminalstate *'} but argument is of type 'terminalstate_t' {aka 'struct Terminalstate'}
   18 | static void telnetSendopt(terminalstate_t *ts, int code, int option) {
      |                           ~~~~~~~~~~~~~~~~~^~
make: *** [Core/Src/subdir.mk:43: Core/Src/telnet.o] Error 1
"make -j7 all" terminated with exit code 2. Build might be incomplete.
19:06:50 **** Incremental Build of configuration Debug for project LWIP_F767ZI ****
make -j7 all 
arm-none-eabi-gcc "../Core/Src/telnet.c" -mcpu=cortex-m7 -std=gnu17 -g3 -DDEBUG -DUSE_HAL_DRIVER -DSTM32F767xx -DSTM32_THREAD_SAFE_STRATEGY=4 -c -I../Core/Inc -I../Drivers/STM32F7xx_HAL_Driver/Inc -I../Drivers/STM32F7xx_HAL_Driver/Inc/Legacy -I../Drivers/CMSIS/Device/ST/STM32F7xx/Include -I../Drivers/CMSIS/Include -I../LWIP/App -I../LWIP/Target -I../Middlewares/Third_Party/LwIP/src/include -I../Middlewares/Third_Party/LwIP/system -I../Middlewares/Third_Party/LwIP/src/include/netif/ppp -I../Middlewares/Third_Party/LwIP/src/include/lwip -I../Middlewares/Third_Party/LwIP/src/include/lwip/apps -I../Middlewares/Third_Party/LwIP/src/include/lwip/priv -I../Middlewares/Third_Party/LwIP/src/include/lwip/prot -I../Middlewares/Third_Party/LwIP/src/include/netif -I../Middlewares/Third_Party/LwIP/src/include/compat/posix -I../Middlewares/Third_Party/LwIP/src/include/compat/posix/arpa -I../Middlewares/Third_Party/LwIP/src/include/compat/posix/net -I../Middlewares/Third_Party/LwIP/src/include/compat/posix/sys -I../Middlewares/Third_Party/LwIP/src/include/compat/stdc -I../Middlewares/Third_Party/LwIP/system/arch -I../Middlewares/Third_Party/FreeRTOS/Source/include -I../Middlewares/Third_Party/FreeRTOS/Source/CMSIS_RTOS -I../Middlewares/Third_Party/FreeRTOS/Source/portable/GCC/ARM_CM7/r0p1 -I../Core/ThreadSafe -O0 -ffunction-sections -fdata-sections -Wall -fstack-usage -MMD -MP -MF"Core/Src/telnet.d" -MT"Core/Src/telnet.o" --specs=nano.specs -mfpu=fpv5-d16 -mfloat-abi=hard -mthumb -o "Core/Src/telnet.o"
arm-none-eabi-gcc -o "LWIP_F767ZI.elf" @"objects.list"   -mcpu=cortex-m7 -T"/Users/adityasehgal/Documents/GitHub/Learn_STM32/LWIP_F767ZI/STM32F767ZITX_FLASH.ld" --specs=nosys.specs -Wl,-Map="LWIP_F767ZI.map" -Wl,--gc-sections -static --specs=nano.specs -mfpu=fpv5-d16 -mfloat-abi=hard -mthumb -Wl,--start-group -lc -lm -Wl,--end-group
Finished building target: LWIP_F767ZI.elf
 
arm-none-eabi-size   LWIP_F767ZI.elf 
arm-none-eabi-objdump -h -S  LWIP_F767ZI.elf  > "LWIP_F767ZI.list"
arm-none-eabi-objcopy  -O binary  LWIP_F767ZI.elf  "LWIP_F767ZI.bin"
   text	   data	    bss	    dec	    hex	filename
  90992	    136	  45376	 136504	  21538	LWIP_F767ZI.elf
Finished building: default.size.stdout
 
Finished building: LWIP_F767ZI.bin
 
Finished building: LWIP_F767ZI.list
 
19:07:07 **** Incremental Build of configuration Debug for project LWIP_F767ZI ****
make -j7 all 
arm-none-eabi-size   LWIP_F767ZI.elf 
   text	   data	    bss	    dec	    hex	filename
  90992	    136	  45376	 136504	  21538	LWIP_F767ZI.elf
Finished building: default.size.stdout
 
19:07:57 **** Incremental Build of configuration Debug for project LWIP_F767ZI ****
make -j7 all 
arm-none-eabi-size   LWIP_F767ZI.elf 
   text	   data	    bss	    dec	    hex	filename
  90992	    136	  45376	 136504	  21538	LWIP_F767ZI.elf
Finished building: default.size.stdout
 
19:08:29 **** Incremental Build of configuration Debug for project LWIP_F767ZI ****
make -j7 all 
arm-none-eabi-gcc "../Core/Src/telnet.c" -mcpu=cortex-m7 -std=gnu17 -g3 -DDEBUG -DUSE_HAL_DRIVER -DSTM32F767xx -DSTM32_THREAD_SAFE_STRATEGY=4 -c -I../Core/Inc -I../Drivers/STM32F7xx_HAL_Driver/Inc -I../Drivers/STM32F7xx_HAL_Driver/Inc/Legacy -I../Drivers/CMSIS/Device/ST/STM32F7xx/Include -I../Drivers/CMSIS/Include -I../LWIP/App -I../LWIP/Target -I../Middlewares/Third_Party/LwIP/src/include -I../Middlewares/Third_Party/LwIP/system -I../Middlewares/Third_Party/LwIP/src/include/netif/ppp -I../Middlewares/Third_Party/LwIP/src/include/lwip -I../Middlewares/Third_Party/LwIP/src/include/lwip/apps -I../Middlewares/Third_Party/LwIP/src/include/lwip/priv -I../Middlewares/Third_Party/LwIP/src/include/lwip/prot -I../Middlewares/Third_Party/LwIP/src/include/netif -I../Middlewares/Third_Party/LwIP/src/include/compat/posix -I../Middlewares/Third_Party/LwIP/src/include/compat/posix/arpa -I../Middlewares/Third_Party/LwIP/src/include/compat/posix/net -I../Middlewares/Third_Party/LwIP/src/include/compat/posix/sys -I../Middlewares/Third_Party/LwIP/src/include/compat/stdc -I../Middlewares/Third_Party/LwIP/system/arch -I../Middlewares/Third_Party/FreeRTOS/Source/include -I../Middlewares/Third_Party/FreeRTOS/Source/CMSIS_RTOS -I../Middlewares/Third_Party/FreeRTOS/Source/portable/GCC/ARM_CM7/r0p1 -I../Core/ThreadSafe -O0 -ffunction-sections -fdata-sections -Wall -fstack-usage -MMD -MP -MF"Core/Src/telnet.d" -MT"Core/Src/telnet.o" --specs=nano.specs -mfpu=fpv5-d16 -mfloat-abi=hard -mthumb -o "Core/Src/telnet.o"
arm-none-eabi-gcc -o "LWIP_F767ZI.elf" @"objects.list"   -mcpu=cortex-m7 -T"/Users/adityasehgal/Documents/GitHub/Learn_STM32/LWIP_F767ZI/STM32F767ZITX_FLASH.ld" --specs=nosys.specs -Wl,-Map="LWIP_F767ZI.map" -Wl,--gc-sections -static --specs=nano.specs -mfpu=fpv5-d16 -mfloat-abi=hard -mthumb -Wl,--start-group -lc -lm -Wl,--end-group
Finished building target: LWIP_F767ZI.elf
 
arm-none-eabi-size   LWIP_F767ZI.elf 
arm-none-eabi-objdump -h -S  LWIP_F767ZI.elf  > "LWIP_F767ZI.list"
arm-none-eabi-objcopy  -O binary  LWIP_F767ZI.elf  "LWIP_F767ZI.bin"
   text	   data	    bss	    dec	    hex	filename
  90992	    136	  45376	 136504	  21538	LWIP_F767ZI.elf
Finished building: default.size.stdout
 
Finished building: LWIP_F767ZI.bin
 
Finished building: LWIP_F767ZI.list
 
19:08:33 **** Incremental Build of configuration Debug for project LWIP_F767ZI ****
make -j7 all 
arm-none-eabi-size   LWIP_F767ZI.elf 
   text	   data	    bss	    dec	    hex	filename
  90992	    136	  45376	 136504	  21538	LWIP_F767ZI.elf
Finished building: default.size.stdout
 
19:09:13 **** Incremental Build of configuration Debug for project LWIP_F767ZI ****
make -j7 all 
arm-none-eabi-gcc "../Core/Src/telnet.c" -mcpu=cortex-m7 -std=gnu17 -g3 -DDEBUG -DUSE_HAL_DRIVER -DSTM32F767xx -DSTM32_THREAD_SAFE_STRATEGY=4 -c -I../Core/Inc -I../Drivers/STM32F7xx_HAL_Driver/Inc -I../Drivers/STM32F7xx_HAL_Driver/Inc/Legacy -I../Drivers/CMSIS/Device/ST/STM32F7xx/Include -I../Drivers/CMSIS/Include -I../LWIP/App -I../LWIP/Target -I../Middlewares/Third_Party/LwIP/src/include -I../Middlewares/Third_Party/LwIP/system -I../Middlewares/Third_Party/LwIP/src/include/netif/ppp -I../Middlewares/Third_Party/LwIP/src/include/lwip -I../Middlewares/Third_Party/LwIP/src/include/lwip/apps -I../Middlewares/Third_Party/LwIP/src/include/lwip/priv -I../Middlewares/Third_Party/LwIP/src/include/lwip/prot -I../Middlewares/Third_Party/LwIP/src/include/netif -I../Middlewares/Third_Party/LwIP/src/include/compat/posix -I../Middlewares/Third_Party/LwIP/src/include/compat/posix/arpa -I../Middlewares/Third_Party/LwIP/src/include/compat/posix/net -I../Middlewares/Third_Party/LwIP/src/include/compat/posix/sys -I../Middlewares/Third_Party/LwIP/src/include/compat/stdc -I../Middlewares/Third_Party/LwIP/system/arch -I../Middlewares/Third_Party/FreeRTOS/Source/include -I../Middlewares/Third_Party/FreeRTOS/Source/CMSIS_RTOS -I../Middlewares/Third_Party/FreeRTOS/Source/portable/GCC/ARM_CM7/r0p1 -I../Core/ThreadSafe -O0 -ffunction-sections -fdata-sections -Wall -fstack-usage -MMD -MP -MF"Core/Src/telnet.d" -MT"Core/Src/telnet.o" --specs=nano.specs -mfpu=fpv5-d16 -mfloat-abi=hard -mthumb -o "Core/Src/telnet.o"
arm-none-eabi-gcc -o "LWIP_F767ZI.elf" @"objects.list"   -mcpu=cortex-m7 -T"/Users/adityasehgal/Documents/GitHub/Learn_STM32/LWIP_F767ZI/STM32F767ZITX_FLASH.ld" --specs=nosys.specs -Wl,-Map="LWIP_F767ZI.map" -Wl,--gc-sections -static --specs=nano.specs -mfpu=fpv5-d16 -mfloat-abi=hard -mthumb -Wl,--start-group -lc -lm -Wl,--end-group
Finished building target: LWIP_F767ZI.elf
 
arm-none-eabi-size   LWIP_F767ZI.elf 
arm-none-eabi-objdump -h -S  LWIP_F767ZI.elf  > "LWIP_F767ZI.list"
arm-none-eabi-objcopy  -O binary  LWIP_F767ZI.elf  "LWIP_F767ZI.bin"
   text	   data	    bss	    dec	    hex	filename
  90992	    136	  45376	 136504	  21538	LWIP_F767ZI.elf
Finished building: default.size.stdout
 
Finished building: LWIP_F767ZI.bin
 
Finished building: LWIP_F767ZI.list
 
19:09:44 **** Incremental Build of configuration Debug for project LWIP_F767ZI ****
make -j7 all 
arm-none-eabi-gcc "../Core/Src/telnet.c" -mcpu=cortex-m7 -std=gnu17 -g3 -DDEBUG -DUSE_HAL_DRIVER -DSTM32F767xx -DSTM32_THREAD_SAFE_STRATEGY=4 -c -I../Core/Inc -I../Drivers/STM32F7xx_HAL_Driver/Inc -I../Drivers/STM32F7xx_HAL_Driver/Inc/Legacy -I../Drivers/CMSIS/Device/ST/STM32F7xx/Include -I../Drivers/CMSIS/Include -I../LWIP/App -I../LWIP/Target -I../Middlewares/Third_Party/LwIP/src/include -I../Middlewares/Third_Party/LwIP/system -I../Middlewares/Third_Party/LwIP/src/include/netif/ppp -I../Middlewares/Third_Party/LwIP/src/include/lwip -I../Middlewares/Third_Party/LwIP/src/include/lwip/apps -I../Middlewares/Third_Party/LwIP/src/include/lwip/priv -I../Middlewares/Third_Party/LwIP/src/include/lwip/prot -I../Middlewares/Third_Party/LwIP/src/include/netif -I../Middlewares/Third_Party/LwIP/src/include/compat/posix -I../Middlewares/Third_Party/LwIP/src/include/compat/posix/arpa -I../Middlewares/Third_Party/LwIP/src/include/compat/posix/net -I../Middlewares/Third_Party/LwIP/src/include/compat/posix/sys -I../Middlewares/Third_Party/LwIP/src/include/compat/stdc -I../Middlewares/Third_Party/LwIP/system/arch -I../Middlewares/Third_Party/FreeRTOS/Source/include -I../Middlewares/Third_Party/FreeRTOS/Source/CMSIS_RTOS -I../Middlewares/Third_Party/FreeRTOS/Source/portable/GCC/ARM_CM7/r0p1 -I../Core/ThreadSafe -O0 -ffunction-sections -fdata-sections -Wall -fstack-usage -MMD -MP -MF"Core/Src/telnet.d" -MT"Core/Src/telnet.o" --specs=nano.specs -mfpu=fpv5-d16 -mfloat-abi=hard -mthumb -o "Core/Src/telnet.o"
arm-none-eabi-gcc -o "LWIP_F767ZI.elf" @"objects.list"   -mcpu=cortex-m7 -T"/Users/adityasehgal/Documents/GitHub/Learn_STM32/LWIP_F767ZI/STM32F767ZITX_FLASH.ld" --specs=nosys.specs -Wl,-Map="LWIP_F767ZI.map" -Wl,--gc-sections -static --specs=nano.specs -mfpu=fpv5-d16 -mfloat-abi=hard -mthumb -Wl,--start-group -lc -lm -Wl,--end-group
Finished building target: LWIP_F767ZI.elf
 
arm-none-eabi-size   LWIP_F767ZI.elf 
arm-none-eabi-objdump -h -S  LWIP_F767ZI.elf  > "LWIP_F767ZI.list"
arm-none-eabi-objcopy  -O binary  LWIP_F767ZI.elf  "LWIP_F767ZI.bin"
   text	   data	    bss	    dec	    hex	filename
  90992	    136	  45376	 136504	  21538	LWIP_F767ZI.elf
Finished building: default.size.stdout
 
Finished building: LWIP_F767ZI.bin
 
Finished building: LWIP_F767ZI.list
 
19:10:47 **** Incremental Build of configuration Debug for project LWIP_F767ZI ****
make -j7 all 
arm-none-eabi-gcc "../Core/Src/telnet.c" -mcpu=cortex-m7 -std=gnu17 -g3 -DDEBUG -DUSE_HAL_DRIVER -DSTM32F767xx -DSTM32_THREAD_SAFE_STRATEGY=4 -c -I../Core/Inc -I../Drivers/STM32F7xx_HAL_Driver/Inc -I../Drivers/STM32F7xx_HAL_Driver/Inc/Legacy -I../Drivers/CMSIS/Device/ST/STM32F7xx/Include -I../Drivers/CMSIS/Include -I../LWIP/App -I../LWIP/Target -I../Middlewares/Third_Party/LwIP/src/include -I../Middlewares/Third_Party/LwIP/system -I../Middlewares/Third_Party/LwIP/src/include/netif/ppp -I../Middlewares/Third_Party/LwIP/src/include/lwip -I../Middlewares/Third_Party/LwIP/src/include/lwip/apps -I../Middlewares/Third_Party/LwIP/src/include/lwip/priv -I../Middlewares/Third_Party/LwIP/src/include/lwip/prot -I../Middlewares/Third_Party/LwIP/src/include/netif -I../Middlewares/Third_Party/LwIP/src/include/compat/posix -I../Middlewares/Third_Party/LwIP/src/include/compat/posix/arpa -I../Middlewares/Third_Party/LwIP/src/include/compat/posix/net -I../Middlewares/Third_Party/LwIP/src/include/compat/posix/sys -I../Middlewares/Third_Party/LwIP/src/include/compat/stdc -I../Middlewares/Third_Party/LwIP/system/arch -I../Middlewares/Third_Party/FreeRTOS/Source/include -I../Middlewares/Third_Party/FreeRTOS/Source/CMSIS_RTOS -I../Middlewares/Third_Party/FreeRTOS/Source/portable/GCC/ARM_CM7/r0p1 -I../Core/ThreadSafe -O0 -ffunction-sections -fdata-sections -Wall -fstack-usage -MMD -MP -MF"Core/Src/telnet.d" -MT"Core/Src/telnet.o" --specs=nano.specs -mfpu=fpv5-d16 -mfloat-abi=hard -mthumb -o "Core/Src/telnet.o"
arm-none-eabi-gcc -o "LWIP_F767ZI.elf" @"objects.list"   -mcpu=cortex-m7 -T"/Users/adityasehgal/Documents/GitHub/Learn_STM32/LWIP_F767ZI/STM32F767ZITX_FLASH.ld" --specs=nosys.specs -Wl,-Map="LWIP_F767ZI.map" -Wl,--gc-sections -static --specs=nano.specs -mfpu=fpv5-d16 -mfloat-abi=hard -mthumb -Wl,--start-group -lc -lm -Wl,--end-group
Finished building target: LWIP_F767ZI.elf
 
arm-none-eabi-size   LWIP_F767ZI.elf 
arm-none-eabi-objdump -h -S  LWIP_F767ZI.elf  > "LWIP_F767ZI.list"
arm-none-eabi-objcopy  -O binary  LWIP_F767ZI.elf  "LWIP_F767ZI.bin"
   text	   data	    bss	    dec	    hex	filename
  90992	    136	  45376	 136504	  21538	LWIP_F767ZI.elf
Finished building: default.size.stdout
 
Finished building: LWIP_F767ZI.bin
 
Finished building: LWIP_F767ZI.list
 
19:11:36 **** Incremental Build of configuration Debug for project LWIP_F767ZI ****
make -j7 all 
arm-none-eabi-gcc "../Core/Src/main.c" -mcpu=cortex-m7 -std=gnu17 -g3 -DDEBUG -DUSE_HAL_DRIVER -DSTM32F767xx -DSTM32_THREAD_SAFE_STRATEGY=4 -c -I../Core/Inc -I../Drivers/STM32F7xx_HAL_Driver/Inc -I../Drivers/STM32F7xx_HAL_Driver/Inc/Legacy -I../Drivers/CMSIS/Device/ST/STM32F7xx/Include -I../Drivers/CMSIS/Include -I../LWIP/App -I../LWIP/Target -I../Middlewares/Third_Party/LwIP/src/include -I../Middlewares/Third_Party/LwIP/system -I../Middlewares/Third_Party/LwIP/src/include/netif/ppp -I../Middlewares/Third_Party/LwIP/src/include/lwip -I../Middlewares/Third_Party/LwIP/src/include/lwip/apps -I../Middlewares/Third_Party/LwIP/src/include/lwip/priv -I../Middlewares/Third_Party/LwIP/src/include/lwip/prot -I../Middlewares/Third_Party/LwIP/src/include/netif -I../Middlewares/Third_Party/LwIP/src/include/compat/posix -I../Middlewares/Third_Party/LwIP/src/include/compat/posix/arpa -I../Middlewares/Third_Party/LwIP/src/include/compat/posix/net -I../Middlewares/Third_Party/LwIP/src/include/compat/posix/sys -I../Middlewares/Third_Party/LwIP/src/include/compat/stdc -I../Middlewares/Third_Party/LwIP/system/arch -I../Middlewares/Third_Party/FreeRTOS/Source/include -I../Middlewares/Third_Party/FreeRTOS/Source/CMSIS_RTOS -I../Middlewares/Third_Party/FreeRTOS/Source/portable/GCC/ARM_CM7/r0p1 -I../Core/ThreadSafe -O0 -ffunction-sections -fdata-sections -Wall -fstack-usage -MMD -MP -MF"Core/Src/main.d" -MT"Core/Src/main.o" --specs=nano.specs -mfpu=fpv5-d16 -mfloat-abi=hard -mthumb -o "Core/Src/main.o"
arm-none-eabi-gcc -o "LWIP_F767ZI.elf" @"objects.list"   -mcpu=cortex-m7 -T"/Users/adityasehgal/Documents/GitHub/Learn_STM32/LWIP_F767ZI/STM32F767ZITX_FLASH.ld" --specs=nosys.specs -Wl,-Map="LWIP_F767ZI.map" -Wl,--gc-sections -static --specs=nano.specs -mfpu=fpv5-d16 -mfloat-abi=hard -mthumb -Wl,--start-group -lc -lm -Wl,--end-group
Finished building target: LWIP_F767ZI.elf
 
arm-none-eabi-size   LWIP_F767ZI.elf 
arm-none-eabi-objdump -h -S  LWIP_F767ZI.elf  > "LWIP_F767ZI.list"
arm-none-eabi-objcopy  -O binary  LWIP_F767ZI.elf  "LWIP_F767ZI.bin"
   text	   data	    bss	    dec	    hex	filename
 116736	    136	  46832	 163704	  27f78	LWIP_F767ZI.elf
Finished building: default.size.stdout
 
Finished building: LWIP_F767ZI.bin
 
Finished building: LWIP_F767ZI.list
 
19:11:39 **** Incremental Build of configuration Debug for project LWIP_F767ZI ****
make -j7 all 
arm-none-eabi-size   LWIP_F767ZI.elf 
   text	   data	    bss	    dec	    hex	filename
 116736	    136	  46832	 163704	  27f78	LWIP_F767ZI.elf
Finished building: default.size.stdout
 
19:16:08 **** Incremental Build of configuration Debug for project LWIP_F767ZI ****
make -j7 all 
arm-none-eabi-gcc "../Core/Src/telnet.c" -mcpu=cortex-m7 -std=gnu17 -g3 -DDEBUG -DUSE_HAL_DRIVER -DSTM32F767xx -DSTM32_THREAD_SAFE_STRATEGY=4 -c -I../Core/Inc -I../Drivers/STM32F7xx_HAL_Driver/Inc -I../Drivers/STM32F7xx_HAL_Driver/Inc/Legacy -I../Drivers/CMSIS/Device/ST/STM32F7xx/Include -I../Drivers/CMSIS/Include -I../LWIP/App -I../LWIP/Target -I../Middlewares/Third_Party/LwIP/src/include -I../Middlewares/Third_Party/LwIP/system -I../Middlewares/Third_Party/LwIP/src/include/netif/ppp -I../Middlewares/Third_Party/LwIP/src/include/lwip -I../Middlewares/Third_Party/LwIP/src/include/lwip/apps -I../Middlewares/Third_Party/LwIP/src/include/lwip/priv -I../Middlewares/Third_Party/LwIP/src/include/lwip/prot -I../Middlewares/Third_Party/LwIP/src/include/netif -I../Middlewares/Third_Party/LwIP/src/include/compat/posix -I../Middlewares/Third_Party/LwIP/src/include/compat/posix/arpa -I../Middlewares/Third_Party/LwIP/src/include/compat/posix/net -I../Middlewares/Third_Party/LwIP/src/include/compat/posix/sys -I../Middlewares/Third_Party/LwIP/src/include/compat/stdc -I../Middlewares/Third_Party/LwIP/system/arch -I../Middlewares/Third_Party/FreeRTOS/Source/include -I../Middlewares/Third_Party/FreeRTOS/Source/CMSIS_RTOS -I../Middlewares/Third_Party/FreeRTOS/Source/portable/GCC/ARM_CM7/r0p1 -I../Core/ThreadSafe -O0 -ffunction-sections -fdata-sections -Wall -fstack-usage -MMD -MP -MF"Core/Src/telnet.d" -MT"Core/Src/telnet.o" --specs=nano.specs -mfpu=fpv5-d16 -mfloat-abi=hard -mthumb -o "Core/Src/telnet.o"
arm-none-eabi-gcc -o "LWIP_F767ZI.elf" @"objects.list"   -mcpu=cortex-m7 -T"/Users/adityasehgal/Documents/GitHub/Learn_STM32/LWIP_F767ZI/STM32F767ZITX_FLASH.ld" --specs=nosys.specs -Wl,-Map="LWIP_F767ZI.map" -Wl,--gc-sections -static --specs=nano.specs -mfpu=fpv5-d16 -mfloat-abi=hard -mthumb -Wl,--start-group -lc -lm -Wl,--end-group
Finished building target: LWIP_F767ZI.elf
 
arm-none-eabi-size   LWIP_F767ZI.elf 
arm-none-eabi-objdump -h -S  LWIP_F767ZI.elf  > "LWIP_F767ZI.list"
arm-none-eabi-objcopy  -O binary  LWIP_F767ZI.elf  "LWIP_F767ZI.bin"
   text	   data	    bss	    dec	    hex	filename
 116924	    136	  46832	 163892	  28034	LWIP_F767ZI.elf
Finished building: default.size.stdout
 
Finished building: LWIP_F767ZI.bin
 
Finished building: LWIP_F767ZI.list
 
19:17:00 **** Incremental Build of configuration Debug for project LWIP_F767ZI ****
make -j7 all 
arm-none-eabi-gcc "../Core/Src/telnet.c" -mcpu=cortex-m7 -std=gnu17 -g3 -DDEBUG -DUSE_HAL_DRIVER -DSTM32F767xx -DSTM32_THREAD_SAFE_STRATEGY=4 -c -I../Core/Inc -I../Drivers/STM32F7xx_HAL_Driver/Inc -I../Drivers/STM32F7xx_HAL_Driver/Inc/Legacy -I../Drivers/CMSIS/Device/ST/STM32F7xx/Include -I../Drivers/CMSIS/Include -I../LWIP/App -I../LWIP/Target -I../Middlewares/Third_Party/LwIP/src/include -I../Middlewares/Third_Party/LwIP/system -I../Middlewares/Third_Party/LwIP/src/include/netif/ppp -I../Middlewares/Third_Party/LwIP/src/include/lwip -I../Middlewares/Third_Party/LwIP/src/include/lwip/apps -I../Middlewares/Third_Party/LwIP/src/include/lwip/priv -I../Middlewares/Third_Party/LwIP/src/include/lwip/prot -I../Middlewares/Third_Party/LwIP/src/include/netif -I../Middlewares/Third_Party/LwIP/src/include/compat/posix -I../Middlewares/Third_Party/LwIP/src/include/compat/posix/arpa -I../Middlewares/Third_Party/LwIP/src/include/compat/posix/net -I../Middlewares/Third_Party/LwIP/src/include/compat/posix/sys -I../Middlewares/Third_Party/LwIP/src/include/compat/stdc -I../Middlewares/Third_Party/LwIP/system/arch -I../Middlewares/Third_Party/FreeRTOS/Source/include -I../Middlewares/Third_Party/FreeRTOS/Source/CMSIS_RTOS -I../Middlewares/Third_Party/FreeRTOS/Source/portable/GCC/ARM_CM7/r0p1 -I../Core/ThreadSafe -O0 -ffunction-sections -fdata-sections -Wall -fstack-usage -MMD -MP -MF"Core/Src/telnet.d" -MT"Core/Src/telnet.o" --specs=nano.specs -mfpu=fpv5-d16 -mfloat-abi=hard -mthumb -o "Core/Src/telnet.o"
arm-none-eabi-gcc -o "LWIP_F767ZI.elf" @"objects.list"   -mcpu=cortex-m7 -T"/Users/adityasehgal/Documents/GitHub/Learn_STM32/LWIP_F767ZI/STM32F767ZITX_FLASH.ld" --specs=nosys.specs -Wl,-Map="LWIP_F767ZI.map" -Wl,--gc-sections -static --specs=nano.specs -mfpu=fpv5-d16 -mfloat-abi=hard -mthumb -Wl,--start-group -lc -lm -Wl,--end-group
Finished building target: LWIP_F767ZI.elf
 
arm-none-eabi-size   LWIP_F767ZI.elf 
arm-none-eabi-objdump -h -S  LWIP_F767ZI.elf  > "LWIP_F767ZI.list"
arm-none-eabi-objcopy  -O binary  LWIP_F767ZI.elf  "LWIP_F767ZI.bin"
   text	   data	    bss	    dec	    hex	filename
 116924	    136	  46832	 163892	  28034	LWIP_F767ZI.elf
Finished building: default.size.stdout
 
Finished building: LWIP_F767ZI.bin
 
Finished building: LWIP_F767ZI.list
 
19:17:04 **** Incremental Build of configuration Debug for project LWIP_F767ZI ****
make -j7 all 
arm-none-eabi-size   LWIP_F767ZI.elf 
   text	   data	    bss	    dec	    hex	filename
 116924	    136	  46832	 163892	  28034	LWIP_F767ZI.elf
Finished building: default.size.stdout
 
19:19:43 **** Incremental Build of configuration Debug for project LWIP_F767ZI ****
make -j7 all 
arm-none-eabi-gcc "../Core/Src/telnet.c" -mcpu=cortex-m7 -std=gnu17 -g3 -DDEBUG -DUSE_HAL_DRIVER -DSTM32F767xx -DSTM32_THREAD_SAFE_STRATEGY=4 -c -I../Core/Inc -I../Drivers/STM32F7xx_HAL_Driver/Inc -I../Drivers/STM32F7xx_HAL_Driver/Inc/Legacy -I../Drivers/CMSIS/Device/ST/STM32F7xx/Include -I../Drivers/CMSIS/Include -I../LWIP/App -I../LWIP/Target -I../Middlewares/Third_Party/LwIP/src/include -I../Middlewares/Third_Party/LwIP/system -I../Middlewares/Third_Party/LwIP/src/include/netif/ppp -I../Middlewares/Third_Party/LwIP/src/include/lwip -I../Middlewares/Third_Party/LwIP/src/include/lwip/apps -I../Middlewares/Third_Party/LwIP/src/include/lwip/priv -I../Middlewares/Third_Party/LwIP/src/include/lwip/prot -I../Middlewares/Third_Party/LwIP/src/include/netif -I../Middlewares/Third_Party/LwIP/src/include/compat/posix -I../Middlewares/Third_Party/LwIP/src/include/compat/posix/arpa -I../Middlewares/Third_Party/LwIP/src/include/compat/posix/net -I../Middlewares/Third_Party/LwIP/src/include/compat/posix/sys -I../Middlewares/Third_Party/LwIP/src/include/compat/stdc -I../Middlewares/Third_Party/LwIP/system/arch -I../Middlewares/Third_Party/FreeRTOS/Source/include -I../Middlewares/Third_Party/FreeRTOS/Source/CMSIS_RTOS -I../Middlewares/Third_Party/FreeRTOS/Source/portable/GCC/ARM_CM7/r0p1 -I../Core/ThreadSafe -O0 -ffunction-sections -fdata-sections -Wall -fstack-usage -MMD -MP -MF"Core/Src/telnet.d" -MT"Core/Src/telnet.o" --specs=nano.specs -mfpu=fpv5-d16 -mfloat-abi=hard -mthumb -o "Core/Src/telnet.o"
../Core/Src/telnet.c: In function 'telnetWrite':
../Core/Src/telnet.c:36:34: error: 'ts' undeclared (first use in this function); did you mean 'tv'?
   36 |   len = TELNET_BUF_SIZE - (int) (ts->bo.start - ts->bo.data);
      |                                  ^~
      |                                  tv
../Core/Src/telnet.c:36:34: note: each undeclared identifier is reported only once for each function it appears in
At top level:
../Core/Src/telnet.c:26:12: warning: 'telnetWrite' defined but not used [-Wunused-function]
   26 | static int telnetWrite(char *str, int size, uint8_t flush) {
      |            ^~~~~~~~~~~
make: *** [Core/Src/subdir.mk:43: Core/Src/telnet.o] Error 1
"make -j7 all" terminated with exit code 2. Build might be incomplete.
19:20:56 **** Incremental Build of configuration Debug for project LWIP_F767ZI ****
make -j7 all 
arm-none-eabi-gcc "../Core/Src/telnet.c" -mcpu=cortex-m7 -std=gnu17 -g3 -DDEBUG -DUSE_HAL_DRIVER -DSTM32F767xx -DSTM32_THREAD_SAFE_STRATEGY=4 -c -I../Core/Inc -I../Drivers/STM32F7xx_HAL_Driver/Inc -I../Drivers/STM32F7xx_HAL_Driver/Inc/Legacy -I../Drivers/CMSIS/Device/ST/STM32F7xx/Include -I../Drivers/CMSIS/Include -I../LWIP/App -I../LWIP/Target -I../Middlewares/Third_Party/LwIP/src/include -I../Middlewares/Third_Party/LwIP/system -I../Middlewares/Third_Party/LwIP/src/include/netif/ppp -I../Middlewares/Third_Party/LwIP/src/include/lwip -I../Middlewares/Third_Party/LwIP/src/include/lwip/apps -I../Middlewares/Third_Party/LwIP/src/include/lwip/priv -I../Middlewares/Third_Party/LwIP/src/include/lwip/prot -I../Middlewares/Third_Party/LwIP/src/include/netif -I../Middlewares/Third_Party/LwIP/src/include/compat/posix -I../Middlewares/Third_Party/LwIP/src/include/compat/posix/arpa -I../Middlewares/Third_Party/LwIP/src/include/compat/posix/net -I../Middlewares/Third_Party/LwIP/src/include/compat/posix/sys -I../Middlewares/Third_Party/LwIP/src/include/compat/stdc -I../Middlewares/Third_Party/LwIP/system/arch -I../Middlewares/Third_Party/FreeRTOS/Source/include -I../Middlewares/Third_Party/FreeRTOS/Source/CMSIS_RTOS -I../Middlewares/Third_Party/FreeRTOS/Source/portable/GCC/ARM_CM7/r0p1 -I../Core/ThreadSafe -O0 -ffunction-sections -fdata-sections -Wall -fstack-usage -MMD -MP -MF"Core/Src/telnet.d" -MT"Core/Src/telnet.o" --specs=nano.specs -mfpu=fpv5-d16 -mfloat-abi=hard -mthumb -o "Core/Src/telnet.o"
../Core/Src/telnet.c: In function 'telnetWrite':
../Core/Src/telnet.c:50:15: error: 'ts' undeclared (first use in this function); did you mean 'tv'?
   50 |   if (((int) (ts->bo.start - ts->bo.data) >= TELNET_BUF_SIZE) || flush) {
      |               ^~
      |               tv
../Core/Src/telnet.c:50:15: note: each undeclared identifier is reported only once for each function it appears in
At top level:
../Core/Src/telnet.c:26:12: warning: 'telnetWrite' defined but not used [-Wunused-function]
   26 | static int telnetWrite(char *str, int size, uint8_t flush) {
      |            ^~~~~~~~~~~
make: *** [Core/Src/subdir.mk:43: Core/Src/telnet.o] Error 1
"make -j7 all" terminated with exit code 2. Build might be incomplete.
19:21:46 **** Incremental Build of configuration Debug for project LWIP_F767ZI ****
make -j7 all 
arm-none-eabi-gcc "../Core/Src/telnet.c" -mcpu=cortex-m7 -std=gnu17 -g3 -DDEBUG -DUSE_HAL_DRIVER -DSTM32F767xx -DSTM32_THREAD_SAFE_STRATEGY=4 -c -I../Core/Inc -I../Drivers/STM32F7xx_HAL_Driver/Inc -I../Drivers/STM32F7xx_HAL_Driver/Inc/Legacy -I../Drivers/CMSIS/Device/ST/STM32F7xx/Include -I../Drivers/CMSIS/Include -I../LWIP/App -I../LWIP/Target -I../Middlewares/Third_Party/LwIP/src/include -I../Middlewares/Third_Party/LwIP/system -I../Middlewares/Third_Party/LwIP/src/include/netif/ppp -I../Middlewares/Third_Party/LwIP/src/include/lwip -I../Middlewares/Third_Party/LwIP/src/include/lwip/apps -I../Middlewares/Third_Party/LwIP/src/include/lwip/priv -I../Middlewares/Third_Party/LwIP/src/include/lwip/prot -I../Middlewares/Third_Party/LwIP/src/include/netif -I../Middlewares/Third_Party/LwIP/src/include/compat/posix -I../Middlewares/Third_Party/LwIP/src/include/compat/posix/arpa -I../Middlewares/Third_Party/LwIP/src/include/compat/posix/net -I../Middlewares/Third_Party/LwIP/src/include/compat/posix/sys -I../Middlewares/Third_Party/LwIP/src/include/compat/stdc -I../Middlewares/Third_Party/LwIP/system/arch -I../Middlewares/Third_Party/FreeRTOS/Source/include -I../Middlewares/Third_Party/FreeRTOS/Source/CMSIS_RTOS -I../Middlewares/Third_Party/FreeRTOS/Source/portable/GCC/ARM_CM7/r0p1 -I../Core/ThreadSafe -O0 -ffunction-sections -fdata-sections -Wall -fstack-usage -MMD -MP -MF"Core/Src/telnet.d" -MT"Core/Src/telnet.o" --specs=nano.specs -mfpu=fpv5-d16 -mfloat-abi=hard -mthumb -o "Core/Src/telnet.o"
../Core/Src/telnet.c: In function 'telnetWrite':
../Core/Src/telnet.c:52:28: error: 'flsh' undeclared (first use in this function); did you mean 'flush'?
   52 |     >= TELNET_BUF_SIZE) || flsh) {
      |                            ^~~~
      |                            flush
../Core/Src/telnet.c:52:28: note: each undeclared identifier is reported only once for each function it appears in
../Core/Src/telnet.c:55:10: error: 'ts' undeclared (first use in this function); did you mean 'tv'?
   55 |    ptr = ts->bo.data;
      |          ^~
      |          tv
At top level:
../Core/Src/telnet.c:26:12: warning: 'telnetWrite' defined but not used [-Wunused-function]
   26 | static int telnetWrite(char *str, int size, uint8_t flush) {
      |            ^~~~~~~~~~~
make: *** [Core/Src/subdir.mk:43: Core/Src/telnet.o] Error 1
"make -j7 all" terminated with exit code 2. Build might be incomplete.
19:21:49 **** Incremental Build of configuration Debug for project LWIP_F767ZI ****
make -j7 all 
arm-none-eabi-gcc "../Core/Src/telnet.c" -mcpu=cortex-m7 -std=gnu17 -g3 -DDEBUG -DUSE_HAL_DRIVER -DSTM32F767xx -DSTM32_THREAD_SAFE_STRATEGY=4 -c -I../Core/Inc -I../Drivers/STM32F7xx_HAL_Driver/Inc -I../Drivers/STM32F7xx_HAL_Driver/Inc/Legacy -I../Drivers/CMSIS/Device/ST/STM32F7xx/Include -I../Drivers/CMSIS/Include -I../LWIP/App -I../LWIP/Target -I../Middlewares/Third_Party/LwIP/src/include -I../Middlewares/Third_Party/LwIP/system -I../Middlewares/Third_Party/LwIP/src/include/netif/ppp -I../Middlewares/Third_Party/LwIP/src/include/lwip -I../Middlewares/Third_Party/LwIP/src/include/lwip/apps -I../Middlewares/Third_Party/LwIP/src/include/lwip/priv -I../Middlewares/Third_Party/LwIP/src/include/lwip/prot -I../Middlewares/Third_Party/LwIP/src/include/netif -I../Middlewares/Third_Party/LwIP/src/include/compat/posix -I../Middlewares/Third_Party/LwIP/src/include/compat/posix/arpa -I../Middlewares/Third_Party/LwIP/src/include/compat/posix/net -I../Middlewares/Third_Party/LwIP/src/include/compat/posix/sys -I../Middlewares/Third_Party/LwIP/src/include/compat/stdc -I../Middlewares/Third_Party/LwIP/system/arch -I../Middlewares/Third_Party/FreeRTOS/Source/include -I../Middlewares/Third_Party/FreeRTOS/Source/CMSIS_RTOS -I../Middlewares/Third_Party/FreeRTOS/Source/portable/GCC/ARM_CM7/r0p1 -I../Core/ThreadSafe -O0 -ffunction-sections -fdata-sections -Wall -fstack-usage -MMD -MP -MF"Core/Src/telnet.d" -MT"Core/Src/telnet.o" --specs=nano.specs -mfpu=fpv5-d16 -mfloat-abi=hard -mthumb -o "Core/Src/telnet.o"
../Core/Src/telnet.c: In function 'telnetWrite':
../Core/Src/telnet.c:55:10: error: 'ts' undeclared (first use in this function); did you mean 'tv'?
   55 |    ptr = ts->bo.data;
      |          ^~
      |          tv
../Core/Src/telnet.c:55:10: note: each undeclared identifier is reported only once for each function it appears in
At top level:
../Core/Src/telnet.c:26:12: warning: 'telnetWrite' defined but not used [-Wunused-function]
   26 | static int telnetWrite(char *str, int size, uint8_t flush) {
      |            ^~~~~~~~~~~
make: *** [Core/Src/subdir.mk:43: Core/Src/telnet.o] Error 1
"make -j7 all" terminated with exit code 2. Build might be incomplete.
19:22:25 **** Incremental Build of configuration Debug for project LWIP_F767ZI ****
make -j7 all 
arm-none-eabi-gcc "../Core/Src/telnet.c" -mcpu=cortex-m7 -std=gnu17 -g3 -DDEBUG -DUSE_HAL_DRIVER -DSTM32F767xx -DSTM32_THREAD_SAFE_STRATEGY=4 -c -I../Core/Inc -I../Drivers/STM32F7xx_HAL_Driver/Inc -I../Drivers/STM32F7xx_HAL_Driver/Inc/Legacy -I../Drivers/CMSIS/Device/ST/STM32F7xx/Include -I../Drivers/CMSIS/Include -I../LWIP/App -I../LWIP/Target -I../Middlewares/Third_Party/LwIP/src/include -I../Middlewares/Third_Party/LwIP/system -I../Middlewares/Third_Party/LwIP/src/include/netif/ppp -I../Middlewares/Third_Party/LwIP/src/include/lwip -I../Middlewares/Third_Party/LwIP/src/include/lwip/apps -I../Middlewares/Third_Party/LwIP/src/include/lwip/priv -I../Middlewares/Third_Party/LwIP/src/include/lwip/prot -I../Middlewares/Third_Party/LwIP/src/include/netif -I../Middlewares/Third_Party/LwIP/src/include/compat/posix -I../Middlewares/Third_Party/LwIP/src/include/compat/posix/arpa -I../Middlewares/Third_Party/LwIP/src/include/compat/posix/net -I../Middlewares/Third_Party/LwIP/src/include/compat/posix/sys -I../Middlewares/Third_Party/LwIP/src/include/compat/stdc -I../Middlewares/Third_Party/LwIP/system/arch -I../Middlewares/Third_Party/FreeRTOS/Source/include -I../Middlewares/Third_Party/FreeRTOS/Source/CMSIS_RTOS -I../Middlewares/Third_Party/FreeRTOS/Source/portable/GCC/ARM_CM7/r0p1 -I../Core/ThreadSafe -O0 -ffunction-sections -fdata-sections -Wall -fstack-usage -MMD -MP -MF"Core/Src/telnet.d" -MT"Core/Src/telnet.o" --specs=nano.specs -mfpu=fpv5-d16 -mfloat-abi=hard -mthumb -o "Core/Src/telnet.o"
In file included from /Applications/STMicroelectronics/STM32CubeIDE.app/Contents/Eclipse/plugins/com.st.stm32cube.ide.mcu.externaltools.gnu-tools-for-stm32.9-2020-q2-update.macos64_2.0.0.202105311346/tools/arm-none-eabi/include/sys/types.h:50,
                 from /Applications/STMicroelectronics/STM32CubeIDE.app/Contents/Eclipse/plugins/com.st.stm32cube.ide.mcu.externaltools.gnu-tools-for-stm32.9-2020-q2-update.macos64_2.0.0.202105311346/tools/arm-none-eabi/include/stdio.h:61,
                 from ../Core/Src/telnet.c:8:
../Core/Src/telnet.c: In function 'telnetWrite':
../Core/Src/telnet.c:63:30: error: 'ts' undeclared (first use in this function); did you mean 'tv'?
   63 |     if ((i > 0) && (FD_ISSET(ts->sock, &data_write) != 0)) {
      |                              ^~
../Core/Src/telnet.c:63:30: note: each undeclared identifier is reported only once for each function it appears in
At top level:
../Core/Src/telnet.c:26:12: warning: 'telnetWrite' defined but not used [-Wunused-function]
   26 | static int telnetWrite(char *str, int size, uint8_t flush) {
      |            ^~~~~~~~~~~
make: *** [Core/Src/subdir.mk:43: Core/Src/telnet.o] Error 1
"make -j7 all" terminated with exit code 2. Build might be incomplete.
19:23:33 **** Incremental Build of configuration Debug for project LWIP_F767ZI ****
make -j7 all 
arm-none-eabi-gcc "../Core/Src/telnet.c" -mcpu=cortex-m7 -std=gnu17 -g3 -DDEBUG -DUSE_HAL_DRIVER -DSTM32F767xx -DSTM32_THREAD_SAFE_STRATEGY=4 -c -I../Core/Inc -I../Drivers/STM32F7xx_HAL_Driver/Inc -I../Drivers/STM32F7xx_HAL_Driver/Inc/Legacy -I../Drivers/CMSIS/Device/ST/STM32F7xx/Include -I../Drivers/CMSIS/Include -I../LWIP/App -I../LWIP/Target -I../Middlewares/Third_Party/LwIP/src/include -I../Middlewares/Third_Party/LwIP/system -I../Middlewares/Third_Party/LwIP/src/include/netif/ppp -I../Middlewares/Third_Party/LwIP/src/include/lwip -I../Middlewares/Third_Party/LwIP/src/include/lwip/apps -I../Middlewares/Third_Party/LwIP/src/include/lwip/priv -I../Middlewares/Third_Party/LwIP/src/include/lwip/prot -I../Middlewares/Third_Party/LwIP/src/include/netif -I../Middlewares/Third_Party/LwIP/src/include/compat/posix -I../Middlewares/Third_Party/LwIP/src/include/compat/posix/arpa -I../Middlewares/Third_Party/LwIP/src/include/compat/posix/net -I../Middlewares/Third_Party/LwIP/src/include/compat/posix/sys -I../Middlewares/Third_Party/LwIP/src/include/compat/stdc -I../Middlewares/Third_Party/LwIP/system/arch -I../Middlewares/Third_Party/FreeRTOS/Source/include -I../Middlewares/Third_Party/FreeRTOS/Source/CMSIS_RTOS -I../Middlewares/Third_Party/FreeRTOS/Source/portable/GCC/ARM_CM7/r0p1 -I../Core/ThreadSafe -O0 -ffunction-sections -fdata-sections -Wall -fstack-usage -MMD -MP -MF"Core/Src/telnet.d" -MT"Core/Src/telnet.o" --specs=nano.specs -mfpu=fpv5-d16 -mfloat-abi=hard -mthumb -o "Core/Src/telnet.o"
../Core/Src/telnet.c:26:12: warning: 'telnetWrite' defined but not used [-Wunused-function]
   26 | static int telnetWrite(char *str, int size, uint8_t flush) {
      |            ^~~~~~~~~~~
arm-none-eabi-gcc -o "LWIP_F767ZI.elf" @"objects.list"   -mcpu=cortex-m7 -T"/Users/adityasehgal/Documents/GitHub/Learn_STM32/LWIP_F767ZI/STM32F767ZITX_FLASH.ld" --specs=nosys.specs -Wl,-Map="LWIP_F767ZI.map" -Wl,--gc-sections -static --specs=nano.specs -mfpu=fpv5-d16 -mfloat-abi=hard -mthumb -Wl,--start-group -lc -lm -Wl,--end-group
Finished building target: LWIP_F767ZI.elf
 
arm-none-eabi-size   LWIP_F767ZI.elf 
arm-none-eabi-objdump -h -S  LWIP_F767ZI.elf  > "LWIP_F767ZI.list"
arm-none-eabi-objcopy  -O binary  LWIP_F767ZI.elf  "LWIP_F767ZI.bin"
   text	   data	    bss	    dec	    hex	filename
 116924	    136	  46832	 163892	  28034	LWIP_F767ZI.elf
Finished building: default.size.stdout
 
Finished building: LWIP_F767ZI.bin
 
Finished building: LWIP_F767ZI.list
 
19:24:48 **** Incremental Build of configuration Debug for project LWIP_F767ZI ****
make -j7 all 
arm-none-eabi-gcc "../Core/Src/telnet.c" -mcpu=cortex-m7 -std=gnu17 -g3 -DDEBUG -DUSE_HAL_DRIVER -DSTM32F767xx -DSTM32_THREAD_SAFE_STRATEGY=4 -c -I../Core/Inc -I../Drivers/STM32F7xx_HAL_Driver/Inc -I../Drivers/STM32F7xx_HAL_Driver/Inc/Legacy -I../Drivers/CMSIS/Device/ST/STM32F7xx/Include -I../Drivers/CMSIS/Include -I../LWIP/App -I../LWIP/Target -I../Middlewares/Third_Party/LwIP/src/include -I../Middlewares/Third_Party/LwIP/system -I../Middlewares/Third_Party/LwIP/src/include/netif/ppp -I../Middlewares/Third_Party/LwIP/src/include/lwip -I../Middlewares/Third_Party/LwIP/src/include/lwip/apps -I../Middlewares/Third_Party/LwIP/src/include/lwip/priv -I../Middlewares/Third_Party/LwIP/src/include/lwip/prot -I../Middlewares/Third_Party/LwIP/src/include/netif -I../Middlewares/Third_Party/LwIP/src/include/compat/posix -I../Middlewares/Third_Party/LwIP/src/include/compat/posix/arpa -I../Middlewares/Third_Party/LwIP/src/include/compat/posix/net -I../Middlewares/Third_Party/LwIP/src/include/compat/posix/sys -I../Middlewares/Third_Party/LwIP/src/include/compat/stdc -I../Middlewares/Third_Party/LwIP/system/arch -I../Middlewares/Third_Party/FreeRTOS/Source/include -I../Middlewares/Third_Party/FreeRTOS/Source/CMSIS_RTOS -I../Middlewares/Third_Party/FreeRTOS/Source/portable/GCC/ARM_CM7/r0p1 -I../Core/ThreadSafe -O0 -ffunction-sections -fdata-sections -Wall -fstack-usage -MMD -MP -MF"Core/Src/telnet.d" -MT"Core/Src/telnet.o" --specs=nano.specs -mfpu=fpv5-d16 -mfloat-abi=hard -mthumb -o "Core/Src/telnet.o"
arm-none-eabi-gcc -o "LWIP_F767ZI.elf" @"objects.list"   -mcpu=cortex-m7 -T"/Users/adityasehgal/Documents/GitHub/Learn_STM32/LWIP_F767ZI/STM32F767ZITX_FLASH.ld" --specs=nosys.specs -Wl,-Map="LWIP_F767ZI.map" -Wl,--gc-sections -static --specs=nano.specs -mfpu=fpv5-d16 -mfloat-abi=hard -mthumb -Wl,--start-group -lc -lm -Wl,--end-group
Finished building target: LWIP_F767ZI.elf
 
arm-none-eabi-size   LWIP_F767ZI.elf 
arm-none-eabi-objdump -h -S  LWIP_F767ZI.elf  > "LWIP_F767ZI.list"
arm-none-eabi-objcopy  -O binary  LWIP_F767ZI.elf  "LWIP_F767ZI.bin"
   text	   data	    bss	    dec	    hex	filename
 117244	    136	  46832	 164212	  28174	LWIP_F767ZI.elf
Finished building: default.size.stdout
 
Finished building: LWIP_F767ZI.bin
 
Finished building: LWIP_F767ZI.list
 
19:24:51 **** Incremental Build of configuration Debug for project LWIP_F767ZI ****
make -j7 all 
arm-none-eabi-size   LWIP_F767ZI.elf 
   text	   data	    bss	    dec	    hex	filename
 117244	    136	  46832	 164212	  28174	LWIP_F767ZI.elf
Finished building: default.size.stdout
 
19:26:50 **** Incremental Build of configuration Debug for project LWIP_F767ZI ****
make -j7 all 
arm-none-eabi-gcc "../Core/Src/telnet.c" -mcpu=cortex-m7 -std=gnu17 -g3 -DDEBUG -DUSE_HAL_DRIVER -DSTM32F767xx -DSTM32_THREAD_SAFE_STRATEGY=4 -c -I../Core/Inc -I../Drivers/STM32F7xx_HAL_Driver/Inc -I../Drivers/STM32F7xx_HAL_Driver/Inc/Legacy -I../Drivers/CMSIS/Device/ST/STM32F7xx/Include -I../Drivers/CMSIS/Include -I../LWIP/App -I../LWIP/Target -I../Middlewares/Third_Party/LwIP/src/include -I../Middlewares/Third_Party/LwIP/system -I../Middlewares/Third_Party/LwIP/src/include/netif/ppp -I../Middlewares/Third_Party/LwIP/src/include/lwip -I../Middlewares/Third_Party/LwIP/src/include/lwip/apps -I../Middlewares/Third_Party/LwIP/src/include/lwip/priv -I../Middlewares/Third_Party/LwIP/src/include/lwip/prot -I../Middlewares/Third_Party/LwIP/src/include/netif -I../Middlewares/Third_Party/LwIP/src/include/compat/posix -I../Middlewares/Third_Party/LwIP/src/include/compat/posix/arpa -I../Middlewares/Third_Party/LwIP/src/include/compat/posix/net -I../Middlewares/Third_Party/LwIP/src/include/compat/posix/sys -I../Middlewares/Third_Party/LwIP/src/include/compat/stdc -I../Middlewares/Third_Party/LwIP/system/arch -I../Middlewares/Third_Party/FreeRTOS/Source/include -I../Middlewares/Third_Party/FreeRTOS/Source/CMSIS_RTOS -I../Middlewares/Third_Party/FreeRTOS/Source/portable/GCC/ARM_CM7/r0p1 -I../Core/ThreadSafe -O0 -ffunction-sections -fdata-sections -Wall -fstack-usage -MMD -MP -MF"Core/Src/telnet.d" -MT"Core/Src/telnet.o" --specs=nano.specs -mfpu=fpv5-d16 -mfloat-abi=hard -mthumb -o "Core/Src/telnet.o"
arm-none-eabi-gcc -o "LWIP_F767ZI.elf" @"objects.list"   -mcpu=cortex-m7 -T"/Users/adityasehgal/Documents/GitHub/Learn_STM32/LWIP_F767ZI/STM32F767ZITX_FLASH.ld" --specs=nosys.specs -Wl,-Map="LWIP_F767ZI.map" -Wl,--gc-sections -static --specs=nano.specs -mfpu=fpv5-d16 -mfloat-abi=hard -mthumb -Wl,--start-group -lc -lm -Wl,--end-group
Finished building target: LWIP_F767ZI.elf
 
arm-none-eabi-size   LWIP_F767ZI.elf 
arm-none-eabi-objdump -h -S  LWIP_F767ZI.elf  > "LWIP_F767ZI.list"
arm-none-eabi-objcopy  -O binary  LWIP_F767ZI.elf  "LWIP_F767ZI.bin"
   text	   data	    bss	    dec	    hex	filename
 117244	    136	  46832	 164212	  28174	LWIP_F767ZI.elf
Finished building: default.size.stdout
 
Finished building: LWIP_F767ZI.bin
 
Finished building: LWIP_F767ZI.list
 
19:29:10 **** Incremental Build of configuration Debug for project LWIP_F767ZI ****
make -j7 all 
arm-none-eabi-gcc "../Core/Src/telnet.c" -mcpu=cortex-m7 -std=gnu17 -g3 -DDEBUG -DUSE_HAL_DRIVER -DSTM32F767xx -DSTM32_THREAD_SAFE_STRATEGY=4 -c -I../Core/Inc -I../Drivers/STM32F7xx_HAL_Driver/Inc -I../Drivers/STM32F7xx_HAL_Driver/Inc/Legacy -I../Drivers/CMSIS/Device/ST/STM32F7xx/Include -I../Drivers/CMSIS/Include -I../LWIP/App -I../LWIP/Target -I../Middlewares/Third_Party/LwIP/src/include -I../Middlewares/Third_Party/LwIP/system -I../Middlewares/Third_Party/LwIP/src/include/netif/ppp -I../Middlewares/Third_Party/LwIP/src/include/lwip -I../Middlewares/Third_Party/LwIP/src/include/lwip/apps -I../Middlewares/Third_Party/LwIP/src/include/lwip/priv -I../Middlewares/Third_Party/LwIP/src/include/lwip/prot -I../Middlewares/Third_Party/LwIP/src/include/netif -I../Middlewares/Third_Party/LwIP/src/include/compat/posix -I../Middlewares/Third_Party/LwIP/src/include/compat/posix/arpa -I../Middlewares/Third_Party/LwIP/src/include/compat/posix/net -I../Middlewares/Third_Party/LwIP/src/include/compat/posix/sys -I../Middlewares/Third_Party/LwIP/src/include/compat/stdc -I../Middlewares/Third_Party/LwIP/system/arch -I../Middlewares/Third_Party/FreeRTOS/Source/include -I../Middlewares/Third_Party/FreeRTOS/Source/CMSIS_RTOS -I../Middlewares/Third_Party/FreeRTOS/Source/portable/GCC/ARM_CM7/r0p1 -I../Core/ThreadSafe -O0 -ffunction-sections -fdata-sections -Wall -fstack-usage -MMD -MP -MF"Core/Src/telnet.d" -MT"Core/Src/telnet.o" --specs=nano.specs -mfpu=fpv5-d16 -mfloat-abi=hard -mthumb -o "Core/Src/telnet.o"
arm-none-eabi-gcc -o "LWIP_F767ZI.elf" @"objects.list"   -mcpu=cortex-m7 -T"/Users/adityasehgal/Documents/GitHub/Learn_STM32/LWIP_F767ZI/STM32F767ZITX_FLASH.ld" --specs=nosys.specs -Wl,-Map="LWIP_F767ZI.map" -Wl,--gc-sections -static --specs=nano.specs -mfpu=fpv5-d16 -mfloat-abi=hard -mthumb -Wl,--start-group -lc -lm -Wl,--end-group
Finished building target: LWIP_F767ZI.elf
 
arm-none-eabi-size   LWIP_F767ZI.elf 
arm-none-eabi-objdump -h -S  LWIP_F767ZI.elf  > "LWIP_F767ZI.list"
arm-none-eabi-objcopy  -O binary  LWIP_F767ZI.elf  "LWIP_F767ZI.bin"
   text	   data	    bss	    dec	    hex	filename
 117448	    136	  46832	 164416	  28240	LWIP_F767ZI.elf
Finished building: default.size.stdout
 
Finished building: LWIP_F767ZI.bin
 
Finished building: LWIP_F767ZI.list
 
19:30:35 **** Incremental Build of configuration Debug for project LWIP_F767ZI ****
make -j7 all 
arm-none-eabi-gcc "../Core/Src/telnet.c" -mcpu=cortex-m7 -std=gnu17 -g3 -DDEBUG -DUSE_HAL_DRIVER -DSTM32F767xx -DSTM32_THREAD_SAFE_STRATEGY=4 -c -I../Core/Inc -I../Drivers/STM32F7xx_HAL_Driver/Inc -I../Drivers/STM32F7xx_HAL_Driver/Inc/Legacy -I../Drivers/CMSIS/Device/ST/STM32F7xx/Include -I../Drivers/CMSIS/Include -I../LWIP/App -I../LWIP/Target -I../Middlewares/Third_Party/LwIP/src/include -I../Middlewares/Third_Party/LwIP/system -I../Middlewares/Third_Party/LwIP/src/include/netif/ppp -I../Middlewares/Third_Party/LwIP/src/include/lwip -I../Middlewares/Third_Party/LwIP/src/include/lwip/apps -I../Middlewares/Third_Party/LwIP/src/include/lwip/priv -I../Middlewares/Third_Party/LwIP/src/include/lwip/prot -I../Middlewares/Third_Party/LwIP/src/include/netif -I../Middlewares/Third_Party/LwIP/src/include/compat/posix -I../Middlewares/Third_Party/LwIP/src/include/compat/posix/arpa -I../Middlewares/Third_Party/LwIP/src/include/compat/posix/net -I../Middlewares/Third_Party/LwIP/src/include/compat/posix/sys -I../Middlewares/Third_Party/LwIP/src/include/compat/stdc -I../Middlewares/Third_Party/LwIP/system/arch -I../Middlewares/Third_Party/FreeRTOS/Source/include -I../Middlewares/Third_Party/FreeRTOS/Source/CMSIS_RTOS -I../Middlewares/Third_Party/FreeRTOS/Source/portable/GCC/ARM_CM7/r0p1 -I../Core/ThreadSafe -O0 -ffunction-sections -fdata-sections -Wall -fstack-usage -MMD -MP -MF"Core/Src/telnet.d" -MT"Core/Src/telnet.o" --specs=nano.specs -mfpu=fpv5-d16 -mfloat-abi=hard -mthumb -o "Core/Src/telnet.o"
arm-none-eabi-gcc -o "LWIP_F767ZI.elf" @"objects.list"   -mcpu=cortex-m7 -T"/Users/adityasehgal/Documents/GitHub/Learn_STM32/LWIP_F767ZI/STM32F767ZITX_FLASH.ld" --specs=nosys.specs -Wl,-Map="LWIP_F767ZI.map" -Wl,--gc-sections -static --specs=nano.specs -mfpu=fpv5-d16 -mfloat-abi=hard -mthumb -Wl,--start-group -lc -lm -Wl,--end-group
Finished building target: LWIP_F767ZI.elf
 
arm-none-eabi-size   LWIP_F767ZI.elf 
arm-none-eabi-objdump -h -S  LWIP_F767ZI.elf  > "LWIP_F767ZI.list"
arm-none-eabi-objcopy  -O binary  LWIP_F767ZI.elf  "LWIP_F767ZI.bin"
   text	   data	    bss	    dec	    hex	filename
 117424	    136	  46832	 164392	  28228	LWIP_F767ZI.elf
Finished building: default.size.stdout
 
Finished building: LWIP_F767ZI.bin
 
Finished building: LWIP_F767ZI.list
 
19:30:38 **** Incremental Build of configuration Debug for project LWIP_F767ZI ****
make -j7 all 
arm-none-eabi-size   LWIP_F767ZI.elf 
   text	   data	    bss	    dec	    hex	filename
 117424	    136	  46832	 164392	  28228	LWIP_F767ZI.elf
Finished building: default.size.stdout
 
19:32:14 **** Incremental Build of configuration Debug for project LWIP_F767ZI ****
make -j7 all 
arm-none-eabi-gcc "../Core/Src/telnet.c" -mcpu=cortex-m7 -std=gnu17 -g3 -DDEBUG -DUSE_HAL_DRIVER -DSTM32F767xx -DSTM32_THREAD_SAFE_STRATEGY=4 -c -I../Core/Inc -I../Drivers/STM32F7xx_HAL_Driver/Inc -I../Drivers/STM32F7xx_HAL_Driver/Inc/Legacy -I../Drivers/CMSIS/Device/ST/STM32F7xx/Include -I../Drivers/CMSIS/Include -I../LWIP/App -I../LWIP/Target -I../Middlewares/Third_Party/LwIP/src/include -I../Middlewares/Third_Party/LwIP/system -I../Middlewares/Third_Party/LwIP/src/include/netif/ppp -I../Middlewares/Third_Party/LwIP/src/include/lwip -I../Middlewares/Third_Party/LwIP/src/include/lwip/apps -I../Middlewares/Third_Party/LwIP/src/include/lwip/priv -I../Middlewares/Third_Party/LwIP/src/include/lwip/prot -I../Middlewares/Third_Party/LwIP/src/include/netif -I../Middlewares/Third_Party/LwIP/src/include/compat/posix -I../Middlewares/Third_Party/LwIP/src/include/compat/posix/arpa -I../Middlewares/Third_Party/LwIP/src/include/compat/posix/net -I../Middlewares/Third_Party/LwIP/src/include/compat/posix/sys -I../Middlewares/Third_Party/LwIP/src/include/compat/stdc -I../Middlewares/Third_Party/LwIP/system/arch -I../Middlewares/Third_Party/FreeRTOS/Source/include -I../Middlewares/Third_Party/FreeRTOS/Source/CMSIS_RTOS -I../Middlewares/Third_Party/FreeRTOS/Source/portable/GCC/ARM_CM7/r0p1 -I../Core/ThreadSafe -O0 -ffunction-sections -fdata-sections -Wall -fstack-usage -MMD -MP -MF"Core/Src/telnet.d" -MT"Core/Src/telnet.o" --specs=nano.specs -mfpu=fpv5-d16 -mfloat-abi=hard -mthumb -o "Core/Src/telnet.o"
arm-none-eabi-gcc -o "LWIP_F767ZI.elf" @"objects.list"   -mcpu=cortex-m7 -T"/Users/adityasehgal/Documents/GitHub/Learn_STM32/LWIP_F767ZI/STM32F767ZITX_FLASH.ld" --specs=nosys.specs -Wl,-Map="LWIP_F767ZI.map" -Wl,--gc-sections -static --specs=nano.specs -mfpu=fpv5-d16 -mfloat-abi=hard -mthumb -Wl,--start-group -lc -lm -Wl,--end-group
Finished building target: LWIP_F767ZI.elf
 
arm-none-eabi-size   LWIP_F767ZI.elf 
arm-none-eabi-objdump -h -S  LWIP_F767ZI.elf  > "LWIP_F767ZI.list"
arm-none-eabi-objcopy  -O binary  LWIP_F767ZI.elf  "LWIP_F767ZI.bin"
   text	   data	    bss	    dec	    hex	filename
 117252	    136	  46832	 164220	  2817c	LWIP_F767ZI.elf
Finished building: default.size.stdout
 
Finished building: LWIP_F767ZI.bin
 
Finished building: LWIP_F767ZI.list
 
19:33:10 **** Incremental Build of configuration Debug for project LWIP_F767ZI ****
make -j7 all 
arm-none-eabi-gcc "../Core/Src/telnet.c" -mcpu=cortex-m7 -std=gnu17 -g3 -DDEBUG -DUSE_HAL_DRIVER -DSTM32F767xx -DSTM32_THREAD_SAFE_STRATEGY=4 -c -I../Core/Inc -I../Drivers/STM32F7xx_HAL_Driver/Inc -I../Drivers/STM32F7xx_HAL_Driver/Inc/Legacy -I../Drivers/CMSIS/Device/ST/STM32F7xx/Include -I../Drivers/CMSIS/Include -I../LWIP/App -I../LWIP/Target -I../Middlewares/Third_Party/LwIP/src/include -I../Middlewares/Third_Party/LwIP/system -I../Middlewares/Third_Party/LwIP/src/include/netif/ppp -I../Middlewares/Third_Party/LwIP/src/include/lwip -I../Middlewares/Third_Party/LwIP/src/include/lwip/apps -I../Middlewares/Third_Party/LwIP/src/include/lwip/priv -I../Middlewares/Third_Party/LwIP/src/include/lwip/prot -I../Middlewares/Third_Party/LwIP/src/include/netif -I../Middlewares/Third_Party/LwIP/src/include/compat/posix -I../Middlewares/Third_Party/LwIP/src/include/compat/posix/arpa -I../Middlewares/Third_Party/LwIP/src/include/compat/posix/net -I../Middlewares/Third_Party/LwIP/src/include/compat/posix/sys -I../Middlewares/Third_Party/LwIP/src/include/compat/stdc -I../Middlewares/Third_Party/LwIP/system/arch -I../Middlewares/Third_Party/FreeRTOS/Source/include -I../Middlewares/Third_Party/FreeRTOS/Source/CMSIS_RTOS -I../Middlewares/Third_Party/FreeRTOS/Source/portable/GCC/ARM_CM7/r0p1 -I../Core/ThreadSafe -O0 -ffunction-sections -fdata-sections -Wall -fstack-usage -MMD -MP -MF"Core/Src/telnet.d" -MT"Core/Src/telnet.o" --specs=nano.specs -mfpu=fpv5-d16 -mfloat-abi=hard -mthumb -o "Core/Src/telnet.o"
arm-none-eabi-gcc -o "LWIP_F767ZI.elf" @"objects.list"   -mcpu=cortex-m7 -T"/Users/adityasehgal/Documents/GitHub/Learn_STM32/LWIP_F767ZI/STM32F767ZITX_FLASH.ld" --specs=nosys.specs -Wl,-Map="LWIP_F767ZI.map" -Wl,--gc-sections -static --specs=nano.specs -mfpu=fpv5-d16 -mfloat-abi=hard -mthumb -Wl,--start-group -lc -lm -Wl,--end-group
Finished building target: LWIP_F767ZI.elf
 
arm-none-eabi-size   LWIP_F767ZI.elf 
arm-none-eabi-objdump -h -S  LWIP_F767ZI.elf  > "LWIP_F767ZI.list"
arm-none-eabi-objcopy  -O binary  LWIP_F767ZI.elf  "LWIP_F767ZI.bin"
   text	   data	    bss	    dec	    hex	filename
 117228	    136	  46832	 164196	  28164	LWIP_F767ZI.elf
Finished building: default.size.stdout
 
Finished building: LWIP_F767ZI.bin
 
Finished building: LWIP_F767ZI.list
 
16:24:07 **** Clean-only build of configuration Debug for project LWIP_F767ZI ****
make -j7 clean 
rm -rf  default.size.stdout  LWIP_F767ZI.list  LWIP_F767ZI.elf  ./Middlewares/Third_Party/LwIP/system/OS/sys_arch.o  ./Middlewares/Third_Party/LwIP/src/netif/ppp/auth.o ./Middlewares/Third_Party/LwIP/src/netif/ppp/ccp.o ./Middlewares/Third_Party/LwIP/src/netif/ppp/chap-md5.o ./Middlewares/Third_Party/LwIP/src/netif/ppp/chap-new.o ./Middlewares/Third_Party/LwIP/src/netif/ppp/chap_ms.o ./Middlewares/Third_Party/LwIP/src/netif/ppp/demand.o ./Middlewares/Third_Party/LwIP/src/netif/ppp/eap.o ./Middlewares/Third_Party/LwIP/src/netif/ppp/ecp.o ./Middlewares/Third_Party/LwIP/src/netif/ppp/eui64.o ./Middlewares/Third_Party/LwIP/src/netif/ppp/fsm.o ./Middlewares/Third_Party/LwIP/src/netif/ppp/ipcp.o ./Middlewares/Third_Party/LwIP/src/netif/ppp/ipv6cp.o ./Middlewares/Third_Party/LwIP/src/netif/ppp/lcp.o ./Middlewares/Third_Party/LwIP/src/netif/ppp/magic.o ./Middlewares/Third_Party/LwIP/src/netif/ppp/mppe.o ./Middlewares/Third_Party/LwIP/src/netif/ppp/multilink.o ./Middlewares/Third_Party/LwIP/src/netif/ppp/ppp.o ./Middlewares/Third_Party/LwIP/src/netif/ppp/pppapi.o ./Middlewares/Third_Party/LwIP/src/netif/ppp/pppcrypt.o ./Middlewares/Third_Party/LwIP/src/netif/ppp/pppoe.o ./Middlewares/Third_Party/LwIP/src/netif/ppp/pppol2tp.o ./Middlewares/Third_Party/LwIP/src/netif/ppp/pppos.o ./Middlewares/Third_Party/LwIP/src/netif/ppp/upap.o ./Middlewares/Third_Party/LwIP/src/netif/ppp/utils.o ./Middlewares/Third_Party/LwIP/src/netif/ppp/vj.o  ./Middlewares/Third_Party/LwIP/src/netif/bridgeif.o ./Middlewares/Third_Party/LwIP/src/netif/bridgeif_fdb.o ./Middlewares/Third_Party/LwIP/src/netif/ethernet.o ./Middlewares/Third_Party/LwIP/src/netif/lowpan6.o ./Middlewares/Third_Party/LwIP/src/netif/lowpan6_ble.o ./Middlewares/Third_Party/LwIP/src/netif/lowpan6_common.o ./Middlewares/Third_Party/LwIP/src/netif/slipif.o ./Middlewares/Third_Party/LwIP/src/netif/zepif.o  ./Middlewares/Third_Party/LwIP/src/core/ipv6/dhcp6.o ./Middlewares/Third_Party/LwIP/src/core/ipv6/ethip6.o ./Middlewares/Third_Party/LwIP/src/core/ipv6/icmp6.o ./Middlewares/Third_Party/LwIP/src/core/ipv6/inet6.o ./Middlewares/Third_Party/LwIP/src/core/ipv6/ip6.o ./Middlewares/Third_Party/LwIP/src/core/ipv6/ip6_addr.o ./Middlewares/Third_Party/LwIP/src/core/ipv6/ip6_frag.o ./Middlewares/Third_Party/LwIP/src/core/ipv6/mld6.o ./Middlewares/Third_Party/LwIP/src/core/ipv6/nd6.o  ./Middlewares/Third_Party/LwIP/src/core/ipv4/autoip.o ./Middlewares/Third_Party/LwIP/src/core/ipv4/dhcp.o ./Middlewares/Third_Party/LwIP/src/core/ipv4/etharp.o ./Middlewares/Third_Party/LwIP/src/core/ipv4/icmp.o ./Middlewares/Third_Party/LwIP/src/core/ipv4/igmp.o ./Middlewares/Third_Party/LwIP/src/core/ipv4/ip4.o ./Middlewares/Third_Party/LwIP/src/core/ipv4/ip4_addr.o ./Middlewares/Third_Party/LwIP/src/core/ipv4/ip4_frag.o  ./Middlewares/Third_Party/LwIP/src/core/altcp.o ./Middlewares/Third_Party/LwIP/src/core/altcp_alloc.o ./Middlewares/Third_Party/LwIP/src/core/altcp_tcp.o ./Middlewares/Third_Party/LwIP/src/core/def.o ./Middlewares/Third_Party/LwIP/src/core/dns.o ./Middlewares/Third_Party/LwIP/src/core/inet_chksum.o ./Middlewares/Third_Party/LwIP/src/core/init.o ./Middlewares/Third_Party/LwIP/src/core/ip.o ./Middlewares/Third_Party/LwIP/src/core/mem.o ./Middlewares/Third_Party/LwIP/src/core/memp.o ./Middlewares/Third_Party/LwIP/src/core/netif.o ./Middlewares/Third_Party/LwIP/src/core/pbuf.o ./Middlewares/Third_Party/LwIP/src/core/raw.o ./Middlewares/Third_Party/LwIP/src/core/stats.o ./Middlewares/Third_Party/LwIP/src/core/sys.o ./Middlewares/Third_Party/LwIP/src/core/tcp.o ./Middlewares/Third_Party/LwIP/src/core/tcp_in.o ./Middlewares/Third_Party/LwIP/src/core/tcp_out.o ./Middlewares/Third_Party/LwIP/src/core/timeouts.o ./Middlewares/Third_Party/LwIP/src/core/udp.o  ./Middlewares/Third_Party/LwIP/src/apps/mqtt/mqtt.o  ./Middlewares/Third_Party/LwIP/src/api/api_lib.o ./Middlewares/Third_Party/LwIP/src/api/api_msg.o ./Middlewares/Third_Party/LwIP/src/api/err.o ./Middlewares/Third_Party/LwIP/src/api/if_api.o ./Middlewares/Third_Party/LwIP/src/api/netbuf.o ./Middlewares/Third_Party/LwIP/src/api/netdb.o ./Middlewares/Third_Party/LwIP/src/api/netifapi.o ./Middlewares/Third_Party/LwIP/src/api/sockets.o ./Middlewares/Third_Party/LwIP/src/api/tcpip.o  ./Middlewares/Third_Party/FreeRTOS/Source/portable/MemMang/heap_4.o  ./Middlewares/Third_Party/FreeRTOS/Source/portable/GCC/ARM_CM7/r0p1/port.o  ./Middlewares/Third_Party/FreeRTOS/Source/CMSIS_RTOS/cmsis_os.o  ./Middlewares/Third_Party/FreeRTOS/Source/croutine.o ./Middlewares/Third_Party/FreeRTOS/Source/event_groups.o ./Middlewares/Third_Party/FreeRTOS/Source/list.o ./Middlewares/Third_Party/FreeRTOS/Source/queue.o ./Middlewares/Third_Party/FreeRTOS/Source/stream_buffer.o ./Middlewares/Third_Party/FreeRTOS/Source/tasks.o ./Middlewares/Third_Party/FreeRTOS/Source/timers.o  ./LWIP/Target/ethernetif.o  ./LWIP/App/lwip.o  ./Drivers/STM32F7xx_HAL_Driver/Src/stm32f7xx_hal.o ./Drivers/STM32F7xx_HAL_Driver/Src/stm32f7xx_hal_cortex.o ./Drivers/STM32F7xx_HAL_Driver/Src/stm32f7xx_hal_dma.o ./Drivers/STM32F7xx_HAL_Driver/Src/stm32f7xx_hal_dma_ex.o ./Drivers/STM32F7xx_HAL_Driver/Src/stm32f7xx_hal_eth.o ./Drivers/STM32F7xx_HAL_Driver/Src/stm32f7xx_hal_exti.o ./Drivers/STM32F7xx_HAL_Driver/Src/stm32f7xx_hal_flash.o ./Drivers/STM32F7xx_HAL_Driver/Src/stm32f7xx_hal_flash_ex.o ./Drivers/STM32F7xx_HAL_Driver/Src/stm32f7xx_hal_gpio.o ./Drivers/STM32F7xx_HAL_Driver/Src/stm32f7xx_hal_i2c.o ./Drivers/STM32F7xx_HAL_Driver/Src/stm32f7xx_hal_i2c_ex.o ./Drivers/STM32F7xx_HAL_Driver/Src/stm32f7xx_hal_pwr.o ./Drivers/STM32F7xx_HAL_Driver/Src/stm32f7xx_hal_pwr_ex.o ./Drivers/STM32F7xx_HAL_Driver/Src/stm32f7xx_hal_rcc.o ./Drivers/STM32F7xx_HAL_Driver/Src/stm32f7xx_hal_rcc_ex.o ./Drivers/STM32F7xx_HAL_Driver/Src/stm32f7xx_hal_tim.o ./Drivers/STM32F7xx_HAL_Driver/Src/stm32f7xx_hal_tim_ex.o ./Drivers/STM32F7xx_HAL_Driver/Src/stm32f7xx_hal_uart.o ./Drivers/STM32F7xx_HAL_Driver/Src/stm32f7xx_hal_uart_ex.o  ./Core/ThreadSafe/newlib_lock_glue.o  ./Core/Startup/startup_stm32f767zitx.o  ./Core/Src/freertos.o ./Core/Src/gpio.o ./Core/Src/main.o ./Core/Src/stm32f7xx_hal_msp.o ./Core/Src/stm32f7xx_hal_timebase_tim.o ./Core/Src/stm32f7xx_it.o ./Core/Src/system_stm32f7xx.o ./Core/Src/telnet.o ./Core/Src/usart.o  ./Core/Startup/startup_stm32f767zitx.d  ./Middlewares/Third_Party/LwIP/system/OS/sys_arch.d  ./Middlewares/Third_Party/LwIP/src/netif/ppp/auth.d ./Middlewares/Third_Party/LwIP/src/netif/ppp/ccp.d ./Middlewares/Third_Party/LwIP/src/netif/ppp/chap-md5.d ./Middlewares/Third_Party/LwIP/src/netif/ppp/chap-new.d ./Middlewares/Third_Party/LwIP/src/netif/ppp/chap_ms.d ./Middlewares/Third_Party/LwIP/src/netif/ppp/demand.d ./Middlewares/Third_Party/LwIP/src/netif/ppp/eap.d ./Middlewares/Third_Party/LwIP/src/netif/ppp/ecp.d ./Middlewares/Third_Party/LwIP/src/netif/ppp/eui64.d ./Middlewares/Third_Party/LwIP/src/netif/ppp/fsm.d ./Middlewares/Third_Party/LwIP/src/
[...]
 
Finished building: LWIP_F767ZI.bin
 
Finished building: LWIP_F767ZI.list
 
17:55:26 **** Incremental Build of configuration Debug for project LWIP_F767ZI ****
make -j7 all 
arm-none-eabi-size   LWIP_F767ZI.elf 
   text	   data	    bss	    dec	    hex	filename
 120404	    140	  46836	 167380	  28dd4	LWIP_F767ZI.elf
Finished building: default.size.stdout
 
18:00:03 **** Incremental Build of configuration Debug for project LWIP_F767ZI ****
make -j7 all 
arm-none-eabi-gcc "../Core/Src/telnet.c" -mcpu=cortex-m7 -std=gnu17 -g3 -DDEBUG -DUSE_HAL_DRIVER -DSTM32F767xx -DSTM32_THREAD_SAFE_STRATEGY=4 -c -I../Core/Inc -I../Drivers/STM32F7xx_HAL_Driver/Inc -I../Drivers/STM32F7xx_HAL_Driver/Inc/Legacy -I../Drivers/CMSIS/Device/ST/STM32F7xx/Include -I../Drivers/CMSIS/Include -I../LWIP/App -I../LWIP/Target -I../Middlewares/Third_Party/LwIP/src/include -I../Middlewares/Third_Party/LwIP/system -I../Middlewares/Third_Party/LwIP/src/include/netif/ppp -I../Middlewares/Third_Party/LwIP/src/include/lwip -I../Middlewares/Third_Party/LwIP/src/include/lwip/apps -I../Middlewares/Third_Party/LwIP/src/include/lwip/priv -I../Middlewares/Third_Party/LwIP/src/include/lwip/prot -I../Middlewares/Third_Party/LwIP/src/include/netif -I../Middlewares/Third_Party/LwIP/src/include/compat/posix -I../Middlewares/Third_Party/LwIP/src/include/compat/posix/arpa -I../Middlewares/Third_Party/LwIP/src/include/compat/posix/net -I../Middlewares/Third_Party/LwIP/src/include/compat/posix/sys -I../Middlewares/Third_Party/LwIP/src/include/compat/stdc -I../Middlewares/Third_Party/LwIP/system/arch -I../Middlewares/Third_Party/FreeRTOS/Source/include -I../Middlewares/Third_Party/FreeRTOS/Source/CMSIS_RTOS -I../Middlewares/Third_Party/FreeRTOS/Source/portable/GCC/ARM_CM7/r0p1 -I../Core/ThreadSafe -O0 -ffunction-sections -fdata-sections -Wall -fstack-usage -MMD -MP -MF"Core/Src/telnet.d" -MT"Core/Src/telnet.o" --specs=nano.specs -mfpu=fpv5-d16 -mfloat-abi=hard -mthumb -o "Core/Src/telnet.o"
arm-none-eabi-gcc -o "LWIP_F767ZI.elf" @"objects.list"   -mcpu=cortex-m7 -T"/Users/adityasehgal/Documents/GitHub/Learn_STM32/LWIP_F767ZI/STM32F767ZITX_FLASH.ld" --specs=nosys.specs -Wl,-Map="LWIP_F767ZI.map" -Wl,--gc-sections -static --specs=nano.specs -mfpu=fpv5-d16 -mfloat-abi=hard -mthumb -Wl,--start-group -lc -lm -Wl,--end-group
Finished building target: LWIP_F767ZI.elf
 
arm-none-eabi-size   LWIP_F767ZI.elf 
arm-none-eabi-objdump -h -S  LWIP_F767ZI.elf  > "LWIP_F767ZI.list"
arm-none-eabi-objcopy  -O binary  LWIP_F767ZI.elf  "LWIP_F767ZI.bin"
   text	   data	    bss	    dec	    hex	filename
 120424	    140	  46836	 167400	  28de8	LWIP_F767ZI.elf
Finished building: default.size.stdout
 
Finished building: LWIP_F767ZI.bin
 
Finished building: LWIP_F767ZI.list
 
18:08:26 **** Incremental Build of configuration Debug for project LWIP_F767ZI ****
make -j7 all 
arm-none-eabi-gcc "../Core/Src/telnet.c" -mcpu=cortex-m7 -std=gnu17 -g3 -DDEBUG -DUSE_HAL_DRIVER -DSTM32F767xx -DSTM32_THREAD_SAFE_STRATEGY=4 -c -I../Core/Inc -I../Drivers/STM32F7xx_HAL_Driver/Inc -I../Drivers/STM32F7xx_HAL_Driver/Inc/Legacy -I../Drivers/CMSIS/Device/ST/STM32F7xx/Include -I../Drivers/CMSIS/Include -I../LWIP/App -I../LWIP/Target -I../Middlewares/Third_Party/LwIP/src/include -I../Middlewares/Third_Party/LwIP/system -I../Middlewares/Third_Party/LwIP/src/include/netif/ppp -I../Middlewares/Third_Party/LwIP/src/include/lwip -I../Middlewares/Third_Party/LwIP/src/include/lwip/apps -I../Middlewares/Third_Party/LwIP/src/include/lwip/priv -I../Middlewares/Third_Party/LwIP/src/include/lwip/prot -I../Middlewares/Third_Party/LwIP/src/include/netif -I../Middlewares/Third_Party/LwIP/src/include/compat/posix -I../Middlewares/Third_Party/LwIP/src/include/compat/posix/arpa -I../Middlewares/Third_Party/LwIP/src/include/compat/posix/net -I../Middlewares/Third_Party/LwIP/src/include/compat/posix/sys -I../Middlewares/Third_Party/LwIP/src/include/compat/stdc -I../Middlewares/Third_Party/LwIP/system/arch -I../Middlewares/Third_Party/FreeRTOS/Source/include -I../Middlewares/Third_Party/FreeRTOS/Source/CMSIS_RTOS -I../Middlewares/Third_Party/FreeRTOS/Source/portable/GCC/ARM_CM7/r0p1 -I../Core/ThreadSafe -O0 -ffunction-sections -fdata-sections -Wall -fstack-usage -MMD -MP -MF"Core/Src/telnet.d" -MT"Core/Src/telnet.o" --specs=nano.specs -mfpu=fpv5-d16 -mfloat-abi=hard -mthumb -o "Core/Src/telnet.o"
arm-none-eabi-gcc -o "LWIP_F767ZI.elf" @"objects.list"   -mcpu=cortex-m7 -T"/Users/adityasehgal/Documents/GitHub/Learn_STM32/LWIP_F767ZI/STM32F767ZITX_FLASH.ld" --specs=nosys.specs -Wl,-Map="LWIP_F767ZI.map" -Wl,--gc-sections -static --specs=nano.specs -mfpu=fpv5-d16 -mfloat-abi=hard -mthumb -Wl,--start-group -lc -lm -Wl,--end-group
Finished building target: LWIP_F767ZI.elf
 
arm-none-eabi-size   LWIP_F767ZI.elf 
arm-none-eabi-objdump -h -S  LWIP_F767ZI.elf  > "LWIP_F767ZI.list"
arm-none-eabi-objcopy  -O binary  LWIP_F767ZI.elf  "LWIP_F767ZI.bin"
   text	   data	    bss	    dec	    hex	filename
 120448	    140	  46836	 167424	  28e00	LWIP_F767ZI.elf
Finished building: default.size.stdout
 
Finished building: LWIP_F767ZI.bin
 
Finished building: LWIP_F767ZI.list
 
18:09:40 **** Incremental Build of configuration Debug for project LWIP_F767ZI ****
make -j7 all 
arm-none-eabi-size   LWIP_F767ZI.elf 
   text	   data	    bss	    dec	    hex	filename
 120448	    140	  46836	 167424	  28e00	LWIP_F767ZI.elf
Finished building: default.size.stdout
 
18:11:32 **** Incremental Build of configuration Debug for project LWIP_F767ZI ****
make -j7 all 
arm-none-eabi-gcc "../Core/Src/telnet.c" -mcpu=cortex-m7 -std=gnu17 -g3 -DDEBUG -DUSE_HAL_DRIVER -DSTM32F767xx -DSTM32_THREAD_SAFE_STRATEGY=4 -c -I../Core/Inc -I../Drivers/STM32F7xx_HAL_Driver/Inc -I../Drivers/STM32F7xx_HAL_Driver/Inc/Legacy -I../Drivers/CMSIS/Device/ST/STM32F7xx/Include -I../Drivers/CMSIS/Include -I../LWIP/App -I../LWIP/Target -I../Middlewares/Third_Party/LwIP/src/include -I../Middlewares/Third_Party/LwIP/system -I../Middlewares/Third_Party/LwIP/src/include/netif/ppp -I../Middlewares/Third_Party/LwIP/src/include/lwip -I../Middlewares/Third_Party/LwIP/src/include/lwip/apps -I../Middlewares/Third_Party/LwIP/src/include/lwip/priv -I../Middlewares/Third_Party/LwIP/src/include/lwip/prot -I../Middlewares/Third_Party/LwIP/src/include/netif -I../Middlewares/Third_Party/LwIP/src/include/compat/posix -I../Middlewares/Third_Party/LwIP/src/include/compat/posix/arpa -I../Middlewares/Third_Party/LwIP/src/include/compat/posix/net -I../Middlewares/Third_Party/LwIP/src/include/compat/posix/sys -I../Middlewares/Third_Party/LwIP/src/include/compat/stdc -I../Middlewares/Third_Party/LwIP/system/arch -I../Middlewares/Third_Party/FreeRTOS/Source/include -I../Middlewares/Third_Party/FreeRTOS/Source/CMSIS_RTOS -I../Middlewares/Third_Party/FreeRTOS/Source/portable/GCC/ARM_CM7/r0p1 -I../Core/ThreadSafe -O0 -ffunction-sections -fdata-sections -Wall -fstack-usage -MMD -MP -MF"Core/Src/telnet.d" -MT"Core/Src/telnet.o" --specs=nano.specs -mfpu=fpv5-d16 -mfloat-abi=hard -mthumb -o "Core/Src/telnet.o"
arm-none-eabi-gcc -o "LWIP_F767ZI.elf" @"objects.list"   -mcpu=cortex-m7 -T"/Users/adityasehgal/Documents/GitHub/Learn_STM32/LWIP_F767ZI/STM32F767ZITX_FLASH.ld" --specs=nosys.specs -Wl,-Map="LWIP_F767ZI.map" -Wl,--gc-sections -static --specs=nano.specs -mfpu=fpv5-d16 -mfloat-abi=hard -mthumb -Wl,--start-group -lc -lm -Wl,--end-group
Finished building target: LWIP_F767ZI.elf
 
arm-none-eabi-size   LWIP_F767ZI.elf 
arm-none-eabi-objdump -h -S  LWIP_F767ZI.elf  > "LWIP_F767ZI.list"
arm-none-eabi-objcopy  -O binary  LWIP_F767ZI.elf  "LWIP_F767ZI.bin"
   text	   data	    bss	    dec	    hex	filename
 120448	    140	  46836	 167424	  28e00	LWIP_F767ZI.elf
Finished building: default.size.stdout
 
Finished building: LWIP_F767ZI.bin
 
Finished building: LWIP_F767ZI.list
 
18:14:53 **** Incremental Build of configuration Debug for project LWIP_F767ZI ****
make -j7 all 
arm-none-eabi-gcc "../Core/Src/telnet.c" -mcpu=cortex-m7 -std=gnu17 -g3 -DDEBUG -DUSE_HAL_DRIVER -DSTM32F767xx -DSTM32_THREAD_SAFE_STRATEGY=4 -c -I../Core/Inc -I../Drivers/STM32F7xx_HAL_Driver/Inc -I../Drivers/STM32F7xx_HAL_Driver/Inc/Legacy -I../Drivers/CMSIS/Device/ST/STM32F7xx/Include -I../Drivers/CMSIS/Include -I../LWIP/App -I../LWIP/Target -I../Middlewares/Third_Party/LwIP/src/include -I../Middlewares/Third_Party/LwIP/system -I../Middlewares/Third_Party/LwIP/src/include/netif/ppp -I../Middlewares/Third_Party/LwIP/src/include/lwip -I../Middlewares/Third_Party/LwIP/src/include/lwip/apps -I../Middlewares/Third_Party/LwIP/src/include/lwip/priv -I../Middlewares/Third_Party/LwIP/src/include/lwip/prot -I../Middlewares/Third_Party/LwIP/src/include/netif -I../Middlewares/Third_Party/LwIP/src/include/compat/posix -I../Middlewares/Third_Party/LwIP/src/include/compat/posix/arpa -I../Middlewares/Third_Party/LwIP/src/include/compat/posix/net -I../Middlewares/Third_Party/LwIP/src/include/compat/posix/sys -I../Middlewares/Third_Party/LwIP/src/include/compat/stdc -I../Middlewares/Third_Party/LwIP/system/arch -I../Middlewares/Third_Party/FreeRTOS/Source/include -I../Middlewares/Third_Party/FreeRTOS/Source/CMSIS_RTOS -I../Middlewares/Third_Party/FreeRTOS/Source/portable/GCC/ARM_CM7/r0p1 -I../Core/ThreadSafe -O0 -ffunction-sections -fdata-sections -Wall -fstack-usage -MMD -MP -MF"Core/Src/telnet.d" -MT"Core/Src/telnet.o" --specs=nano.specs -mfpu=fpv5-d16 -mfloat-abi=hard -mthumb -o "Core/Src/telnet.o"
arm-none-eabi-gcc -o "LWIP_F767ZI.elf" @"objects.list"   -mcpu=cortex-m7 -T"/Users/adityasehgal/Documents/GitHub/Learn_STM32/LWIP_F767ZI/STM32F767ZITX_FLASH.ld" --specs=nosys.specs -Wl,-Map="LWIP_F767ZI.map" -Wl,--gc-sections -static --specs=nano.specs -mfpu=fpv5-d16 -mfloat-abi=hard -mthumb -Wl,--start-group -lc -lm -Wl,--end-group
Finished building target: LWIP_F767ZI.elf
 
arm-none-eabi-size   LWIP_F767ZI.elf 
arm-none-eabi-objdump -h -S  LWIP_F767ZI.elf  > "LWIP_F767ZI.list"
arm-none-eabi-objcopy  -O binary  LWIP_F767ZI.elf  "LWIP_F767ZI.bin"
   text	   data	    bss	    dec	    hex	filename
 120464	    140	  46836	 167440	  28e10	LWIP_F767ZI.elf
Finished building: default.size.stdout
 
Finished building: LWIP_F767ZI.bin
 
Finished building: LWIP_F767ZI.list
 
18:15:22 **** Incremental Build of configuration Debug for project LWIP_F767ZI ****
make -j7 all 
arm-none-eabi-size   LWIP_F767ZI.elf 
   text	   data	    bss	    dec	    hex	filename
 120464	    140	  46836	 167440	  28e10	LWIP_F767ZI.elf
Finished building: default.size.stdout
 
18:16:02 **** Incremental Build of configuration Debug for project LWIP_F767ZI ****
make -j7 all 
arm-none-eabi-gcc "../Core/Src/telnet.c" -mcpu=cortex-m7 -std=gnu17 -g3 -DDEBUG -DUSE_HAL_DRIVER -DSTM32F767xx -DSTM32_THREAD_SAFE_STRATEGY=4 -c -I../Core/Inc -I../Drivers/STM32F7xx_HAL_Driver/Inc -I../Drivers/STM32F7xx_HAL_Driver/Inc/Legacy -I../Drivers/CMSIS/Device/ST/STM32F7xx/Include -I../Drivers/CMSIS/Include -I../LWIP/App -I../LWIP/Target -I../Middlewares/Third_Party/LwIP/src/include -I../Middlewares/Third_Party/LwIP/system -I../Middlewares/Third_Party/LwIP/src/include/netif/ppp -I../Middlewares/Third_Party/LwIP/src/include/lwip -I../Middlewares/Third_Party/LwIP/src/include/lwip/apps -I../Middlewares/Third_Party/LwIP/src/include/lwip/priv -I../Middlewares/Third_Party/LwIP/src/include/lwip/prot -I../Middlewares/Third_Party/LwIP/src/include/netif -I../Middlewares/Third_Party/LwIP/src/include/compat/posix -I../Middlewares/Third_Party/LwIP/src/include/compat/posix/arpa -I../Middlewares/Third_Party/LwIP/src/include/compat/posix/net -I../Middlewares/Third_Party/LwIP/src/include/compat/posix/sys -I../Middlewares/Third_Party/LwIP/src/include/compat/stdc -I../Middlewares/Third_Party/LwIP/system/arch -I../Middlewares/Third_Party/FreeRTOS/Source/include -I../Middlewares/Third_Party/FreeRTOS/Source/CMSIS_RTOS -I../Middlewares/Third_Party/FreeRTOS/Source/portable/GCC/ARM_CM7/r0p1 -I../Core/ThreadSafe -O0 -ffunction-sections -fdata-sections -Wall -fstack-usage -MMD -MP -MF"Core/Src/telnet.d" -MT"Core/Src/telnet.o" --specs=nano.specs -mfpu=fpv5-d16 -mfloat-abi=hard -mthumb -o "Core/Src/telnet.o"
arm-none-eabi-gcc -o "LWIP_F767ZI.elf" @"objects.list"   -mcpu=cortex-m7 -T"/Users/adityasehgal/Documents/GitHub/Learn_STM32/LWIP_F767ZI/STM32F767ZITX_FLASH.ld" --specs=nosys.specs -Wl,-Map="LWIP_F767ZI.map" -Wl,--gc-sections -static --specs=nano.specs -mfpu=fpv5-d16 -mfloat-abi=hard -mthumb -Wl,--start-group -lc -lm -Wl,--end-group
Finished building target: LWIP_F767ZI.elf
 
arm-none-eabi-size   LWIP_F767ZI.elf 
arm-none-eabi-objdump -h -S  LWIP_F767ZI.elf  > "LWIP_F767ZI.list"
arm-none-eabi-objcopy  -O binary  LWIP_F767ZI.elf  "LWIP_F767ZI.bin"
   text	   data	    bss	    dec	    hex	filename
 120464	    140	  46836	 167440	  28e10	LWIP_F767ZI.elf
Finished building: default.size.stdout
 
Finished building: LWIP_F767ZI.bin
 
Finished building: LWIP_F767ZI.list
 
18:16:42 **** Incremental Build of configuration Debug for project LWIP_F767ZI ****
make -j7 all 
arm-none-eabi-gcc "../Core/Src/telnet.c" -mcpu=cortex-m7 -std=gnu17 -g3 -DDEBUG -DUSE_HAL_DRIVER -DSTM32F767xx -DSTM32_THREAD_SAFE_STRATEGY=4 -c -I../Core/Inc -I../Drivers/STM32F7xx_HAL_Driver/Inc -I../Drivers/STM32F7xx_HAL_Driver/Inc/Legacy -I../Drivers/CMSIS/Device/ST/STM32F7xx/Include -I../Drivers/CMSIS/Include -I../LWIP/App -I../LWIP/Target -I../Middlewares/Third_Party/LwIP/src/include -I../Middlewares/Third_Party/LwIP/system -I../Middlewares/Third_Party/LwIP/src/include/netif/ppp -I../Middlewares/Third_Party/LwIP/src/include/lwip -I../Middlewares/Third_Party/LwIP/src/include/lwip/apps -I../Middlewares/Third_Party/LwIP/src/include/lwip/priv -I../Middlewares/Third_Party/LwIP/src/include/lwip/prot -I../Middlewares/Third_Party/LwIP/src/include/netif -I../Middlewares/Third_Party/LwIP/src/include/compat/posix -I../Middlewares/Third_Party/LwIP/src/include/compat/posix/arpa -I../Middlewares/Third_Party/LwIP/src/include/compat/posix/net -I../Middlewares/Third_Party/LwIP/src/include/compat/posix/sys -I../Middlewares/Third_Party/LwIP/src/include/compat/stdc -I../Middlewares/Third_Party/LwIP/system/arch -I../Middlewares/Third_Party/FreeRTOS/Source/include -I../Middlewares/Third_Party/FreeRTOS/Source/CMSIS_RTOS -I../Middlewares/Third_Party/FreeRTOS/Source/portable/GCC/ARM_CM7/r0p1 -I../Core/ThreadSafe -O0 -ffunction-sections -fdata-sections -Wall -fstack-usage -MMD -MP -MF"Core/Src/telnet.d" -MT"Core/Src/telnet.o" --specs=nano.specs -mfpu=fpv5-d16 -mfloat-abi=hard -mthumb -o "Core/Src/telnet.o"
arm-none-eabi-gcc -o "LWIP_F767ZI.elf" @"objects.list"   -mcpu=cortex-m7 -T"/Users/adityasehgal/Documents/GitHub/Learn_STM32/LWIP_F767ZI/STM32F767ZITX_FLASH.ld" --specs=nosys.specs -Wl,-Map="LWIP_F767ZI.map" -Wl,--gc-sections -static --specs=nano.specs -mfpu=fpv5-d16 -mfloat-abi=hard -mthumb -Wl,--start-group -lc -lm -Wl,--end-group
Finished building target: LWIP_F767ZI.elf
 
arm-none-eabi-size   LWIP_F767ZI.elf 
arm-none-eabi-objdump -h -S  LWIP_F767ZI.elf  > "LWIP_F767ZI.list"
arm-none-eabi-objcopy  -O binary  LWIP_F767ZI.elf  "LWIP_F767ZI.bin"
   text	   data	    bss	    dec	    hex	filename
 120464	    140	  46836	 167440	  28e10	LWIP_F767ZI.elf
Finished building: default.size.stdout
 
Finished building: LWIP_F767ZI.bin
 
Finished building: LWIP_F767ZI.list
 
18:19:20 **** Incremental Build of configuration Debug for project LWIP_F767ZI ****
make -j7 all 
arm-none-eabi-gcc "../Core/Src/telnet.c" -mcpu=cortex-m7 -std=gnu17 -g3 -DDEBUG -DUSE_HAL_DRIVER -DSTM32F767xx -DSTM32_THREAD_SAFE_STRATEGY=4 -c -I../Core/Inc -I../Drivers/STM32F7xx_HAL_Driver/Inc -I../Drivers/STM32F7xx_HAL_Driver/Inc/Legacy -I../Drivers/CMSIS/Device/ST/STM32F7xx/Include -I../Drivers/CMSIS/Include -I../LWIP/App -I../LWIP/Target -I../Middlewares/Third_Party/LwIP/src/include -I../Middlewares/Third_Party/LwIP/system -I../Middlewares/Third_Party/LwIP/src/include/netif/ppp -I../Middlewares/Third_Party/LwIP/src/include/lwip -I../Middlewares/Third_Party/LwIP/src/include/lwip/apps -I../Middlewares/Third_Party/LwIP/src/include/lwip/priv -I../Middlewares/Third_Party/LwIP/src/include/lwip/prot -I../Middlewares/Third_Party/LwIP/src/include/netif -I../Middlewares/Third_Party/LwIP/src/include/compat/posix -I../Middlewares/Third_Party/LwIP/src/include/compat/posix/arpa -I../Middlewares/Third_Party/LwIP/src/include/compat/posix/net -I../Middlewares/Third_Party/LwIP/src/include/compat/posix/sys -I../Middlewares/Third_Party/LwIP/src/include/compat/stdc -I../Middlewares/Third_Party/LwIP/system/arch -I../Middlewares/Third_Party/FreeRTOS/Source/include -I../Middlewares/Third_Party/FreeRTOS/Source/CMSIS_RTOS -I../Middlewares/Third_Party/FreeRTOS/Source/portable/GCC/ARM_CM7/r0p1 -I../Core/ThreadSafe -O0 -ffunction-sections -fdata-sections -Wall -fstack-usage -MMD -MP -MF"Core/Src/telnet.d" -MT"Core/Src/telnet.o" --specs=nano.specs -mfpu=fpv5-d16 -mfloat-abi=hard -mthumb -o "Core/Src/telnet.o"
arm-none-eabi-gcc -o "LWIP_F767ZI.elf" @"objects.list"   -mcpu=cortex-m7 -T"/Users/adityasehgal/Documents/GitHub/Learn_STM32/LWIP_F767ZI/STM32F767ZITX_FLASH.ld" --specs=nosys.specs -Wl,-Map="LWIP_F767ZI.map" -Wl,--gc-sections -static --specs=nano.specs -mfpu=fpv5-d16 -mfloat-abi=hard -mthumb -Wl,--start-group -lc -lm -Wl,--end-group
Finished building target: LWIP_F767ZI.elf
 
arm-none-eabi-size   LWIP_F767ZI.elf 
arm-none-eabi-objdump -h -S  LWIP_F767ZI.elf  > "LWIP_F767ZI.list"
arm-none-eabi-objcopy  -O binary  LWIP_F767ZI.elf  "LWIP_F767ZI.bin"
   text	   data	    bss	    dec	    hex	filename
 120464	    140	  46836	 167440	  28e10	LWIP_F767ZI.elf
Finished building: default.size.stdout
 
Finished building: LWIP_F767ZI.bin
 
Finished building: LWIP_F767ZI.list
 
18:19:33 **** Incremental Build of configuration Debug for project LWIP_F767ZI ****
make -j7 all 
arm-none-eabi-gcc "../Core/Src/telnet.c" -mcpu=cortex-m7 -std=gnu17 -g3 -DDEBUG -DUSE_HAL_DRIVER -DSTM32F767xx -DSTM32_THREAD_SAFE_STRATEGY=4 -c -I../Core/Inc -I../Drivers/STM32F7xx_HAL_Driver/Inc -I../Drivers/STM32F7xx_HAL_Driver/Inc/Legacy -I../Drivers/CMSIS/Device/ST/STM32F7xx/Include -I../Drivers/CMSIS/Include -I../LWIP/App -I../LWIP/Target -I../Middlewares/Third_Party/LwIP/src/include -I../Middlewares/Third_Party/LwIP/system -I../Middlewares/Third_Party/LwIP/src/include/netif/ppp -I../Middlewares/Third_Party/LwIP/src/include/lwip -I../Middlewares/Third_Party/LwIP/src/include/lwip/apps -I../Middlewares/Third_Party/LwIP/src/include/lwip/priv -I../Middlewares/Third_Party/LwIP/src/include/lwip/prot -I../Middlewares/Third_Party/LwIP/src/include/netif -I../Middlewares/Third_Party/LwIP/src/include/compat/posix -I../Middlewares/Third_Party/LwIP/src/include/compat/posix/arpa -I../Middlewares/Third_Party/LwIP/src/include/compat/posix/net -I../Middlewares/Third_Party/LwIP/src/include/compat/posix/sys -I../Middlewares/Third_Party/LwIP/src/include/compat/stdc -I../Middlewares/Third_Party/LwIP/system/arch -I../Middlewares/Third_Party/FreeRTOS/Source/include -I../Middlewares/Third_Party/FreeRTOS/Source/CMSIS_RTOS -I../Middlewares/Third_Party/FreeRTOS/Source/portable/GCC/ARM_CM7/r0p1 -I../Core/ThreadSafe -O0 -ffunction-sections -fdata-sections -Wall -fstack-usage -MMD -MP -MF"Core/Src/telnet.d" -MT"Core/Src/telnet.o" --specs=nano.specs -mfpu=fpv5-d16 -mfloat-abi=hard -mthumb -o "Core/Src/telnet.o"
arm-none-eabi-gcc -o "LWIP_F767ZI.elf" @"objects.list"   -mcpu=cortex-m7 -T"/Users/adityasehgal/Documents/GitHub/Learn_STM32/LWIP_F767ZI/STM32F767ZITX_FLASH.ld" --specs=nosys.specs -Wl,-Map="LWIP_F767ZI.map" -Wl,--gc-sections -static --specs=nano.specs -mfpu=fpv5-d16 -mfloat-abi=hard -mthumb -Wl,--start-group -lc -lm -Wl,--end-group
Finished building target: LWIP_F767ZI.elf
 
arm-none-eabi-size   LWIP_F767ZI.elf 
arm-none-eabi-objdump -h -S  LWIP_F767ZI.elf  > "LWIP_F767ZI.list"
arm-none-eabi-objcopy  -O binary  LWIP_F767ZI.elf  "LWIP_F767ZI.bin"
   text	   data	    bss	    dec	    hex	filename
 120464	    140	  46836	 167440	  28e10	LWIP_F767ZI.elf
Finished building: default.size.stdout
 
Finished building: LWIP_F767ZI.bin
 
Finished building: LWIP_F767ZI.list
 
